<html>
<body>
<pre>
<h1>µVision Build Log</h1>
<h2>Tool Versions:</h2>
IDE-Version: ¦ÌVision V5.43.1.0
Copyright (C) 2025 ARM Ltd and ARM Germany GmbH. All rights reserved.
License Information: dfgae areherr, areher, LIC=8VRJ7-E48JK-NN1AF-6M7SU-5XIRH-0JU8C
 
Tool Versions:
Toolchain:       MDK-ARM Plus  Version: 5.43.0.0
Toolchain Path:  F:\software\keil5\keil\ARM\ARMCC\Bin
C Compiler:      Armcc.exe V5.06 update 7 (build 960)
Assembler:       Armasm.exe V5.06 update 7 (build 960)
Linker/Locator:  ArmLink.exe V5.06 update 7 (build 960)
Library Manager: ArmAr.exe V5.06 update 7 (build 960)
Hex Converter:   FromElf.exe V5.06 update 7 (build 960)
CPU DLL:         SARMCM3.DLL V5.43.0.0
Dialog DLL:      DCM.DLL V1.17.5.0
Target DLL:      CMSIS_AGDI.dll V1.33.24.0
Dialog DLL:      TCM.DLL V1.56.6.0
 
<h2>Project:</h2>
F:\project\PR262\GD32F30x\2HALL_BLDC_Ctl\2HALL_BLDC_Ctl\MDK-ARM\GD32303C_EVAL.uvprojx
Project File Date:  05/29/2026

<h2>Output:</h2>
*** Using Compiler 'V5.06 update 7 (build 960)', folder: 'F:\software\keil5\keil\ARM\ARMCC\Bin'
Build target 'GD32F303C_EVAL'
compiling main.c...
linking...
Program Size: Code=13100 RO-data=368 RW-data=204 ZI-data=25116  
FromELF: creating hex file...
".\output\Project.axf" - 0 Error(s), 0 Warning(s).

<h2>Software Packages used:</h2>

Package Vendor: ARM
                https://www.keil.com/pack/ARM.CMSIS.6.3.0.pack
                ARM::CMSIS@6.3.0
                CMSIS (Common Microcontroller Software Interface Standard)
   * Component: CORE Version: 6.2.0

Package Vendor: GigaDevice
                https://gd32mcu.com/data/documents/pack/GigaDevice.GD32F30x_DFP.2.6.0.pack
                GigaDevice::GD32F30x_DFP@2.6.0
                GigaDevice GD32F30x Series Device Support and Examples

<h2>Collection of Component include folders:</h2>
  ./RTE/_GD32F303C_EVAL
  F:/software/keil5/package/ARM/CMSIS/6.3.0/CMSIS/Core/Include
  F:/software/keil5/package/GigaDevice/GD32F30x_DFP/2.6.0/Device/Include

<h2>Collection of Component Files used:</h2>

   * Component: ARM::CMSIS:CORE@6.2.0
Build Time Elapsed:  00:00:01
</pre>
</body>
</html>
