Component: ARM Compiler 5.06 update 7 (build 960) Tool: armlink [4d3601]

==============================================================================

Section Cross References

    main.o(i.main) refers to systick.o(i.systick_config) for systick_config
    main.o(i.main) refers to gpio.o(i.gpio_config) for gpio_config
    main.o(i.main) refers to uart.o(i.Uart_Init) for Uart_Init
    main.o(i.main) refers to adc_timer.o(i.hall_adc_timer_init) for hall_adc_timer_init
    main.o(i.main) refers to adc.o(i.adc_config_init) for adc_config_init
    main.o(i.main) refers to automatic_calibration.o(i.hall_calibration_start) for hall_calibration_start
    main.o(i.main) refers to get_angle_from_hall.o(i.Sensor_angle_unwrapper_init) for Sensor_angle_unwrapper_init
    main.o(i.main) refers to timer.o(i.Moto0_U_Enable) for Moto0_U_Enable
    main.o(i.main) refers to systick.o(i.delay_1ms) for delay_1ms
    main.o(i.main) refers to timer.o(i.timer_config_init) for timer_config_init
    main.o(i.main) refers to foc.o(i.DFOC_Vbus) for DFOC_Vbus
    main.o(i.main) refers to foc.o(i.DFOC_M0_SET_VEL_PID) for DFOC_M0_SET_VEL_PID
    main.o(i.main) refers to average_filter.o(i.moving_avg_init) for moving_avg_init
    main.o(i.main) refers to printfa.o(i.__0printf) for __2printf
    main.o(i.main) refers to foc.o(i.DFOC_M0_setVelocity) for DFOC_M0_setVelocity
    main.o(i.main) refers to automatic_calibration.o(.bss) for g_Hall_A_Cal
    main.o(i.main) refers to foc.o(.bss) for S0
    main.o(i.main) refers to main.o(.bss) for Hall_A_Val
    main.o(i.main) refers to uart.o(.data) for rx_counter
    main.o(i.main) refers to uart.o(.bss) for rx_buffer
    main.o(i.main) refers to main.o(.data) for g_start_flag
    main.o(i.main) refers to gd32f30x_it.o(.data) for dma_transfer_complete
    main.o(i.main) refers to adc.o(.data) for adc_value
    gd32f30x_it.o(i.DMA0_Channel0_IRQHandler) refers to gd32f30x_dma.o(i.dma_interrupt_flag_get) for dma_interrupt_flag_get
    gd32f30x_it.o(i.DMA0_Channel0_IRQHandler) refers to gd32f30x_dma.o(i.dma_interrupt_flag_clear) for dma_interrupt_flag_clear
    gd32f30x_it.o(i.DMA0_Channel0_IRQHandler) refers to gd32f30x_it.o(.data) for dma_transfer_complete
    gd32f30x_it.o(i.SysTick_Handler) refers to systick.o(i.delay_decrement) for delay_decrement
    gd32f30x_it.o(i.SysTick_Handler) refers to systick.o(.data) for sysTickUptime
    gd32f30x_it.o(i.USART0_IRQHandler) refers to gd32f30x_usart.o(i.usart_interrupt_flag_get) for usart_interrupt_flag_get
    gd32f30x_it.o(i.USART0_IRQHandler) refers to gd32f30x_usart.o(i.usart_data_receive) for usart_data_receive
    gd32f30x_it.o(i.USART0_IRQHandler) refers to gd32f30x_usart.o(i.usart_interrupt_flag_clear) for usart_interrupt_flag_clear
    gd32f30x_it.o(i.USART0_IRQHandler) refers to uart.o(.data) for rx_counter
    gd32f30x_it.o(i.USART0_IRQHandler) refers to uart.o(.bss) for rx_buffer
    systick.o(i._micros) refers to uldiv.o(.text) for __aeabi_uldivmod
    systick.o(i._micros) refers to systick.o(.data) for sysTickUptime
    systick.o(i._micros) refers to system_gd32f30x.o(.data) for SystemCoreClock
    systick.o(i.delay_1ms) refers to systick.o(.data) for delay
    systick.o(i.delay_decrement) refers to systick.o(.data) for delay
    systick.o(i.systick_config) refers to systick.o(i.NVIC_SetPriority) for NVIC_SetPriority
    systick.o(i.systick_config) refers to system_gd32f30x.o(.data) for SystemCoreClock
    gpio.o(i.gpio_config) refers to gd32f30x_rcu.o(i.rcu_periph_clock_enable) for rcu_periph_clock_enable
    gpio.o(i.gpio_config) refers to gd32f30x_gpio.o(i.gpio_init) for gpio_init
    timer.o(i.Moto0_UV_Run) refers to timer.o(i.Moto0_U_Enable) for Moto0_U_Enable
    timer.o(i.Moto0_UV_Run) refers to timer.o(i.Moto0_U_Set_Val) for Moto0_U_Set_Val
    timer.o(i.Moto0_UV_Run) refers to timer.o(i.Moto0_V_Enable) for Moto0_V_Enable
    timer.o(i.Moto0_UV_Run) refers to timer.o(i.Moto0_V_Set_Val) for Moto0_V_Set_Val
    timer.o(i.Moto0_UV_Run) refers to timer.o(i.Moto0_W_Disable) for Moto0_W_Disable
    timer.o(i.Moto0_UV_Run) refers to timer.o(i.Moto0_W_Set_Val) for Moto0_W_Set_Val
    timer.o(i.Moto0_UW_Run) refers to timer.o(i.Moto0_U_Enable) for Moto0_U_Enable
    timer.o(i.Moto0_UW_Run) refers to timer.o(i.Moto0_U_Set_Val) for Moto0_U_Set_Val
    timer.o(i.Moto0_UW_Run) refers to timer.o(i.Moto0_W_Enable) for Moto0_W_Enable
    timer.o(i.Moto0_UW_Run) refers to timer.o(i.Moto0_W_Set_Val) for Moto0_W_Set_Val
    timer.o(i.Moto0_UW_Run) refers to timer.o(i.Moto0_V_Disable) for Moto0_V_Disable
    timer.o(i.Moto0_UW_Run) refers to timer.o(i.Moto0_V_Set_Val) for Moto0_V_Set_Val
    timer.o(i.Moto0_U_Set_Val) refers to gd32f30x_timer.o(i.timer_channel_output_pulse_value_config) for timer_channel_output_pulse_value_config
    timer.o(i.Moto0_VU_Run) refers to timer.o(i.Moto0_V_Enable) for Moto0_V_Enable
    timer.o(i.Moto0_VU_Run) refers to timer.o(i.Moto0_V_Set_Val) for Moto0_V_Set_Val
[...]
    ..\..\GD32F30x_Firmware_Library\GD32F30x_standard_peripheral\Source\gd32f30x_adc.c 0x00000000   Number         0  gd32f30x_adc.o ABSOLUTE
    ..\..\GD32F30x_Firmware_Library\GD32F30x_standard_peripheral\Source\gd32f30x_bkp.c 0x00000000   Number         0  gd32f30x_bkp.o ABSOLUTE
    ..\..\GD32F30x_Firmware_Library\GD32F30x_standard_peripheral\Source\gd32f30x_can.c 0x00000000   Number         0  gd32f30x_can.o ABSOLUTE
    ..\..\GD32F30x_Firmware_Library\GD32F30x_standard_peripheral\Source\gd32f30x_crc.c 0x00000000   Number         0  gd32f30x_crc.o ABSOLUTE
    ..\..\GD32F30x_Firmware_Library\GD32F30x_standard_peripheral\Source\gd32f30x_ctc.c 0x00000000   Number         0  gd32f30x_ctc.o ABSOLUTE
    ..\..\GD32F30x_Firmware_Library\GD32F30x_standard_peripheral\Source\gd32f30x_dac.c 0x00000000   Number         0  gd32f30x_dac.o ABSOLUTE
    ..\..\GD32F30x_Firmware_Library\GD32F30x_standard_peripheral\Source\gd32f30x_dbg.c 0x00000000   Number         0  gd32f30x_dbg.o ABSOLUTE
    ..\..\GD32F30x_Firmware_Library\GD32F30x_standard_peripheral\Source\gd32f30x_dma.c 0x00000000   Number         0  gd32f30x_dma.o ABSOLUTE
    ..\..\GD32F30x_Firmware_Library\GD32F30x_standard_peripheral\Source\gd32f30x_enet.c 0x00000000   Number         0  gd32f30x_enet.o ABSOLUTE
    ..\..\GD32F30x_Firmware_Library\GD32F30x_standard_peripheral\Source\gd32f30x_exmc.c 0x00000000   Number         0  gd32f30x_exmc.o ABSOLUTE
    ..\..\GD32F30x_Firmware_Library\GD32F30x_standard_peripheral\Source\gd32f30x_exti.c 0x00000000   Number         0  gd32f30x_exti.o ABSOLUTE
    ..\..\GD32F30x_Firmware_Library\GD32F30x_standard_peripheral\Source\gd32f30x_fmc.c 0x00000000   Number         0  gd32f30x_fmc.o ABSOLUTE
    ..\..\GD32F30x_Firmware_Library\GD32F30x_standard_peripheral\Source\gd32f30x_fwdgt.c 0x00000000   Number         0  gd32f30x_fwdgt.o ABSOLUTE
    ..\..\GD32F30x_Firmware_Library\GD32F30x_standard_peripheral\Source\gd32f30x_gpio.c 0x00000000   Number         0  gd32f30x_gpio.o ABSOLUTE
    ..\..\GD32F30x_Firmware_Library\GD32F30x_standard_peripheral\Source\gd32f30x_i2c.c 0x00000000   Number         0  gd32f30x_i2c.o ABSOLUTE
    ..\..\GD32F30x_Firmware_Library\GD32F30x_standard_peripheral\Source\gd32f30x_misc.c 0x00000000   Number         0  gd32f30x_misc.o ABSOLUTE
    ..\..\GD32F30x_Firmware_Library\GD32F30x_standard_peripheral\Source\gd32f30x_pmu.c 0x00000000   Number         0  gd32f30x_pmu.o ABSOLUTE
    ..\..\GD32F30x_Firmware_Library\GD32F30x_standard_peripheral\Source\gd32f30x_rcu.c 0x00000000   Number         0  gd32f30x_rcu.o ABSOLUTE
    ..\..\GD32F30x_Firmware_Library\GD32F30x_standard_peripheral\Source\gd32f30x_rtc.c 0x00000000   Number         0  gd32f30x_rtc.o ABSOLUTE
    ..\..\GD32F30x_Firmware_Library\GD32F30x_standard_peripheral\Source\gd32f30x_sdio.c 0x00000000   Number         0  gd32f30x_sdio.o ABSOLUTE
    ..\..\GD32F30x_Firmware_Library\GD32F30x_standard_peripheral\Source\gd32f30x_spi.c 0x00000000   Number         0  gd32f30x_spi.o ABSOLUTE
    ..\..\GD32F30x_Firmware_Library\GD32F30x_standard_peripheral\Source\gd32f30x_timer.c 0x00000000   Number         0  gd32f30x_timer.o ABSOLUTE
    ..\..\GD32F30x_Firmware_Library\GD32F30x_standard_peripheral\Source\gd32f30x_usart.c 0x00000000   Number         0  gd32f30x_usart.o ABSOLUTE
    ..\..\GD32F30x_Firmware_Library\GD32F30x_standard_peripheral\Source\gd32f30x_wwdgt.c 0x00000000   Number         0  gd32f30x_wwdgt.o ABSOLUTE
    ..\..\Utilities\gd32f303c_eval.c         0x00000000   Number         0  gd32f303c_eval.o ABSOLUTE
    ..\2HALL_120_FOC\adc.c                   0x00000000   Number         0  adc.o ABSOLUTE
    ..\2HALL_120_FOC\adc_timer.c             0x00000000   Number         0  adc_timer.o ABSOLUTE
    ..\2HALL_120_FOC\automatic_calibration.c 0x00000000   Number         0  automatic_calibration.o ABSOLUTE
    ..\2HALL_120_FOC\average_filter.c        0x00000000   Number         0  average_filter.o ABSOLUTE
    ..\2HALL_120_FOC\get_angle_from_hall.c   0x00000000   Number         0  get_angle_from_hall.o ABSOLUTE
    ..\AS5600_FOC\as5600_i2c.c               0x00000000   Number         0  as5600_i2c.o ABSOLUTE
    ..\AS5600_FOC\foc.c                      0x00000000   Number         0  foc.o ABSOLUTE
    ..\AS5600_FOC\lowpass_filter.c           0x00000000   Number         0  lowpass_filter.o ABSOLUTE
    ..\AS5600_FOC\pid.c                      0x00000000   Number         0  pid.o ABSOLUTE
    ..\AS5600_FOC\sensor_angle_update.c      0x00000000   Number         0  sensor_angle_update.o ABSOLUTE
    ..\\..\\GD32F30x_Firmware_Library\\CMSIS\\GD\\GD32F30x\\Source\\system_gd32f30x.c 0x00000000   Number         0  system_gd32f30x.o ABSOLUTE
    ..\\..\\GD32F30x_Firmware_Library\\GD32F30x_standard_peripheral\\Source\\gd32f30x_adc.c 0x00000000   Number         0  gd32f30x_adc.o ABSOLUTE
    ..\\..\\GD32F30x_Firmware_Library\\GD32F30x_standard_peripheral\\Source\\gd32f30x_bkp.c 0x00000000   Number         0  gd32f30x_bkp.o ABSOLUTE
    ..\\..\\GD32F30x_Firmware_Library\\GD32F30x_standard_peripheral\\Source\\gd32f30x_can.c 0x00000000   Number         0  gd32f30x_can.o ABSOLUTE
    ..\\..\\GD32F30x_Firmware_Library\\GD32F30x_standard_peripheral\\Source\\gd32f30x_crc.c 0x00000000   Number         0  gd32f30x_crc.o ABSOLUTE
    ..\\..\\GD32F30x_Firmware_Library\\GD32F30x_standard_peripheral\\Source\\gd32f30x_ctc.c 0x00000000   Number         0  gd32f30x_ctc.o ABSOLUTE
    ..\\..\\GD32F30x_Firmware_Library\\GD32F30x_standard_peripheral\\Source\\gd32f30x_dac.c 0x00000000   Number         0  gd32f30x_dac.o ABSOLUTE
    ..\\..\\GD32F30x_Firmware_Library\\GD32F30x_standard_peripheral\\Source\\gd32f30x_dbg.c 0x00000000   Number         0  gd32f30x_dbg.o ABSOLUTE
    ..\\..\\GD32F30x_Firmware_Library\\GD32F30x_standard_peripheral\\Source\\gd32f30x_dma.c 0x00000000   Number         0  gd32f30x_dma.o ABSOLUTE
    ..\\..\\GD32F30x_Firmware_Library\\GD32F30x_standard_peripheral\\Source\\gd32f30x_enet.c 0x00000000   Number         0  gd32f30x_enet.o ABSOLUTE
    ..\\..\\GD32F30x_Firmware_Library\\GD32F30x_standard_peripheral\\Source\\gd32f30x_exmc.c 0x00000000   Number         0  gd32f30x_exmc.o ABSOLUTE
    ..\\..\\GD32F30x_Firmware_Library\\GD32F30x_standard_peripheral\\Source\\gd32f30x_exti.c 0x00000000   Number         0  gd32f30x_exti.o ABSOLUTE
    ..\\..\\GD32F30x_Firmware_Library\\GD32F30x_standard_peripheral\\Source\\gd32f30x_fmc.c 0x00000000   Number         0  gd32f30x_fmc.o ABSOLUTE
    ..\\..\\GD32F30x_Firmware_Library\\GD32F30x_standard_peripheral\\Source\\gd32f30x_fwdgt.c 0x00000000   Number         0  gd32f30x_fwdgt.o ABSOLUTE
    ..\\..\\GD32F30x_Firmware_Library\\GD32F30x_standard_peripheral\\Source\\gd32f30x_gpio.c 0x00000000   Number         0  gd32f30x_gpio.o ABSOLUTE
    ..\\..\\GD32F30x_Firmware_Library\\GD32F30x_standard_peripheral\\Source\\gd32f30x_i2c.c 0x00000000   Number         0  gd32f30x_i2c.o ABSOLUTE
    ..\\..\\GD32F30x_Firmware_Library\\GD32F30x_standard_peripheral\\Source\\gd32f30x_misc.c 0x00000000   Number         0  gd32f30x_misc.o ABSOLUTE
    ..\\..\\GD32F30x_Firmware_Library\\GD32F30x_standard_peripheral\\Source\\gd32f30x_pmu.c 0x00000000   Number         0  gd32f30x_pmu.o ABSOLUTE
    ..\\..\\GD32F30x_Firmware_Library\\GD32F30x_standard_peripheral\\Source\\gd32f30x_rcu.c 0x00000000   Number         0  gd32f30x_rcu.o ABSOLUTE
    ..\\..\\GD32F30x_Firmware_Library\\GD32F30x_standard_peripheral\\Source\\gd32f30x_rtc.c 0x00000000   Number         0  gd32f30x_rtc.o ABSOLUTE
    ..\\..\\GD32F30x_Firmware_Library\\GD32F30x_standard_peripheral\\Source\\gd32f30x_sdio.c 0x00000000   Number         0  gd32f30x_sdio.o ABSOLUTE
    ..\\..\\GD32F30x_Firmware_Library\\GD32F30x_standard_peripheral\\Source\\gd32f30x_spi.c 0x00000000   Number         0  gd32f30x_spi.o ABSOLUTE
    ..\\..\\GD32F30x_Firmware_Library\\GD32F30x_standard_peripheral\\Source\\gd32f30x_timer.c 0x00000000   Number         0  gd32f30x_timer.o ABSOLUTE
    ..\\..\\GD32F30x_Firmware_Library\\GD32F30x_standard_peripheral\\Source\\gd32f30x_usart.c 0x00000000   Number         0  gd32f30x_usart.o ABSOLUTE
    ..\\..\\GD32F30x_Firmware_Library\\GD32F30x_standard_peripheral\\Source\\gd32f30x_wwdgt.c 0x00000000   Number         0  gd32f30x_wwdgt.o ABSOLUTE
    ..\\..\\Utilities\\gd32f303c_eval.c      0x00000000   Number         0  gd32f303c_eval.o ABSOLUTE
    ..\\2HALL_120_FOC\\adc.c                 0x00000000   Number         0  adc.o ABSOLUTE
    ..\\2HALL_120_FOC\\adc_timer.c           0x00000000   Number         0  adc_timer.o ABSOLUTE
    ..\\2HALL_120_FOC\\automatic_calibration.c 0x00000000   Number         0  automatic_calibration.o ABSOLUTE
    ..\\2HALL_120_FOC\\average_filter.c      0x00000000   Number         0  average_filter.o ABSOLUTE
    ..\\2HALL_120_FOC\\get_angle_from_hall.c 0x00000000   Number         0  get_angle_from_hall.o ABSOLUTE
    ..\\AS5600_FOC\\as5600_i2c.c             0x00000000   Number         0  as5600_i2c.o ABSOLUTE
    ..\\AS5600_FOC\\foc.c                    0x00000000   Number         0  foc.o ABSOLUTE
    ..\\AS5600_FOC\\lowpass_filter.c         0x00000000   Number         0  lowpass_filter.o ABSOLUTE
    ..\\AS5600_FOC\\pid.c                    0x00000000   Number         0  pid.o ABSOLUTE
    ..\\AS5600_FOC\\sensor_angle_update.c    0x00000000   Number         0  sensor_angle_update.o ABSOLUTE
    ..\\debug_print_log.c                    0x00000000   Number         0  debug_print_log.o ABSOLUTE
    ..\\gd32f30x_it.c                        0x00000000   Number         0  gd32f30x_it.o ABSOLUTE
    ..\\gpio.c                               0x00000000   Number         0  gpio.o ABSOLUTE
    ..\\main.c                               0x00000000   Number         0  main.o ABSOLUTE
    ..\\systick.c                            0x00000000   Number         0  systick.o ABSOLUTE
    ..\\timer.c                              0x00000000   Number         0  timer.o ABSOLUTE
    ..\\uart.c                               0x00000000   Number         0  uart.o ABSOLUTE
    ..\debug_print_log.c                     0x00000000   Number         0  debug_print_log.o ABSOLUTE
    ..\gd32f30x_it.c                         0x00000000   Number         0  gd32f30x_it.o ABSOLUTE
    ..\gpio.c                                0x00000000   Number         0  gpio.o ABSOLUTE
    ..\main.c                                0x00000000   Number         0  main.o ABSOLUTE
    ..\systick.c                             0x00000000   Number         0  systick.o ABSOLUTE
    ..\timer.c                               0x00000000   Number         0  timer.o ABSOLUTE
    ..\uart.c                                0x00000000   Number         0  uart.o ABSOLUTE
    cdrcmple.s                               0x00000000   Number         0  cdrcmple.o ABSOLUTE
    dc.s                                     0x00000000   Number         0  dc.o ABSOLUTE
    handlers.s                               0x00000000   Number         0  handlers.o ABSOLUTE
    init.s                                   0x00000000   Number         0  init.o ABSOLUTE
    RESET                                    0x08000000   Section      304  startup_gd32f30x_hd.o(RESET)
    .ARM.Collect$$$$00000000                 0x08000130   Section        0  entry.o(.ARM.Collect$$$$00000000)
    .ARM.Collect$$$$00000001                 0x08000130   Section        4  entry2.o(.ARM.Collect$$$$00000001)
    .ARM.Collect$$$$00000004                 0x08000134   Section        4  entry5.o(.ARM.Collect$$$$00000004)
    .ARM.Collect$$$$00000008                 0x08000138   Section        0  entry7b.o(.ARM.Collect$$$$00000008)
    .ARM.Collect$$$$0000000A                 0x08000138   Section        0  entry8b.o(.ARM.Collect$$$$0000000A)
    .ARM.Collect$$$$0000000B                 0x08000138   Section        8  entry9a.o(.ARM.Collect$$$$0000000B)
    .ARM.Collect$$$$0000000E                 0x08000140   Section        4  entry12b.o(.ARM.Collect$$$$0000000E)
    .ARM.Collect$$$$0000000F                 0x08000144   Section        0  entry10a.o(.ARM.Collect$$$$0000000F)
    .ARM.Collect$$$$00000011                 0x08000144   Section        0  entry11a.o(.ARM.Collect$$$$00000011)
    .ARM.Collect$$$$00002712                 0x08000144   Section        4  entry2.o(.ARM.Collect$$$$00002712)
    __lit__00000000                          0x08000144   Data           4  entry2.o(.ARM.Collect$$$$00002712)
    .text                                    0x08000148   Section       36  startup_gd32f30x_hd.o(.text)
    $v0                                      0x08000148   Number         0  startup_gd32f30x_hd.o(.text)
    .text                                    0x0800016c   Section        0  uldiv.o(.text)
    .text                                    0x080001ce   Section        0  f2d.o(.text)
    .text                                    0x080001f4   Section        0  uidiv.o(.text)
    .text                                    0x08000220   Section        0  llshl.o(.text)
    .text                                    0x0800023e   Section        0  llushr.o(.text)
    .text                                    0x0800025e   Section        0  fepilogue.o(.text)
    .text                                    0x0800025e   Section        0  iusefp.o(.text)
    .text                                    0x080002cc   Section        0  frem.o(.text)
    .text                                    0x0800031e   Section        0  dadd.o(.text)
    .text                                    0x0800046c   Section        0  dmul.o(.text)
    .text                                    0x08000550   Section        0  ddiv.o(.text)
    .text                                    0x0800062e   Section        0  dfixul.o(.text)
    .text                                    0x08000660   Section       48  cdrcmple.o(.text)
    .text                                    0x08000690   Section       36  init.o(.text)
    .text                                    0x080006b4   Section        0  llsshr.o(.text)
    .text                                    0x080006d8   Section        0  depilogue.o(.text)
    i.BusFault_Handler                       0x08000792   Section        0  gd32f30x_it.o(i.BusFault_Handler)
    i.DFOC_M0_SET_VEL_PID                    0x08000798   Section        0  foc.o(i.DFOC_M0_SET_VEL_PID)
    i.DFOC_M0_VEL_PID                        0x080007b0   Section        0  foc.o(i.DFOC_M0_VEL_PID)
    i.DFOC_M0_Velocity                       0x080007d0   Section        0  foc.o(i.DFOC_M0_Velocity)
    i.DFOC_M0_setVelocity                    0x08000840   Section        0  foc.o(i.DFOC_M0_setVelocity)
    i.DFOC_Vbus                              0x080008d4   Section        0  foc.o(i.DFOC_Vbus)
    i.DMA0_Channel0_IRQHandler               0x0800096c   Section        0  gd32f30x_it.o(i.DMA0_Channel0_IRQHandler)
    i.DebugMon_Handler                       0x08000994   Section        0  gd32f30x_it.o(i.DebugMon_Handler)
    i.DebugPrint_log                         0x08000998   Section        0  debug_print_log.o(i.DebugPrint_log)
    i.Elect_Angle_Conversion_Mechanical_Angle 0x08000a10   Section        0  get_angle_from_hall.o(i.Elect_Angle_Conversion_Mechanical_Angle)
    i.Hall_Sensor_Init                       0x08000b74   Section        0  sensor_angle_update.o(i.Hall_Sensor_Init)
    i.HardFault_Handler                      0x08000c44   Section        0  gd32f30x_it.o(i.HardFault_Handler)
    i.LowPassFilter_Init                     0x08000c48   Section        0  lowpass_filter.o(i.LowPassFilter_Init)
    i.LowPassFilter_Update                   0x08000c70   Section        0  lowpass_filter.o(i.LowPassFilter_Update)
    i.MemManage_Handler                      0x08000d20   Section        0  gd32f30x_it.o(i.MemManage_Handler)
    i.Moto0_U_Enable                         0x08000d24   Section        0  timer.o(i.Moto0_U_Enable)
    i.Moto1_U_Set_Val                        0x08000d30   Section        0  timer.o(i.Moto1_U_Set_Val)
    i.Moto1_V_Set_Val                        0x08000d40   Section        0  timer.o(i.Moto1_V_Set_Val)
    i.Moto1_W_Set_Val                        0x08000d50   Section        0  timer.o(i.Moto1_W_Set_Val)
    i.NMI_Handler                            0x08000d62   Section        0  gd32f30x_it.o(i.NMI_Handler)
    i.NVIC_SetPriority                       0x08000d64   Section        0  systick.o(i.NVIC_SetPriority)
    NVIC_SetPriority                         0x08000d65   Thumb Code    32  systick.o(i.NVIC_SetPriority)
    i.PIDController_Init                     0x08000d8c   Section        0  pid.o(i.PIDController_Init)
    i.PIDController_Update                   0x08000de4   Section        0  pid.o(i.PIDController_Update)
    i.PendSV_Handler                         0x08000f88   Section        0  gd32f30x_it.o(i.PendSV_Handler)
    i.RecordPrintLog                         0x08000f8c   Section        0  debug_print_log.o(i.RecordPrintLog)
    i.SVC_Handler                            0x0800107c   Section        0  gd32f30x_it.o(i.SVC_Handler)
    i.Sensor_Angle_SensorInit                0x0800107e   Section        0  sensor_angle_update.o(i.Sensor_Angle_SensorInit)
    i.Sensor_BLDC_GetElectricityAngle        0x080010aa   Section        0  sensor_angle_update.o(i.Sensor_BLDC_GetElectricityAngle)
    i.Sensor_BLDC_GetVelocity                0x080010b0   Section        0  sensor_angle_update.o(i.Sensor_BLDC_GetVelocity)
    i.Sensor_BLDC_Update                     0x080011bc   Section        0  sensor_angle_update.o(i.Sensor_BLDC_Update)
    i.Sensor_Para_Init                       0x08001230   Section        0  sensor_angle_update.o(i.Sensor_Para_Init)
    i.Sensor_angle_unwrapper_init            0x08001274   Section        0  get_angle_from_hall.o(i.Sensor_angle_unwrapper_init)
    i.SysTick_Handler                        0x08001284   Section        0  gd32f30x_it.o(i.SysTick_Handler)
    i.SystemInit                             0x0800129c   Section        0  system_gd32f30x.o(i.SystemInit)
    i.USART0_IRQHandler                      0x080013e4   Section        0  gd32f30x_it.o(i.USART0_IRQHandler)
    i.Uart_Init                              0x0800142c   Section        0  uart.o(i.Uart_Init)
    i.UsageFault_Handler                     0x08001450   Section        0  gd32f30x_it.o(i.UsageFault_Handler)
    i.__0printf                              0x08001454   Section        0  printfa.o(i.__0printf)
    i.__ARM_fpclassifyf                      0x08001474   Section        0  fpclassifyf.o(i.__ARM_fpclassifyf)
    i.__hardfp_atan2f                        0x0800149c   Section        0  atan2f.o(i.__hardfp_atan2f)
    i.__hardfp_cosf                          0x08001748   Section        0  cosf.o(i.__hardfp_cosf)
    i.__hardfp_fmodf                         0x08001898   Section        0  fmodf.o(i.__hardfp_fmodf)
    i.__hardfp_sinf                          0x08001948   Section        0  sinf.o(i.__hardfp_sinf)
    i.__hardfp_sqrtf                         0x08001ad8   Section        0  sqrtf.o(i.__hardfp_sqrtf)
    i.__mathlib_flt_infnan                   0x08001b12   Section        0  funder.o(i.__mathlib_flt_infnan)
    i.__mathlib_flt_infnan2                  0x08001b18   Section        0  funder.o(i.__mathlib_flt_infnan2)
    i.__mathlib_flt_invalid                  0x08001b20   Section        0  funder.o(i.__mathlib_flt_invalid)
    i.__mathlib_flt_underflow                0x08001b30   Section        0  funder.o(i.__mathlib_flt_underflow)
    i.__mathlib_rredf2                       0x08001b40   Section        0  rredf.o(i.__mathlib_rredf2)
    i.__scatterload_copy                     0x08001c94   Section       14  handlers.o(i.__scatterload_copy)
    i.__scatterload_null                     0x08001ca2   Section        2  handlers.o(i.__scatterload_null)
    i.__scatterload_zeroinit                 0x08001ca4   Section       14  handlers.o(i.__scatterload_zeroinit)
    i.__set_errno                            0x08001cb4   Section        0  errno.o(i.__set_errno)
    i._electricalAngle_speed                 0x08001cc0   Section        0  foc.o(i._electricalAngle_speed)
    i._fp_digits                             0x08001d14   Section        0  printfa.o(i._fp_digits)
    _fp_digits                               0x08001d15   Thumb Code   366  printfa.o(i._fp_digits)
    i._micros                                0x08001e98   Section        0  systick.o(i._micros)
    i._normalizeAngle_speed                  0x08001ef8   Section        0  foc.o(i._normalizeAngle_speed)
    i._printf_core                           0x08001f40   Section        0  printfa.o(i._printf_core)
    _printf_core                             0x08001f41   Thumb Code  1704  printfa.o(i._printf_core)
    i._printf_post_padding                   0x080025f4   Section        0  printfa.o(i._printf_post_padding)
    _printf_post_padding                     0x080025f5   Thumb Code    36  printfa.o(i._printf_post_padding)
    i._printf_pre_padding                    0x08002618   Section        0  printfa.o(i._printf_pre_padding)
    _printf_pre_padding                      0x08002619   Thumb Code    46  printfa.o(i._printf_pre_padding)
    i._soft_delay_                           0x08002646   Section        0  system_gd32f30x.o(i._soft_delay_)
    _soft_delay_                             0x08002647   Thumb Code    28  system_gd32f30x.o(i._soft_delay_)
    i.adc_calibration_enable                 0x08002662   Section        0  gd32f30x_adc.o(i.adc_calibration_enable)
    i.adc_channel_length_config              0x0800268c   Section        0  gd32f30x_adc.o(i.adc_channel_length_config)
    i.adc_config_init                        0x080026d4   Section        0  adc.o(i.adc_config_init)
    i.adc_data_alignment_config              0x080026f8   Section        0  gd32f30x_adc.o(i.adc_data_alignment_config)
    i.adc_deinit                             0x08002710   Section        0  gd32f30x_adc.o(i.adc_deinit)
    i.adc_dma_mode_enable                    0x08002768   Section        0  gd32f30x_adc.o(i.adc_dma_mode_enable)
    i.adc_enable                             0x08002772   Section        0  gd32f30x_adc.o(i.adc_enable)
    i.adc_external_trigger_config            0x08002784   Section        0  gd32f30x_adc.o(i.adc_external_trigger_config)
    i.adc_external_trigger_source_config     0x080027c2   Section        0  gd32f30x_adc.o(i.adc_external_trigger_source_config)
    i.adc_mode_config                        0x080027f4   Section        0  gd32f30x_adc.o(i.adc_mode_config)
    i.adc_regular_channel_config             0x08002810   Section        0  gd32f30x_adc.o(i.adc_regular_channel_config)
    i.adc_special_function_config            0x080028bc   Section        0  gd32f30x_adc.o(i.adc_special_function_config)
    i.angle_unwrapper_update                 0x08002918   Section        0  get_angle_from_hall.o(i.angle_unwrapper_update)
    i.delay_1ms                              0x08002974   Section        0  systick.o(i.delay_1ms)
    i.delay_decrement                        0x08002988   Section        0  systick.o(i.delay_decrement)
    i.dma_channel_enable                     0x080029a0   Section        0  gd32f30x_dma.o(i.dma_channel_enable)
    i.dma_circulation_enable                 0x080029d2   Section        0  gd32f30x_dma.o(i.dma_circulation_enable)
    i.dma_config                             0x08002a04   Section        0  adc.o(i.dma_config)
    i.dma_deinit                             0x08002a6c   Section        0  gd32f30x_dma.o(i.dma_deinit)
    i.dma_init                               0x08002adc   Section        0  gd32f30x_dma.o(i.dma_init)
    i.dma_interrupt_enable                   0x08002c0a   Section        0  gd32f30x_dma.o(i.dma_interrupt_enable)
    i.dma_interrupt_flag_clear               0x08002c3c   Section        0  gd32f30x_dma.o(i.dma_interrupt_flag_clear)
    i.dma_interrupt_flag_get                 0x08002c4c   Section        0  gd32f30x_dma.o(i.dma_interrupt_flag_get)
    i.dma_periph_and_channel_check           0x08002cd0   Section        0  gd32f30x_dma.o(i.dma_periph_and_channel_check)
    dma_periph_and_channel_check             0x08002cd1   Thumb Code    18  gd32f30x_dma.o(i.dma_periph_and_channel_check)
    i.fputc                                  0x08002ce8   Section        0  uart.o(i.fputc)
    i.gd_eval_com_init                       0x08002d0c   Section        0  gd32f303c_eval.o(i.gd_eval_com_init)
    i.get_angle_120deg                       0x08002da4   Section        0  get_angle_from_hall.o(i.get_angle_120deg)
    i.get_angle_from_120deg                  0x08002dc8   Section        0  get_angle_from_hall.o(i.get_angle_from_120deg)
    i.gpio_config                            0x08002edc   Section        0  gpio.o(i.gpio_config)
    i.gpio_init                              0x08002f2c   Section        0  gd32f30x_gpio.o(i.gpio_init)
    i.hall_adc_init                          0x08002fe8   Section        0  adc.o(i.hall_adc_init)
    i.hall_adc_timer_init                    0x080030d8   Section        0  adc_timer.o(i.hall_adc_timer_init)
    i.hall_calibration_apply                 0x08003128   Section        0  automatic_calibration.o(i.hall_calibration_apply)
    i.hall_calibration_start                 0x0800314c   Section        0  automatic_calibration.o(i.hall_calibration_start)
    i.main                                   0x080031d4   Section        0  main.o(i.main)
    i.moving_avg_init                        0x08003310   Section        0  average_filter.o(i.moving_avg_init)
    i.nvic_irq_enable                        0x08003334   Section        0  gd32f30x_misc.o(i.nvic_irq_enable)
    i.nvic_priority_group_set                0x080033f8   Section        0  gd32f30x_misc.o(i.nvic_priority_group_set)
    i.rcu_adc_clock_config                   0x0800340c   Section        0  gd32f30x_rcu.o(i.rcu_adc_clock_config)
    i.rcu_clock_freq_get                     0x08003478   Section        0  gd32f30x_rcu.o(i.rcu_clock_freq_get)
    i.rcu_periph_clock_enable                0x080035d0   Section        0  gd32f30x_rcu.o(i.rcu_periph_clock_enable)
    i.rcu_periph_reset_disable               0x080035f0   Section        0  gd32f30x_rcu.o(i.rcu_periph_reset_disable)
    i.rcu_periph_reset_enable                0x08003610   Section        0  gd32f30x_rcu.o(i.rcu_periph_reset_enable)
    i.setPwm_speed                           0x08003630   Section        0  foc.o(i.setPwm_speed)
    i.setTorque                              0x080037a8   Section        0  foc.o(i.setTorque)
    i.system_clock_120m_hxtal                0x080039a0   Section        0  system_gd32f30x.o(i.system_clock_120m_hxtal)
    system_clock_120m_hxtal                  0x080039a1   Thumb Code   266  system_gd32f30x.o(i.system_clock_120m_hxtal)
    i.system_clock_config                    0x08003abc   Section        0  system_gd32f30x.o(i.system_clock_config)
    system_clock_config                      0x08003abd   Thumb Code     8  system_gd32f30x.o(i.system_clock_config)
    i.systick_config                         0x08003ac4   Section        0  systick.o(i.systick_config)
    i.timer0_config                          0x08003b14   Section        0  timer.o(i.timer0_config)
    i.timer1_config                          0x08003c00   Section        0  timer.o(i.timer1_config)
    i.timer_auto_reload_shadow_enable        0x08003cf4   Section        0  gd32f30x_timer.o(i.timer_auto_reload_shadow_enable)
    i.timer_channel_output_config            0x08003d00   Section        0  gd32f30x_timer.o(i.timer_channel_output_config)
    i.timer_channel_output_mode_config       0x08003eec   Section        0  gd32f30x_timer.o(i.timer_channel_output_mode_config)
    i.timer_channel_output_pulse_value_config 0x08003f46   Section        0  gd32f30x_timer.o(i.timer_channel_output_pulse_value_config)
    i.timer_channel_output_shadow_config     0x08003f6c   Section        0  gd32f30x_timer.o(i.timer_channel_output_shadow_config)
    i.timer_config_init                      0x08003fc6   Section        0  timer.o(i.timer_config_init)
    i.timer_deinit                           0x08003fd4   Section        0  gd32f30x_timer.o(i.timer_deinit)
    i.timer_enable                           0x080040b0   Section        0  gd32f30x_timer.o(i.timer_enable)
    i.timer_init                             0x080040bc   Section        0  gd32f30x_timer.o(i.timer_init)
    i.timer_master_output_trigger_source_select 0x08004154   Section        0  gd32f30x_timer.o(i.timer_master_output_trigger_source_select)
    i.timer_primary_output_config            0x08004164   Section        0  gd32f30x_timer.o(i.timer_primary_output_config)
    i.timer_struct_para_init                 0x0800417c   Section        0  gd32f30x_timer.o(i.timer_struct_para_init)
    i.usart_baudrate_set                     0x08004194   Section        0  gd32f30x_usart.o(i.usart_baudrate_set)
    i.usart_data_receive                     0x08004224   Section        0  gd32f30x_usart.o(i.usart_data_receive)
    i.usart_data_transmit                    0x0800422e   Section        0  gd32f30x_usart.o(i.usart_data_transmit)
    i.usart_deinit                           0x08004238   Section        0  gd32f30x_usart.o(i.usart_deinit)
    i.usart_enable                           0x080042c8   Section        0  gd32f30x_usart.o(i.usart_enable)
    i.usart_flag_get                         0x080042d2   Section        0  gd32f30x_usart.o(i.usart_flag_get)
    i.usart_interrupt_enable                 0x080042f0   Section        0  gd32f30x_usart.o(i.usart_interrupt_enable)
    i.usart_interrupt_flag_clear             0x0800430a   Section        0  gd32f30x_usart.o(i.usart_interrupt_flag_clear)
    i.usart_interrupt_flag_get               0x0800431c   Section        0  gd32f30x_usart.o(i.usart_interrupt_flag_get)
    i.usart_receive_config                   0x08004354   Section        0  gd32f30x_usart.o(i.usart_receive_config)
    i.usart_transmit_config                  0x08004368   Section        0  gd32f30x_usart.o(i.usart_transmit_config)
    .constdata                               0x0800437c   Section       32  rredf.o(.constdata)
    twooverpi                                0x0800437c   Data          32  rredf.o(.constdata)
    .data                                    0x20000000   Section        6  main.o(.data)
    .data                                    0x20000006   Section        1  gd32f30x_it.o(.data)
    .data                                    0x20000008   Section        8  systick.o(.data)
    delay                                    0x20000008   Data           4  systick.o(.data)
    .data                                    0x20000010   Section        5  uart.o(.data)
    .data                                    0x20000016   Section        4  debug_print_log.o(.data)
    count                                    0x20000016   Data           2  debug_print_log.o(.data)
    count                                    0x20000018   Data           2  debug_print_log.o(.data)
    .data                                    0x2000001c   Section        4  system_gd32f30x.o(.data)
    .data                                    0x20000020   Section      125  gd32f303c_eval.o(.data)
    GPIO_PORT                                0x20000020   Data          16  gd32f303c_eval.o(.data)
    GPIO_PIN                                 0x20000030   Data          16  gd32f303c_eval.o(.data)
    COM_CLK                                  0x20000040   Data           4  gd32f303c_eval.o(.data)
    COM_TX_PIN                               0x20000044   Data           8  gd32f303c_eval.o(.data)
    COM_RX_PIN                               0x2000004c   Data           8  gd32f303c_eval.o(.data)
    COM_GPIO_PORT                            0x20000054   Data           8  gd32f303c_eval.o(.data)
    COM_GPIO_CLK                             0x2000005c   Data           4  gd32f303c_eval.o(.data)
    GPIO_CLK                                 0x20000060   Data           8  gd32f303c_eval.o(.data)
    KEY_PORT                                 0x20000068   Data          12  gd32f303c_eval.o(.data)
    KEY_PIN                                  0x20000074   Data          12  gd32f303c_eval.o(.data)
    KEY_CLK                                  0x20000080   Data           6  gd32f303c_eval.o(.data)
    KEY_EXTI_LINE                            0x20000088   Data          12  gd32f303c_eval.o(.data)
    KEY_PORT_SOURCE                          0x20000094   Data           3  gd32f303c_eval.o(.data)
    KEY_PIN_SOURCE                           0x20000097   Data           3  gd32f303c_eval.o(.data)
    KEY_IRQn                                 0x2000009a   Data           3  gd32f303c_eval.o(.data)
    .data                                    0x200000a0   Section        8  adc.o(.data)
    .data                                    0x200000a8   Section       56  foc.o(.data)
    .data                                    0x200000e0   Section        4  stdout.o(.data)
    .data                                    0x200000e4   Section        4  errno.o(.data)
    _errno                                   0x200000e4   Data           4  errno.o(.data)
    .bss                                     0x200000e8   Section       80  main.o(.bss)
    .bss                                     0x20000138   Section       20  uart.o(.bss)
    .bss                                     0x2000014c   Section    24000  debug_print_log.o(.bss)
    .bss                                     0x20005f0c   Section       56  automatic_calibration.o(.bss)
    .bss                                     0x20005f44   Section    12388  foc.o(.bss)
    STACK                                    0x20008fa8   Section     1024  startup_gd32f30x_hd.o(STACK)

    Global Symbols

    Symbol Name                              Value     Ov Type        Size  Object(Section)

    BuildAttributes$$THM_ISAv4$E$P$D$K$B$S$7EM$VFPi3$EXTD16$VFPS$VFMA$PE$A:L22UL41UL21$X:L11$S22US41US21$IEEE1$IW$USESV6$~STKCKD$USESV7$~SHL$OTIME$ROPI$IEEEX$EBA8$MICROLIB$REQ8$PRES8$EABIv2 0x00000000   Number         0  anon$$obj.o ABSOLUTE
    __ARM_use_no_argv                        0x00000000   Number         0  main.o ABSOLUTE
    _printf_a                                0x00000000   Number         0  stubs.o ABSOLUTE
    _printf_c                                0x00000000   Number         0  stubs.o ABSOLUTE
    _printf_charcount                        0x00000000   Number         0  stubs.o ABSOLUTE
    _printf_d                                0x00000000   Number         0  stubs.o ABSOLUTE
    _printf_e                                0x00000000   Number         0  stubs.o ABSOLUTE
    _printf_f                                0x00000000   Number         0  stubs.o ABSOLUTE
    _printf_flags                            0x00000000   Number         0  stubs.o ABSOLUTE
    _printf_fp_dec                           0x00000000   Number         0  stubs.o ABSOLUTE
    _printf_fp_hex                           0x00000000   Number         0  stubs.o ABSOLUTE
    _printf_g                                0x00000000   Number         0  stubs.o ABSOLUTE
    _printf_i                                0x00000000   Number         0  stubs.o ABSOLUTE
    _printf_int_dec                          0x00000000   Number         0  stubs.o ABSOLUTE
    _printf_l                                0x00000000   Number         0  stubs.o ABSOLUTE
    _printf_lc                               0x00000000   Number         0  stubs.o ABSOLUTE
    _printf_ll                               0x00000000   Number         0  stubs.o ABSOLUTE
    _printf_lld                              0x00000000   Number         0  stubs.o ABSOLUTE
    _printf_lli                              0x00000000   Number         0  stubs.o ABSOLUTE
    _printf_llo                              0x00000000   Number         0  stubs.o ABSOLUTE
    _printf_llu                              0x00000000   Number         0  stubs.o ABSOLUTE
    _printf_llx                              0x00000000   Number         0  stubs.o ABSOLUTE
    _printf_longlong_dec                     0x00000000   Number         0  stubs.o ABSOLUTE
    _printf_longlong_hex                     0x00000000   Number         0  stubs.o ABSOLUTE
    _printf_longlong_oct                     0x00000000   Number         0  stubs.o ABSOLUTE
    _printf_ls                               0x00000000   Number         0  stubs.o ABSOLUTE
    _printf_mbtowc                           0x00000000   Number         0  stubs.o ABSOLUTE
    _printf_n                                0x00000000   Number         0  stubs.o ABSOLUTE
    _printf_o                                0x00000000   Number         0  stubs.o ABSOLUTE
    _printf_p                                0x00000000   Number         0  stubs.o ABSOLUTE
    _printf_percent                          0x00000000   Number         0  stubs.o ABSOLUTE
    _printf_pre_padding                      0x00000000   Number         0  stubs.o ABSOLUTE
    _printf_return_value                     0x00000000   Number         0  stubs.o ABSOLUTE
    _printf_s                                0x00000000   Number         0  stubs.o ABSOLUTE
    _printf_sizespec                         0x00000000   Number         0  stubs.o ABSOLUTE
    _printf_str                              0x00000000   Number         0  stubs.o ABSOLUTE
    _printf_truncate_signed                  0x00000000   Number         0  stubs.o ABSOLUTE
    _printf_truncate_unsigned                0x00000000   Number         0  stubs.o ABSOLUTE
    _printf_u                                0x00000000   Number         0  stubs.o ABSOLUTE
    _printf_wc                               0x00000000   Number         0  stubs.o ABSOLUTE
    _printf_wctomb                           0x00000000   Number         0  stubs.o ABSOLUTE
    _printf_widthprec                        0x00000000   Number         0  stubs.o ABSOLUTE
    _printf_x                                0x00000000   Number         0  stubs.o ABSOLUTE
    __arm_fini_                               - Undefined Weak Reference
    __cpp_initialize__aeabi_                  - Undefined Weak Reference
    __cxa_finalize                            - Undefined Weak Reference
    __decompress                              - Undefined Weak Reference
    _clock_init                               - Undefined Weak Reference
    _microlib_exit                            - Undefined Weak Reference
    __Vectors_Size                           0x00000130   Number         0  startup_gd32f30x_hd.o ABSOLUTE
    __Vectors                                0x08000000   Data           4  startup_gd32f30x_hd.o(RESET)
    __Vectors_End                            0x08000130   Data           0  startup_gd32f30x_hd.o(RESET)
    __main                                   0x08000131   Thumb Code     0  entry.o(.ARM.Collect$$$$00000000)
    _main_stk                                0x08000131   Thumb Code     0  entry2.o(.ARM.Collect$$$$00000001)
    _main_scatterload                        0x08000135   Thumb Code     0  entry5.o(.ARM.Collect$$$$00000004)
    __main_after_scatterload                 0x08000139   Thumb Code     0  entry5.o(.ARM.Collect$$$$00000004)
    _main_clock                              0x08000139   Thumb Code     0  entry7b.o(.ARM.Collect$$$$00000008)
    _main_cpp_init                           0x08000139   Thumb Code     0  entry8b.o(.ARM.Collect$$$$0000000A)
    _main_init                               0x08000139   Thumb Code     0  entry9a.o(.ARM.Collect$$$$0000000B)
    __rt_lib_shutdown_fini                   0x08000141   Thumb Code     0  entry12b.o(.ARM.Collect$$$$0000000E)
    __rt_final_cpp                           0x08000145   Thumb Code     0  entry10a.o(.ARM.Collect$$$$0000000F)
    __rt_final_exit                          0x08000145   Thumb Code     0  entry11a.o(.ARM.Collect$$$$00000011)
    Reset_Handler                            0x08000149   Thumb Code     8  startup_gd32f30x_hd.o(.text)
    ADC0_1_IRQHandler                        0x08000163   Thumb Code     0  startup_gd32f30x_hd.o(.text)
    ADC2_IRQHandler                          0x08000163   Thumb Code     0  startup_gd32f30x_hd.o(.text)
    CAN0_EWMC_IRQHandler                     0x08000163   Thumb Code     0  startup_gd32f30x_hd.o(.text)
    CAN0_RX1_IRQHandler                      0x08000163   Thumb Code     0  startup_gd32f30x_hd.o(.text)
    DMA0_Channel1_IRQHandler                 0x08000163   Thumb Code     0  startup_gd32f30x_hd.o(.text)
    DMA0_Channel2_IRQHandler                 0x08000163   Thumb Code     0  startup_gd32f30x_hd.o(.text)
    DMA0_Channel3_IRQHandler                 0x08000163   Thumb Code     0  startup_gd32f30x_hd.o(.text)
    DMA0_Channel4_IRQHandler                 0x08000163   Thumb Code     0  startup_gd32f30x_hd.o(.text)
    DMA0_Channel5_IRQHandler                 0x08000163   Thumb Code     0  startup_gd32f30x_hd.o(.text)
    DMA0_Channel6_IRQHandler                 0x08000163   Thumb Code     0  startup_gd32f30x_hd.o(.text)
    DMA1_Channel0_IRQHandler                 0x08000163   Thumb Code     0  startup_gd32f30x_hd.o(.text)
    DMA1_Channel1_IRQHandler                 0x08000163   Thumb Code     0  startup_gd32f30x_hd.o(.text)
    DMA1_Channel2_IRQHandler                 0x08000163   Thumb Code     0  startup_gd32f30x_hd.o(.text)
    DMA1_Channel3_4_IRQHandler               0x08000163   Thumb Code     0  startup_gd32f30x_hd.o(.text)
    EXMC_IRQHandler                          0x08000163   Thumb Code     0  startup_gd32f30x_hd.o(.text)
    EXTI0_IRQHandler                         0x08000163   Thumb Code     0  startup_gd32f30x_hd.o(.text)
    EXTI10_15_IRQHandler                     0x08000163   Thumb Code     0  startup_gd32f30x_hd.o(.text)
    EXTI1_IRQHandler                         0x08000163   Thumb Code     0  startup_gd32f30x_hd.o(.text)
    EXTI2_IRQHandler                         0x08000163   Thumb Code     0  startup_gd32f30x_hd.o(.text)
    EXTI3_IRQHandler                         0x08000163   Thumb Code     0  startup_gd32f30x_hd.o(.text)
    EXTI4_IRQHandler                         0x08000163   Thumb Code     0  startup_gd32f30x_hd.o(.text)
    EXTI5_9_IRQHandler                       0x08000163   Thumb Code     0  startup_gd32f30x_hd.o(.text)
    FMC_IRQHandler                           0x08000163   Thumb Code     0  startup_gd32f30x_hd.o(.text)
    I2C0_ER_IRQHandler                       0x08000163   Thumb Code     0  startup_gd32f30x_hd.o(.text)
    I2C0_EV_IRQHandler                       0x08000163   Thumb Code     0  startup_gd32f30x_hd.o(.text)
    I2C1_ER_IRQHandler                       0x08000163   Thumb Code     0  startup_gd32f30x_hd.o(.text)
    I2C1_EV_IRQHandler                       0x08000163   Thumb Code     0  startup_gd32f30x_hd.o(.text)
    LVD_IRQHandler                           0x08000163   Thumb Code     0  startup_gd32f30x_hd.o(.text)
    RCU_CTC_IRQHandler                       0x08000163   Thumb Code     0  startup_gd32f30x_hd.o(.text)
    RTC_Alarm_IRQHandler                     0x08000163   Thumb Code     0  startup_gd32f30x_hd.o(.text)
    RTC_IRQHandler                           0x08000163   Thumb Code     0  startup_gd32f30x_hd.o(.text)
    SDIO_IRQHandler                          0x08000163   Thumb Code     0  startup_gd32f30x_hd.o(.text)
    SPI0_IRQHandler                          0x08000163   Thumb Code     0  startup_gd32f30x_hd.o(.text)
    SPI1_IRQHandler                          0x08000163   Thumb Code     0  startup_gd32f30x_hd.o(.text)
    SPI2_IRQHandler                          0x08000163   Thumb Code     0  startup_gd32f30x_hd.o(.text)
    TAMPER_IRQHandler                        0x08000163   Thumb Code     0  startup_gd32f30x_hd.o(.text)
    TIMER0_BRK_IRQHandler                    0x08000163   Thumb Code     0  startup_gd32f30x_hd.o(.text)
    TIMER0_Channel_IRQHandler                0x08000163   Thumb Code     0  startup_gd32f30x_hd.o(.text)
    TIMER0_TRG_CMT_IRQHandler                0x08000163   Thumb Code     0  startup_gd32f30x_hd.o(.text)
    TIMER0_UP_IRQHandler                     0x08000163   Thumb Code     0  startup_gd32f30x_hd.o(.text)
    TIMER1_IRQHandler                        0x08000163   Thumb Code     0  startup_gd32f30x_hd.o(.text)
    TIMER2_IRQHandler                        0x08000163   Thumb Code     0  startup_gd32f30x_hd.o(.text)
    TIMER3_IRQHandler                        0x08000163   Thumb Code     0  startup_gd32f30x_hd.o(.text)
    TIMER4_IRQHandler                        0x08000163   Thumb Code     0  startup_gd32f30x_hd.o(.text)
    TIMER5_IRQHandler                        0x08000163   Thumb Code     0  startup_gd32f30x_hd.o(.text)
    TIMER6_IRQHandler                        0x08000163   Thumb Code     0  startup_gd32f30x_hd.o(.text)
    TIMER7_BRK_IRQHandler                    0x08000163   Thumb Code     0  startup_gd32f30x_hd.o(.text)
    TIMER7_Channel_IRQHandler                0x08000163   Thumb Code     0  startup_gd32f30x_hd.o(.text)
    TIMER7_TRG_CMT_IRQHandler                0x08000163   Thumb Code     0  startup_gd32f30x_hd.o(.text)
    TIMER7_UP_IRQHandler                     0x08000163   Thumb Code     0  startup_gd32f30x_hd.o(.text)
    UART3_IRQHandler                         0x08000163   Thumb Code     0  startup_gd32f30x_hd.o(.text)
    UART4_IRQHandler                         0x08000163   Thumb Code     0  startup_gd32f30x_hd.o(.text)
    USART1_IRQHandler                        0x08000163   Thumb Code     0  startup_gd32f30x_hd.o(.text)
    USART2_IRQHandler                        0x08000163   Thumb Code     0  startup_gd32f30x_hd.o(.text)
    USBD_HP_CAN0_TX_IRQHandler               0x08000163   Thumb Code     0  startup_gd32f30x_hd.o(.text)
    USBD_LP_CAN0_RX0_IRQHandler              0x08000163   Thumb Code     0  startup_gd32f30x_hd.o(.text)
    USBD_WKUP_IRQHandler                     0x08000163   Thumb Code     0  startup_gd32f30x_hd.o(.text)
    WWDGT_IRQHandler                         0x08000163   Thumb Code     0  startup_gd32f30x_hd.o(.text)
    __aeabi_uldivmod                         0x0800016d   Thumb Code    98  uldiv.o(.text)
    __aeabi_f2d                              0x080001cf   Thumb Code    38  f2d.o(.text)
    __aeabi_uidiv                            0x080001f5   Thumb Code     0  uidiv.o(.text)
    __aeabi_uidivmod                         0x080001f5   Thumb Code    44  uidiv.o(.text)
    __aeabi_llsl                             0x08000221   Thumb Code    30  llshl.o(.text)
    _ll_shift_l                              0x08000221   Thumb Code     0  llshl.o(.text)
    __aeabi_llsr                             0x0800023f   Thumb Code    32  llushr.o(.text)
    _ll_ushift_r                             0x0800023f   Thumb Code     0  llushr.o(.text)
    __I$use$fp                               0x0800025f   Thumb Code     0  iusefp.o(.text)
    _float_round                             0x0800025f   Thumb Code    18  fepilogue.o(.text)
    _float_epilogue                          0x08000271   Thumb Code    92  fepilogue.o(.text)
    _frem                                    0x080002cd   Thumb Code    82  frem.o(.text)
    __aeabi_dadd                             0x0800031f   Thumb Code   322  dadd.o(.text)
    __aeabi_dsub                             0x08000461   Thumb Code     6  dadd.o(.text)
    __aeabi_drsub                            0x08000467   Thumb Code     6  dadd.o(.text)
    __aeabi_dmul                             0x0800046d   Thumb Code   228  dmul.o(.text)
    __aeabi_ddiv                             0x08000551   Thumb Code   222  ddiv.o(.text)
    __aeabi_d2ulz                            0x0800062f   Thumb Code    48  dfixul.o(.text)
    __aeabi_cdrcmple                         0x08000661   Thumb Code    48  cdrcmple.o(.text)
    __scatterload                            0x08000691   Thumb Code    28  init.o(.text)
    __scatterload_rt2                        0x08000691   Thumb Code     0  init.o(.text)
    __aeabi_lasr                             0x080006b5   Thumb Code    36  llsshr.o(.text)
    _ll_sshift_r                             0x080006b5   Thumb Code     0  llsshr.o(.text)
    _double_round                            0x080006d9   Thumb Code    30  depilogue.o(.text)
    _double_epilogue                         0x080006f7   Thumb Code   156  depilogue.o(.text)
    BusFault_Handler                         0x08000793   Thumb Code     4  gd32f30x_it.o(i.BusFault_Handler)
    DFOC_M0_SET_VEL_PID                      0x08000799   Thumb Code    20  foc.o(i.DFOC_M0_SET_VEL_PID)
    DFOC_M0_VEL_PID                          0x080007b1   Thumb Code    26  foc.o(i.DFOC_M0_VEL_PID)
    DFOC_M0_Velocity                         0x080007d1   Thumb Code    96  foc.o(i.DFOC_M0_Velocity)
    DFOC_M0_setVelocity                      0x08000841   Thumb Code   138  foc.o(i.DFOC_M0_setVelocity)
    DFOC_Vbus                                0x080008d5   Thumb Code   116  foc.o(i.DFOC_Vbus)
    DMA0_Channel0_IRQHandler                 0x0800096d   Thumb Code    32  gd32f30x_it.o(i.DMA0_Channel0_IRQHandler)
    DebugMon_Handler                         0x08000995   Thumb Code     2  gd32f30x_it.o(i.DebugMon_Handler)
    DebugPrint_log                           0x08000999   Thumb Code    92  debug_print_log.o(i.DebugPrint_log)
    Elect_Angle_Conversion_Mechanical_Angle  0x08000a11   Thumb Code   340  get_angle_from_hall.o(i.Elect_Angle_Conversion_Mechanical_Angle)
    Hall_Sensor_Init                         0x08000b75   Thumb Code   148  sensor_angle_update.o(i.Hall_Sensor_Init)
    HardFault_Handler                        0x08000c45   Thumb Code     4  gd32f30x_it.o(i.HardFault_Handler)
    LowPassFilter_Init                       0x08000c49   Thumb Code    36  lowpass_filter.o(i.LowPassFilter_Init)
    LowPassFilter_Update                     0x08000c71   Thumb Code   164  lowpass_filter.o(i.LowPassFilter_Update)
    MemManage_Handler                        0x08000d21   Thumb Code     4  gd32f30x_it.o(i.MemManage_Handler)
    Moto0_U_Enable                           0x08000d25   Thumb Code     8  timer.o(i.Moto0_U_Enable)
    Moto1_U_Set_Val                          0x08000d31   Thumb Code    16  timer.o(i.Moto1_U_Set_Val)
    Moto1_V_Set_Val                          0x08000d41   Thumb Code    16  timer.o(i.Moto1_V_Set_Val)
    Moto1_W_Set_Val                          0x08000d51   Thumb Code    18  timer.o(i.Moto1_W_Set_Val)
    NMI_Handler                              0x08000d63   Thumb Code     2  gd32f30x_it.o(i.NMI_Handler)
    PIDController_Init                       0x08000d8d   Thumb Code    84  pid.o(i.PIDController_Init)
    PIDController_Update                     0x08000de5   Thumb Code   410  pid.o(i.PIDController_Update)
    PendSV_Handler                           0x08000f89   Thumb Code     2  gd32f30x_it.o(i.PendSV_Handler)
    RecordPrintLog                           0x08000f8d   Thumb Code   196  debug_print_log.o(i.RecordPrintLog)
    SVC_Handler                              0x0800107d   Thumb Code     2  gd32f30x_it.o(i.SVC_Handler)
    Sensor_Angle_SensorInit                  0x0800107f   Thumb Code    44  sensor_angle_update.o(i.Sensor_Angle_SensorInit)
    Sensor_BLDC_GetElectricityAngle          0x080010ab   Thumb Code     6  sensor_angle_update.o(i.Sensor_BLDC_GetElectricityAngle)
    Sensor_BLDC_GetVelocity                  0x080010b1   Thumb Code   252  sensor_angle_update.o(i.Sensor_BLDC_GetVelocity)
    Sensor_BLDC_Update                       0x080011bd   Thumb Code   106  sensor_angle_update.o(i.Sensor_BLDC_Update)
    Sensor_Para_Init                         0x08001231   Thumb Code    64  sensor_angle_update.o(i.Sensor_Para_Init)
    Sensor_angle_unwrapper_init              0x08001275   Thumb Code    14  get_angle_from_hall.o(i.Sensor_angle_unwrapper_init)
    SysTick_Handler                          0x08001285   Thumb Code    18  gd32f30x_it.o(i.SysTick_Handler)
    SystemInit                               0x0800129d   Thumb Code   316  system_gd32f30x.o(i.SystemInit)
    USART0_IRQHandler                        0x080013e5   Thumb Code    54  gd32f30x_it.o(i.USART0_IRQHandler)
    Uart_Init                                0x0800142d   Thumb Code    32  uart.o(i.Uart_Init)
    UsageFault_Handler                       0x08001451   Thumb Code     4  gd32f30x_it.o(i.UsageFault_Handler)
    __0printf                                0x08001455   Thumb Code    22  printfa.o(i.__0printf)
    __1printf                                0x08001455   Thumb Code     0  printfa.o(i.__0printf)
    __2printf                                0x08001455   Thumb Code     0  printfa.o(i.__0printf)
    __c89printf                              0x08001455   Thumb Code     0  printfa.o(i.__0printf)
    printf                                   0x08001455   Thumb Code     0  printfa.o(i.__0printf)
    __ARM_fpclassifyf                        0x08001475   Thumb Code    38  fpclassifyf.o(i.__ARM_fpclassifyf)
    __hardfp_atan2f                          0x0800149d   Thumb Code   594  atan2f.o(i.__hardfp_atan2f)
    __hardfp_cosf                            0x08001749   Thumb Code   280  cosf.o(i.__hardfp_cosf)
    __hardfp_fmodf                           0x08001899   Thumb Code   176  fmodf.o(i.__hardfp_fmodf)
    __hardfp_sinf                            0x08001949   Thumb Code   344  sinf.o(i.__hardfp_sinf)
    __hardfp_sqrtf                           0x08001ad9   Thumb Code    58  sqrtf.o(i.__hardfp_sqrtf)
    __mathlib_flt_infnan                     0x08001b13   Thumb Code     6  funder.o(i.__mathlib_flt_infnan)
    __mathlib_flt_infnan2                    0x08001b19   Thumb Code     6  funder.o(i.__mathlib_flt_infnan2)
    __mathlib_flt_invalid                    0x08001b21   Thumb Code    10  funder.o(i.__mathlib_flt_invalid)
    __mathlib_flt_underflow                  0x08001b31   Thumb Code    10  funder.o(i.__mathlib_flt_underflow)
    __mathlib_rredf2                         0x08001b41   Thumb Code   316  rredf.o(i.__mathlib_rredf2)
    __scatterload_copy                       0x08001c95   Thumb Code    14  handlers.o(i.__scatterload_copy)
    __scatterload_null                       0x08001ca3   Thumb Code     2  handlers.o(i.__scatterload_null)
    __scatterload_zeroinit                   0x08001ca5   Thumb Code    14  handlers.o(i.__scatterload_zeroinit)
    __set_errno                              0x08001cb5   Thumb Code     6  errno.o(i.__set_errno)
    _electricalAngle_speed                   0x08001cc1   Thumb Code    66  foc.o(i._electricalAngle_speed)
    _micros                                  0x08001e99   Thumb Code    82  systick.o(i._micros)
    _normalizeAngle_speed                    0x08001ef9   Thumb Code    64  foc.o(i._normalizeAngle_speed)
    adc_calibration_enable                   0x08002663   Thumb Code    42  gd32f30x_adc.o(i.adc_calibration_enable)
    adc_channel_length_config                0x0800268d   Thumb Code    70  gd32f30x_adc.o(i.adc_channel_length_config)
    adc_config_init                          0x080026d5   Thumb Code    32  adc.o(i.adc_config_init)
    adc_data_alignment_config                0x080026f9   Thumb Code    22  gd32f30x_adc.o(i.adc_data_alignment_config)
    adc_deinit                               0x08002711   Thumb Code    84  gd32f30x_adc.o(i.adc_deinit)
    adc_dma_mode_enable                      0x08002769   Thumb Code    10  gd32f30x_adc.o(i.adc_dma_mode_enable)
    adc_enable                               0x08002773   Thumb Code    18  gd32f30x_adc.o(i.adc_enable)
    adc_external_trigger_config              0x08002785   Thumb Code    62  gd32f30x_adc.o(i.adc_external_trigger_config)
    adc_external_trigger_source_config       0x080027c3   Thumb Code    48  gd32f30x_adc.o(i.adc_external_trigger_source_config)
    adc_mode_config                          0x080027f5   Thumb Code    22  gd32f30x_adc.o(i.adc_mode_config)
    adc_regular_channel_config               0x08002811   Thumb Code   172  gd32f30x_adc.o(i.adc_regular_channel_config)
    adc_special_function_config              0x080028bd   Thumb Code    90  gd32f30x_adc.o(i.adc_special_function_config)
    angle_unwrapper_update                   0x08002919   Thumb Code    86  get_angle_from_hall.o(i.angle_unwrapper_update)
    delay_1ms                                0x08002975   Thumb Code    16  systick.o(i.delay_1ms)
    delay_decrement                          0x08002989   Thumb Code    18  systick.o(i.delay_decrement)
    dma_channel_enable                       0x080029a1   Thumb Code    50  gd32f30x_dma.o(i.dma_channel_enable)
    dma_circulation_enable                   0x080029d3   Thumb Code    50  gd32f30x_dma.o(i.dma_circulation_enable)
    dma_config                               0x08002a05   Thumb Code    92  adc.o(i.dma_config)
    dma_deinit                               0x08002a6d   Thumb Code   112  gd32f30x_dma.o(i.dma_deinit)
    dma_init                                 0x08002add   Thumb Code   302  gd32f30x_dma.o(i.dma_init)
    dma_interrupt_enable                     0x08002c0b   Thumb Code    50  gd32f30x_dma.o(i.dma_interrupt_enable)
    dma_interrupt_flag_clear                 0x08002c3d   Thumb Code    16  gd32f30x_dma.o(i.dma_interrupt_flag_clear)
    dma_interrupt_flag_get                   0x08002c4d   Thumb Code   130  gd32f30x_dma.o(i.dma_interrupt_flag_get)
    fputc                                    0x08002ce9   Thumb Code    32  uart.o(i.fputc)
    gd_eval_com_init                         0x08002d0d   Thumb Code   122  gd32f303c_eval.o(i.gd_eval_com_init)
    get_angle_120deg                         0x08002da5   Thumb Code    30  get_angle_from_hall.o(i.get_angle_120deg)
    get_angle_from_120deg                    0x08002dc9   Thumb Code   260  get_angle_from_hall.o(i.get_angle_from_120deg)
    gpio_config                              0x08002edd   Thumb Code    72  gpio.o(i.gpio_config)
    gpio_init                                0x08002f2d   Thumb Code   188  gd32f30x_gpio.o(i.gpio_init)
    hall_adc_init                            0x08002fe9   Thumb Code   226  adc.o(i.hall_adc_init)
    hall_adc_timer_init                      0x080030d9   Thumb Code    74  adc_timer.o(i.hall_adc_timer_init)
    hall_calibration_apply                   0x08003129   Thumb Code    32  automatic_calibration.o(i.hall_calibration_apply)
    hall_calibration_start                   0x0800314d   Thumb Code    98  automatic_calibration.o(i.hall_calibration_start)
    main                                     0x080031d5   Thumb Code   214  main.o(i.main)
    moving_avg_init                          0x08003311   Thumb Code    34  average_filter.o(i.moving_avg_init)
    nvic_irq_enable                          0x08003335   Thumb Code   186  gd32f30x_misc.o(i.nvic_irq_enable)
    nvic_priority_group_set                  0x080033f9   Thumb Code    10  gd32f30x_misc.o(i.nvic_priority_group_set)
    rcu_adc_clock_config                     0x0800340d   Thumb Code    98  gd32f30x_rcu.o(i.rcu_adc_clock_config)
    rcu_clock_freq_get                       0x08003479   Thumb Code   310  gd32f30x_rcu.o(i.rcu_clock_freq_get)
    rcu_periph_clock_enable                  0x080035d1   Thumb Code    28  gd32f30x_rcu.o(i.rcu_periph_clock_enable)
    rcu_periph_reset_disable                 0x080035f1   Thumb Code    28  gd32f30x_rcu.o(i.rcu_periph_reset_disable)
    rcu_periph_reset_enable                  0x08003611   Thumb Code    28  gd32f30x_rcu.o(i.rcu_periph_reset_enable)
    setPwm_speed                             0x08003631   Thumb Code   358  foc.o(i.setPwm_speed)
    setTorque                                0x080037a9   Thumb Code   462  foc.o(i.setTorque)
    systick_config                           0x08003ac5   Thumb Code    74  systick.o(i.systick_config)
    timer0_config                            0x08003b15   Thumb Code   230  timer.o(i.timer0_config)
    timer1_config                            0x08003c01   Thumb Code   244  timer.o(i.timer1_config)
    timer_auto_reload_shadow_enable          0x08003cf5   Thumb Code    10  gd32f30x_timer.o(i.timer_auto_reload_shadow_enable)
    timer_channel_output_config              0x08003d01   Thumb Code   484  gd32f30x_timer.o(i.timer_channel_output_config)
    timer_channel_output_mode_config         0x08003eed   Thumb Code    90  gd32f30x_timer.o(i.timer_channel_output_mode_config)
    timer_channel_output_pulse_value_config  0x08003f47   Thumb Code    38  gd32f30x_timer.o(i.timer_channel_output_pulse_value_config)
    timer_channel_output_shadow_config       0x08003f6d   Thumb Code    90  gd32f30x_timer.o(i.timer_channel_output_shadow_config)
    timer_config_init                        0x08003fc7   Thumb Code    12  timer.o(i.timer_config_init)
    timer_deinit                             0x08003fd5   Thumb Code   210  gd32f30x_timer.o(i.timer_deinit)
    timer_enable                             0x080040b1   Thumb Code    10  gd32f30x_timer.o(i.timer_enable)
    timer_init                               0x080040bd   Thumb Code   122  gd32f30x_timer.o(i.timer_init)
    timer_master_output_trigger_source_select 0x08004155   Thumb Code    16  gd32f30x_timer.o(i.timer_master_output_trigger_source_select)
    timer_primary_output_config              0x08004165   Thumb Code    24  gd32f30x_timer.o(i.timer_primary_output_config)
    timer_struct_para_init                   0x0800417d   Thumb Code    22  gd32f30x_timer.o(i.timer_struct_para_init)
    usart_baudrate_set                       0x08004195   Thumb Code   136  gd32f30x_usart.o(i.usart_baudrate_set)
    usart_data_receive                       0x08004225   Thumb Code    10  gd32f30x_usart.o(i.usart_data_receive)
    usart_data_transmit                      0x0800422f   Thumb Code     8  gd32f30x_usart.o(i.usart_data_transmit)
    usart_deinit                             0x08004239   Thumb Code   136  gd32f30x_usart.o(i.usart_deinit)
    usart_enable                             0x080042c9   Thumb Code    10  gd32f30x_usart.o(i.usart_enable)
    usart_flag_get                           0x080042d3   Thumb Code    30  gd32f30x_usart.o(i.usart_flag_get)
    usart_interrupt_enable                   0x080042f1   Thumb Code    26  gd32f30x_usart.o(i.usart_interrupt_enable)
    usart_interrupt_flag_clear               0x0800430b   Thumb Code    18  gd32f30x_usart.o(i.usart_interrupt_flag_clear)
    usart_interrupt_flag_get                 0x0800431d   Thumb Code    56  gd32f30x_usart.o(i.usart_interrupt_flag_get)
    usart_receive_config                     0x08004355   Thumb Code    20  gd32f30x_usart.o(i.usart_receive_config)
    usart_transmit_config                    0x08004369   Thumb Code    20  gd32f30x_usart.o(i.usart_transmit_config)
    Region$$Table$$Base                      0x0800439c   Number         0  anon$$obj.o(Region$$Table)
    Region$$Table$$Limit                     0x080043bc   Number         0  anon$$obj.o(Region$$Table)
    g_start_flag                             0x20000000   Data           1  main.o(.data)
    hall_a_raw                               0x20000002   Data           2  main.o(.data)
    hall_b_raw                               0x20000004   Data           2  main.o(.data)
    dma_transfer_complete                    0x20000006   Data           1  gd32f30x_it.o(.data)
    sysTickUptime                            0x2000000c   Data           4  systick.o(.data)
    tx_counter                               0x20000010   Data           2  uart.o(.data)
    rx_counter                               0x20000012   Data           2  uart.o(.data)
    transfer_status                          0x20000014   Data           1  uart.o(.data)
    SystemCoreClock                          0x2000001c   Data           4  system_gd32f30x.o(.data)
    adc_value                                0x200000a0   Data           8  adc.o(.data)
    voltage_power_supply_speed               0x200000a8   Data           4  foc.o(.data)
    Ualpha_speed                             0x200000ac   Data           4  foc.o(.data)
    Ubeta_speed                              0x200000b0   Data           4  foc.o(.data)
    Ua_speed                                 0x200000b4   Data           4  foc.o(.data)
    Ub_speed                                 0x200000b8   Data           4  foc.o(.data)
    Uc_speed                                 0x200000bc   Data           4  foc.o(.data)
    zero_electric_angle_speed                0x200000c0   Data           4  foc.o(.data)
    Motor_PP                                 0x200000c4   Data           4  foc.o(.data)
    Sensor_DIR                               0x200000c8   Data           4  foc.o(.data)
    zero_electric_angle_cw                   0x200000cc   Data           4  foc.o(.data)
    zero_electric_angle_ccw                  0x200000d0   Data           4  foc.o(.data)
    current_direction                        0x200000d4   Data           1  foc.o(.data)
    motor_target                             0x200000d8   Data           4  foc.o(.data)
    received_index                           0x200000dc   Data           4  foc.o(.data)
    __stdout                                 0x200000e0   Data           4  stdout.o(.data)
    Hall_A_Val                               0x200000e8   Data          40  main.o(.bss)
    Hall_B_Val                               0x20000110   Data          40  main.o(.bss)
    tx_buffer                                0x20000138   Data          10  uart.o(.bss)
    rx_buffer                                0x20000142   Data          10  uart.o(.bss)
    Record_Buffer                            0x2000014c   Data       24000  debug_print_log.o(.bss)
    g_Hall_A_Cal                             0x20005f0c   Data          28  automatic_calibration.o(.bss)
    g_Hall_B_Cal                             0x20005f28   Data          28  automatic_calibration.o(.bss)
    g_print_buffer                           0x20005f44   Data       12000  foc.o(.bss)
    M0_Vel_Flt                               0x20008e24   Data          12  foc.o(.bss)
    vel_loop_M0                              0x20008e30   Data          36  foc.o(.bss)
    angle_loop_M0                            0x20008e54   Data          36  foc.o(.bss)
    S0                                       0x20008e78   Data          48  foc.o(.bss)
    received_chars                           0x20008ea8   Data         256  foc.o(.bss)
    __initial_sp                             0x200093a8   Data           0  startup_gd32f30x_hd.o(STACK)



==============================================================================

Memory Map of the image

  Image Entry point : 0x08000131

  Load Region LR_IROM1 (Base: 0x08000000, Size: 0x000044a4, Max: 0x00040000, ABSOLUTE)

    Execution Region ER_IROM1 (Exec base: 0x08000000, Load base: 0x08000000, Size: 0x000043bc, Max: 0x00040000, ABSOLUTE)

    Exec Addr    Load Addr    Size         Type   Attr      Idx    E Section Name        Object

    0x08000000   0x08000000   0x00000130   Data   RO         4770    RESET               startup_gd32f30x_hd.o
    0x08000130   0x08000130   0x00000000   Code   RO         5359  * .ARM.Collect$$$$00000000  mc_w.l(entry.o)
    0x08000130   0x08000130   0x00000004   Code   RO         5648    .ARM.Collect$$$$00000001  mc_w.l(entry2.o)
    0x08000134   0x08000134   0x00000004   Code   RO         5651    .ARM.Collect$$$$00000004  mc_w.l(entry5.o)
    0x08000138   0x08000138   0x00000000   Code   RO         5653    .ARM.Collect$$$$00000008  mc_w.l(entry7b.o)
    0x08000138   0x08000138   0x00000000   Code   RO         5655    .ARM.Collect$$$$0000000A  mc_w.l(entry8b.o)
    0x08000138   0x08000138   0x00000008   Code   RO         5656    .ARM.Collect$$$$0000000B  mc_w.l(entry9a.o)
    0x08000140   0x08000140   0x00000004   Code   RO         5663    .ARM.Collect$$$$0000000E  mc_w.l(entry12b.o)
    0x08000144   0x08000144   0x00000000   Code   RO         5658    .ARM.Collect$$$$0000000F  mc_w.l(entry10a.o)
    0x08000144   0x08000144   0x00000000   Code   RO         5660    .ARM.Collect$$$$00000011  mc_w.l(entry11a.o)
    0x08000144   0x08000144   0x00000004   Code   RO         5649    .ARM.Collect$$$$00002712  mc_w.l(entry2.o)
    0x08000148   0x08000148   0x00000024   Code   RO         4771    .text               startup_gd32f30x_hd.o
    0x0800016c   0x0800016c   0x00000062   Code   RO         5362    .text               mc_w.l(uldiv.o)
    0x080001ce   0x080001ce   0x00000026   Code   RO         5625    .text               mf_w.l(f2d.o)
    0x080001f4   0x080001f4   0x0000002c   Code   RO         5665    .text               mc_w.l(uidiv.o)
    0x08000220   0x08000220   0x0000001e   Code   RO         5667    .text               mc_w.l(llshl.o)
    0x0800023e   0x0800023e   0x00000020   Code   RO         5669    .text               mc_w.l(llushr.o)
    0x0800025e   0x0800025e   0x00000000   Code   RO         5678    .text               mc_w.l(iusefp.o)
    0x0800025e   0x0800025e   0x0000006e   Code   RO         5679    .text               mf_w.l(fepilogue.o)
    0x080002cc   0x080002cc   0x00000052   Code   RO         5681    .text               mf_w.l(frem.o)
    0x0800031e   0x0800031e   0x0000014e   Code   RO         5683    .text               mf_w.l(dadd.o)
    0x0800046c   0x0800046c   0x000000e4   Code   RO         5685    .text               mf_w.l(dmul.o)
    0x08000550   0x08000550   0x000000de   Code   RO         5687    .text               mf_w.l(ddiv.o)
    0x0800062e   0x0800062e   0x00000030   Code   RO         5689    .text               mf_w.l(dfixul.o)
    0x0800065e   0x0800065e   0x00000002   PAD
    0x08000660   0x08000660   0x00000030   Code   RO         5691    .text               mf_w.l(cdrcmple.o)
    0x08000690   0x08000690   0x00000024   Code   RO         5693    .text               mc_w.l(init.o)
    0x080006b4   0x080006b4   0x00000024   Code   RO         5695    .text               mc_w.l(llsshr.o)
    0x080006d8   0x080006d8   0x000000ba   Code   RO         5697    .text               mf_w.l(depilogue.o)
    0x08000792   0x08000792   0x00000004   Code   RO          193    i.BusFault_Handler  gd32f30x_it.o
    0x08000796   0x08000796   0x00000002   PAD
    0x08000798   0x08000798   0x00000018   Code   RO         5066    i.DFOC_M0_SET_VEL_PID  foc.o
    0x080007b0   0x080007b0   0x00000020   Code   RO         5067    i.DFOC_M0_VEL_PID   foc.o
    0x080007d0   0x080007d0   0x00000070   Code   RO         5068    i.DFOC_M0_Velocity  foc.o
    0x08000840   0x08000840   0x00000094   Code   RO         5070    i.DFOC_M0_setVelocity  foc.o
    0x080008d4   0x080008d4   0x00000098   Code   RO         5073    i.DFOC_Vbus         foc.o
    0x0800096c   0x0800096c   0x00000028   Code   RO          194    i.DMA0_Channel0_IRQHandler  gd32f30x_it.o
    0x08000994   0x08000994   0x00000002   Code   RO          195    i.DebugMon_Handler  gd32f30x_it.o
    0x08000996   0x08000996   0x00000002   PAD
    0x08000998   0x08000998   0x00000078   Code   RO          611    i.DebugPrint_log    debug_print_log.o
    0x08000a10   0x08000a10   0x00000164   Code   RO         4913    i.Elect_Angle_Conversion_Mechanical_Angle  get_angle_from_hall.o
    0x08000b74   0x08000b74   0x000000d0   Code   RO         5239    i.Hall_Sensor_Init  sensor_angle_update.o
    0x08000c44   0x08000c44   0x00000004   Code   RO          196    i.HardFault_Handler  gd32f30x_it.o
    0x08000c48   0x08000c48   0x00000028   Code   RO         5187    i.LowPassFilter_Init  lowpass_filter.o
    0x08000c70   0x08000c70   0x000000b0   Code   RO         5188    i.LowPassFilter_Update  lowpass_filter.o
    0x08000d20   0x08000d20   0x00000004   Code   RO          197    i.MemManage_Handler  gd32f30x_it.o
    0x08000d24   0x08000d24   0x0000000c   Code   RO          369    i.Moto0_U_Enable    timer.o
    0x08000d30   0x08000d30   0x00000010   Code   RO          385    i.Moto1_U_Set_Val   timer.o
    0x08000d40   0x08000d40   0x00000010   Code   RO          390    i.Moto1_V_Set_Val   timer.o
    0x08000d50   0x08000d50   0x00000012   Code   RO          395    i.Moto1_W_Set_Val   timer.o
    0x08000d62   0x08000d62   0x00000002   Code   RO          198    i.NMI_Handler       gd32f30x_it.o
    0x08000d64   0x08000d64   0x00000028   Code   RO          292    i.NVIC_SetPriority  systick.o
    0x08000d8c   0x08000d8c   0x00000058   Code   RO         5213    i.PIDController_Init  pid.o
    0x08000de4   0x08000de4   0x000001a4   Code   RO         5214    i.PIDController_Update  pid.o
    0x08000f88   0x08000f88   0x00000002   Code   RO          199    i.PendSV_Handler    gd32f30x_it.o
    0x08000f8a   0x08000f8a   0x00000002   PAD
    0x08000f8c   0x08000f8c   0x000000f0   Code   RO          612    i.RecordPrintLog    debug_print_log.o
    0x0800107c   0x0800107c   0x00000002   Code   RO          200    i.SVC_Handler       gd32f30x_it.o
    0x0800107e   0x0800107e   0x0000002c   Code   RO         5240    i.Sensor_Angle_SensorInit  sensor_angle_update.o
    0x080010aa   0x080010aa   0x00000006   Code   RO         5242    i.Sensor_BLDC_GetElectricityAngle  sensor_angle_update.o
    0x080010b0   0x080010b0   0x0000010c   Code   RO         5244    i.Sensor_BLDC_GetVelocity  sensor_angle_update.o
    0x080011bc   0x080011bc   0x00000074   Code   RO         5245    i.Sensor_BLDC_Update  sensor_angle_update.o
    0x08001230   0x08001230   0x00000044   Code   RO         5246    i.Sensor_Para_Init  sensor_angle_update.o
    0x08001274   0x08001274   0x0000000e   Code   RO         4914    i.Sensor_angle_unwrapper_init  get_angle_from_hall.o
    0x08001282   0x08001282   0x00000002   PAD
    0x08001284   0x08001284   0x00000018   Code   RO          201    i.SysTick_Handler   gd32f30x_it.o
    0x0800129c   0x0800129c   0x00000148   Code   RO          642    i.SystemInit        system_gd32f30x.o
    0x080013e4   0x080013e4   0x00000048   Code   RO          202    i.USART0_IRQHandler  gd32f30x_it.o
    0x0800142c   0x0800142c   0x00000024   Code   RO          578    i.Uart_Init         uart.o
    0x08001450   0x08001450   0x00000004   Code   RO          203    i.UsageFault_Handler  gd32f30x_it.o
    0x08001454   0x08001454   0x00000020   Code   RO         5597    i.__0printf         mc_w.l(printfa.o)
    0x08001474   0x08001474   0x00000026   Code   RO         5629    i.__ARM_fpclassifyf  m_wm.l(fpclassifyf.o)
    0x0800149a   0x0800149a   0x00000002   PAD
    0x0800149c   0x0800149c   0x000002ac   Code   RO         5299    i.__hardfp_atan2f   m_wm.l(atan2f.o)
    0x08001748   0x08001748   0x00000150   Code   RO         5311    i.__hardfp_cosf     m_wm.l(cosf.o)
    0x08001898   0x08001898   0x000000b0   Code   RO         5323    i.__hardfp_fmodf    m_wm.l(fmodf.o)
    0x08001948   0x08001948   0x00000190   Code   RO         5335    i.__hardfp_sinf     m_wm.l(sinf.o)
    0x08001ad8   0x08001ad8   0x0000003a   Code   RO         5347    i.__hardfp_sqrtf    m_wm.l(sqrtf.o)
    0x08001b12   0x08001b12   0x00000006   Code   RO         5632    i.__mathlib_flt_infnan  m_wm.l(funder.o)
    0x08001b18   0x08001b18   0x00000006   Code   RO         5633    i.__mathlib_flt_infnan2  m_wm.l(funder.o)
    0x08001b1e   0x08001b1e   0x00000002   PAD
    0x08001b20   0x08001b20   0x00000010   Code   RO         5634    i.__mathlib_flt_invalid  m_wm.l(funder.o)
    0x08001b30   0x08001b30   0x00000010   Code   RO         5637    i.__mathlib_flt_underflow  m_wm.l(funder.o)
    0x08001b40   0x08001b40   0x00000154   Code   RO         5645    i.__mathlib_rredf2  m_wm.l(rredf.o)
    0x08001c94   0x08001c94   0x0000000e   Code   RO         5701    i.__scatterload_copy  mc_w.l(handlers.o)
    0x08001ca2   0x08001ca2   0x00000002   Code   RO         5702    i.__scatterload_null  mc_w.l(handlers.o)
    0x08001ca4   0x08001ca4   0x0000000e   Code   RO         5703    i.__scatterload_zeroinit  mc_w.l(handlers.o)
    0x08001cb2   0x08001cb2   0x00000002   PAD
    0x08001cb4   0x08001cb4   0x0000000c   Code   RO         5673    i.__set_errno       mc_w.l(errno.o)
    0x08001cc0   0x08001cc0   0x00000054   Code   RO         5076    i._electricalAngle_speed  foc.o
    0x08001d14   0x08001d14   0x00000184   Code   RO         5604    i._fp_digits        mc_w.l(printfa.o)
    0x08001e98   0x08001e98   0x00000060   Code   RO          293    i._micros           systick.o
    0x08001ef8   0x08001ef8   0x00000048   Code   RO         5077    i._normalizeAngle_speed  foc.o
    0x08001f40   0x08001f40   0x000006b4   Code   RO         5605    i._printf_core      mc_w.l(printfa.o)
    0x080025f4   0x080025f4   0x00000024   Code   RO         5606    i._printf_post_padding  mc_w.l(printfa.o)
    0x08002618   0x08002618   0x0000002e   Code   RO         5607    i._printf_pre_padding  mc_w.l(printfa.o)
    0x08002646   0x08002646   0x0000001c   Code   RO          643    i._soft_delay_      system_gd32f30x.o
    0x08002662   0x08002662   0x0000002a   Code   RO          710    i.adc_calibration_enable  gd32f30x_adc.o
    0x0800268c   0x0800268c   0x00000046   Code   RO          711    i.adc_channel_length_config  gd32f30x_adc.o
    0x080026d2   0x080026d2   0x00000002   PAD
    0x080026d4   0x080026d4   0x00000024   Code   RO         4855    i.adc_config_init   adc.o
    0x080026f8   0x080026f8   0x00000016   Code   RO          712    i.adc_data_alignment_config  gd32f30x_adc.o
    0x0800270e   0x0800270e   0x00000002   PAD
    0x08002710   0x08002710   0x00000058   Code   RO          713    i.adc_deinit        gd32f30x_adc.o
    0x08002768   0x08002768   0x0000000a   Code   RO          717    i.adc_dma_mode_enable  gd32f30x_adc.o
    0x08002772   0x08002772   0x00000012   Code   RO          718    i.adc_enable        gd32f30x_adc.o
    0x08002784   0x08002784   0x0000003e   Code   RO          719    i.adc_external_trigger_config  gd32f30x_adc.o
    0x080027c2   0x080027c2   0x00000030   Code   RO          720    i.adc_external_trigger_source_config  gd32f30x_adc.o
    0x080027f2   0x080027f2   0x00000002   PAD
    0x080027f4   0x080027f4   0x0000001c   Code   RO          730    i.adc_mode_config   gd32f30x_adc.o
    0x08002810   0x08002810   0x000000ac   Code   RO          734    i.adc_regular_channel_config  gd32f30x_adc.o
    0x080028bc   0x080028bc   0x0000005a   Code   RO          738    i.adc_special_function_config  gd32f30x_adc.o
    0x08002916   0x08002916   0x00000002   PAD
    0x08002918   0x08002918   0x0000005c   Code   RO         4915    i.angle_unwrapper_update  get_angle_from_hall.o
    0x08002974   0x08002974   0x00000014   Code   RO          294    i.delay_1ms         systick.o
    0x08002988   0x08002988   0x00000018   Code   RO          295    i.delay_decrement   systick.o
    0x080029a0   0x080029a0   0x00000032   Code   RO         1730    i.dma_channel_enable  gd32f30x_dma.o
    0x080029d2   0x080029d2   0x00000032   Code   RO         1732    i.dma_circulation_enable  gd32f30x_dma.o
    0x08002a04   0x08002a04   0x00000068   Code   RO         4856    i.dma_config        adc.o
    0x08002a6c   0x08002a6c   0x00000070   Code   RO         1733    i.dma_deinit        gd32f30x_dma.o
    0x08002adc   0x08002adc   0x0000012e   Code   RO         1736    i.dma_init          gd32f30x_dma.o
    0x08002c0a   0x08002c0a   0x00000032   Code   RO         1738    i.dma_interrupt_enable  gd32f30x_dma.o
    0x08002c3c   0x08002c3c   0x00000010   Code   RO         1739    i.dma_interrupt_flag_clear  gd32f30x_dma.o
    0x08002c4c   0x08002c4c   0x00000082   Code   RO         1740    i.dma_interrupt_flag_get  gd32f30x_dma.o
    0x08002cce   0x08002cce   0x00000002   PAD
    0x08002cd0   0x08002cd0   0x00000018   Code   RO         1748    i.dma_periph_and_channel_check  gd32f30x_dma.o
    0x08002ce8   0x08002ce8   0x00000024   Code   RO          579    i.fputc             uart.o
    0x08002d0c   0x08002d0c   0x00000098   Code   RO         4712    i.gd_eval_com_init  gd32f303c_eval.o
    0x08002da4   0x08002da4   0x00000024   Code   RO         4916    i.get_angle_120deg  get_angle_from_hall.o
    0x08002dc8   0x08002dc8   0x00000114   Code   RO         4917    i.get_angle_from_120deg  get_angle_from_hall.o
    0x08002edc   0x08002edc   0x00000050   Code   RO          346    i.gpio_config       gpio.o
    0x08002f2c   0x08002f2c   0x000000bc   Code   RO         2480    i.gpio_init         gd32f30x_gpio.o
    0x08002fe8   0x08002fe8   0x000000f0   Code   RO         4857    i.hall_adc_init     adc.o
    0x080030d8   0x080030d8   0x00000050   Code   RO         4893    i.hall_adc_timer_init  adc_timer.o
    0x08003128   0x08003128   0x00000024   Code   RO         4777    i.hall_calibration_apply  automatic_calibration.o
    0x0800314c   0x0800314c   0x00000088   Code   RO         4780    i.hall_calibration_start  automatic_calibration.o
    0x080031d4   0x080031d4   0x0000013c   Code   RO            3    i.main              main.o
    0x08003310   0x08003310   0x00000022   Code   RO         4829    i.moving_avg_init   average_filter.o
    0x08003332   0x08003332   0x00000002   PAD
    0x08003334   0x08003334   0x000000c4   Code   RO         2804    i.nvic_irq_enable   gd32f30x_misc.o
    0x080033f8   0x080033f8   0x00000014   Code   RO         2805    i.nvic_priority_group_set  gd32f30x_misc.o
    0x0800340c   0x0800340c   0x0000006c   Code   RO         3000    i.rcu_adc_clock_config  gd32f30x_rcu.o
    0x08003478   0x08003478   0x00000158   Code   RO         3009    i.rcu_clock_freq_get  gd32f30x_rcu.o
    0x080035d0   0x080035d0   0x00000020   Code   RO         3027    i.rcu_periph_clock_enable  gd32f30x_rcu.o
    0x080035f0   0x080035f0   0x00000020   Code   RO         3030    i.rcu_periph_reset_disable  gd32f30x_rcu.o
    0x08003610   0x08003610   0x00000020   Code   RO         3031    i.rcu_periph_reset_enable  gd32f30x_rcu.o
    0x08003630   0x08003630   0x00000178   Code   RO         5078    i.setPwm_speed      foc.o
    0x080037a8   0x080037a8   0x000001f8   Code   RO         5079    i.setTorque         foc.o
    0x080039a0   0x080039a0   0x0000011c   Code   RO          645    i.system_clock_120m_hxtal  system_gd32f30x.o
    0x08003abc   0x08003abc   0x00000008   Code   RO          646    i.system_clock_config  system_gd32f30x.o
    0x08003ac4   0x08003ac4   0x00000050   Code   RO          296    i.systick_config    systick.o
    0x08003b14   0x08003b14   0x000000ec   Code   RO          396    i.timer0_config     timer.o
    0x08003c00   0x08003c00   0x000000f4   Code   RO          397    i.timer1_config     timer.o
    0x08003cf4   0x08003cf4   0x0000000a   Code   RO         3897    i.timer_auto_reload_shadow_enable  gd32f30x_timer.o
    0x08003cfe   0x08003cfe   0x00000002   PAD
    0x08003d00   0x08003d00   0x000001ec   Code   RO         3914    i.timer_channel_output_config  gd32f30x_timer.o
    0x08003eec   0x08003eec   0x0000005a   Code   RO         3916    i.timer_channel_output_mode_config  gd32f30x_timer.o
    0x08003f46   0x08003f46   0x00000026   Code   RO         3918    i.timer_channel_output_pulse_value_config  gd32f30x_timer.o
    0x08003f6c   0x08003f6c   0x0000005a   Code   RO         3919    i.timer_channel_output_shadow_config  gd32f30x_timer.o
    0x08003fc6   0x08003fc6   0x0000000c   Code   RO          398    i.timer_config_init  timer.o
    0x08003fd2   0x08003fd2   0x00000002   PAD
    0x08003fd4   0x08003fd4   0x000000dc   Code   RO         3927    i.timer_deinit      gd32f30x_timer.o
    0x080040b0   0x080040b0   0x0000000a   Code   RO         3932    i.timer_enable      gd32f30x_timer.o
    0x080040ba   0x080040ba   0x00000002   PAD
    0x080040bc   0x080040bc   0x00000098   Code   RO         3942    i.timer_init        gd32f30x_timer.o
    0x08004154   0x08004154   0x00000010   Code   RO         3952    i.timer_master_output_trigger_source_select  gd32f30x_timer.o
    0x08004164   0x08004164   0x00000018   Code   RO         3957    i.timer_primary_output_config  gd32f30x_timer.o
    0x0800417c   0x0800417c   0x00000016   Code   RO         3962    i.timer_struct_para_init  gd32f30x_timer.o
    0x08004192   0x08004192   0x00000002   PAD
    0x08004194   0x08004194   0x00000090   Code   RO         4340    i.usart_baudrate_set  gd32f30x_usart.o
    0x08004224   0x08004224   0x0000000a   Code   RO         4343    i.usart_data_receive  gd32f30x_usart.o
    0x0800422e   0x0800422e   0x00000008   Code   RO         4344    i.usart_data_transmit  gd32f30x_usart.o
    0x08004236   0x08004236   0x00000002   PAD
    0x08004238   0x08004238   0x00000090   Code   RO         4345    i.usart_deinit      gd32f30x_usart.o
    0x080042c8   0x080042c8   0x0000000a   Code   RO         4349    i.usart_enable      gd32f30x_usart.o
    0x080042d2   0x080042d2   0x0000001e   Code   RO         4351    i.usart_flag_get    gd32f30x_usart.o
    0x080042f0   0x080042f0   0x0000001a   Code   RO         4358    i.usart_interrupt_enable  gd32f30x_usart.o
    0x0800430a   0x0800430a   0x00000012   Code   RO         4359    i.usart_interrupt_flag_clear  gd32f30x_usart.o
    0x0800431c   0x0800431c   0x00000038   Code   RO         4360    i.usart_interrupt_flag_get  gd32f30x_usart.o
    0x08004354   0x08004354   0x00000014   Code   RO         4373    i.usart_receive_config  gd32f30x_usart.o
    0x08004368   0x08004368   0x00000014   Code   RO         4387    i.usart_transmit_config  gd32f30x_usart.o
    0x0800437c   0x0800437c   0x00000020   Data   RO         5646    .constdata          m_wm.l(rredf.o)
    0x0800439c   0x0800439c   0x00000020   Data   RO         5699    Region$$Table       anon$$obj.o


    Execution Region RW_IRAM1 (Exec base: 0x20000000, Load base: 0x080043bc, Size: 0x000093a8, Max: 0x0000c000, ABSOLUTE)

    Exec Addr    Load Addr    Size         Type   Attr      Idx    E Section Name        Object

    0x20000000   0x080043bc   0x00000006   Data   RW            5    .data               main.o
    0x20000006   0x080043c2   0x00000001   Data   RW          204    .data               gd32f30x_it.o
    0x20000007   0x080043c3   0x00000001   PAD
    0x20000008   0x080043c4   0x00000008   Data   RW          297    .data               systick.o
    0x20000010   0x080043cc   0x00000005   Data   RW          581    .data               uart.o
    0x20000015   0x080043d1   0x00000001   PAD
    0x20000016   0x080043d2   0x00000004   Data   RW          614    .data               debug_print_log.o
    0x2000001a   0x080043d6   0x00000002   PAD
    0x2000001c   0x080043d8   0x00000004   Data   RW          647    .data               system_gd32f30x.o
    0x20000020   0x080043dc   0x0000007d   Data   RW         4719    .data               gd32f303c_eval.o
    0x2000009d   0x08004459   0x00000003   PAD
    0x200000a0   0x0800445c   0x00000008   Data   RW         4858    .data               adc.o
    0x200000a8   0x08004464   0x00000038   Data   RW         5081    .data               foc.o
    0x200000e0   0x0800449c   0x00000004   Data   RW         5664    .data               mc_w.l(stdout.o)
    0x200000e4   0x080044a0   0x00000004   Data   RW         5674    .data               mc_w.l(errno.o)
    0x200000e8        -       0x00000050   Zero   RW            4    .bss                main.o
    0x20000138        -       0x00000014   Zero   RW          580    .bss                uart.o
    0x2000014c        -       0x00005dc0   Zero   RW          613    .bss                debug_print_log.o
    0x20005f0c        -       0x00000038   Zero   RW         4782    .bss                automatic_calibration.o
    0x20005f44        -       0x00003064   Zero   RW         5080    .bss                foc.o
    0x20008fa8        -       0x00000400   Zero   RW         4768    STACK               startup_gd32f30x_hd.o


==============================================================================

Image component sizes


      Code (inc. data)   RO Data    RW Data    ZI Data      Debug   Object Name

       380         30          0          8          0       2263   adc.o
        80          6          0          0          0        582   adc_timer.o
       172         42          0          0         56       2615   automatic_calibration.o
        34          0          0          0          0        890   average_filter.o
       360         72          0          4      24000       2322   debug_print_log.o
      1504        158          0         56      12388       7767   foc.o
       152         30          0        125          0       1731   gd32f303c_eval.o
       650         10          0          0          0       8229   gd32f30x_adc.o
       734          6          0          0          0      11821   gd32f30x_dma.o
       188          0          0          0          0        984   gd32f30x_gpio.o
       160         32          0          1          0       6793   gd32f30x_it.o
       216         20          0          0          0       1624   gd32f30x_misc.o
       548         68          0          0          0      21287   gd32f30x_rcu.o
      1164         48          0          0          0      24312   gd32f30x_timer.o
       486         16          0          0          0      14907   gd32f30x_usart.o
       774         44          0          0          0       4088   get_angle_from_hall.o
        80          8          0          0          0        494   gpio.o
       216         16          0          0          0       2004   lowpass_filter.o
       316        102          0          6         80      54325   main.o
       508         14          0          0          0       2224   pid.o
       710         90          0          0          0       4325   sensor_angle_update.o
        36          8        304          0       1024        948   startup_gd32f30x_hd.o
       648         30          0          4          0       8703   system_gd32f30x.o
       260         38          0          8          0      29692   systick.o
       554         10          0          0          0       3887   timer.o
        72          8          0          5         20       1840   uart.o

    ----------------------------------------------------------------------
     11032        906        336        224      37568     220657   Object Totals
         0          0         32          0          0          0   (incl. Generated)
        30          0          0          7          0          0   (incl. Padding)

    ----------------------------------------------------------------------

      Code (inc. data)   RO Data    RW Data    ZI Data      Debug   Library Member Name

       684         90          0          0          0        208   atan2f.o
       336         56          0          0          0        136   cosf.o
       176          0          0          0          0        168   fmodf.o
        38          0          0          0          0        116   fpclassifyf.o
        44         12          0          0          0        464   funder.o
       340         24         32          0          0        160   rredf.o
       400         56          0          0          0        212   sinf.o
        58          0          0          0          0        136   sqrtf.o
         0          0          0          0          0          0   entry.o
         0          0          0          0          0          0   entry10a.o
         0          0          0          0          0          0   entry11a.o
         4          0          0          0          0          0   entry12b.o
         8          4          0          0          0          0   entry2.o
         4          0          0          0          0          0   entry5.o
         0          0          0          0          0          0   entry7b.o
         0          0          0          0          0          0   entry8b.o
         8          4          0          0          0          0   entry9a.o
        12          6          0          4          0         68   errno.o
        30          0          0          0          0          0   handlers.o
        36          8          0          0          0         68   init.o
         0          0          0          0          0          0   iusefp.o
        30          0          0          0          0         68   llshl.o
        36          0          0          0          0         68   llsshr.o
        32          0          0          0          0         68   llushr.o
      2218         90          0          0          0        464   printfa.o
         0          0          0          4          0          0   stdout.o
        44          0          0          0          0         80   uidiv.o
        98          0          0          0          0         92   uldiv.o
        48          0          0          0          0         68   cdrcmple.o
       334          0          0          0          0        148   dadd.o
       222          0          0          0          0        100   ddiv.o
       186          0          0          0          0        176   depilogue.o
        48          0          0          0          0         68   dfixul.o
       228          0          0          0          0         96   dmul.o
        38          0          0          0          0         68   f2d.o
       110          0          0          0          0        168   fepilogue.o
        82          0          0          0          0         96   frem.o

    ----------------------------------------------------------------------
      5940        350         32          8          0       3564   Library Totals
         8          0          0          0          0          0   (incl. Padding)

    ----------------------------------------------------------------------

      Code (inc. data)   RO Data    RW Data    ZI Data      Debug   Library Name

      2076        238         32          0          0       1600   m_wm.l
      2560        112          0          8          0        976   mc_w.l
      1296          0          0          0          0        988   mf_w.l

    ----------------------------------------------------------------------
      5940        350         32          8          0       3564   Library Totals

    ----------------------------------------------------------------------

==============================================================================


      Code (inc. data)   RO Data    RW Data    ZI Data      Debug   

     16972       1256        368        232      37568     211989   Grand Totals
     16972       1256        368        232      37568     211989   ELF Image Totals
     16972       1256        368        232          0          0   ROM Totals

==============================================================================

    Total RO  Size (Code + RO Data)                17340 (  16.93kB)
    Total RW  Size (RW Data + ZI Data)             37800 (  36.91kB)
    Total ROM Size (Code + RO Data + RW Data)      17572 (  17.16kB)

==============================================================================

