Component: ARM Compiler 5.06 update 7 (build 960) Tool: armlink [4d3601]

==============================================================================

Section Cross References

    main.o(i.main) refers to systick.o(i.systick_config) for systick_config
    main.o(i.main) refers to gpio.o(i.gpio_config) for gpio_config
    main.o(i.main) refers to uart.o(i.Uart_Init) for Uart_Init
    main.o(i.main) refers to adc_timer.o(i.hall_adc_timer_init) for hall_adc_timer_init
    main.o(i.main) refers to adc.o(i.adc_config_init) for adc_config_init
    main.o(i.main) refers to automatic_calibration.o(i.hall_calibration_start) for hall_calibration_start
    main.o(i.main) refers to get_angle_from_hall.o(i.angle_unwrapper_init) for angle_unwrapper_init
    main.o(i.main) refers to timer.o(i.Moto0_U_Enable) for Moto0_U_Enable
    main.o(i.main) refers to systick.o(i.delay_1ms) for delay_1ms
    main.o(i.main) refers to timer.o(i.timer_config_init) for timer_config_init
    main.o(i.main) refers to printfa.o(i.__0printf) for __2printf
    main.o(i.main) refers to get_angle_from_hall.o(i.get_electrical_angle_unwrapped) for get_electrical_angle_unwrapped
    main.o(i.main) refers to foc_control.o(i.foc_control_task) for foc_control_task
    main.o(i.main) refers to debug_print_log.o(i.RecordPrintLog) for RecordPrintLog
    main.o(i.main) refers to automatic_calibration.o(.bss) for hall_a_cal
    main.o(i.main) refers to get_angle_from_hall.o(.bss) for angle_record
    main.o(i.main) refers to uart.o(.data) for rx_counter
    main.o(i.main) refers to uart.o(.bss) for rx_buffer
    main.o(i.main) refers to main.o(.data) for g_start_flag
    main.o(i.main) refers to gd32f30x_it.o(.data) for dma_transfer_complete
    main.o(i.main) refers to adc.o(.data) for adc_value
    main.o(i.main) refers to get_angle_from_hall.o(.data) for electrical_angle
    gd32f30x_it.o(i.DMA0_Channel0_IRQHandler) refers to gd32f30x_dma.o(i.dma_interrupt_flag_get) for dma_interrupt_flag_get
    gd32f30x_it.o(i.DMA0_Channel0_IRQHandler) refers to gd32f30x_dma.o(i.dma_interrupt_flag_clear) for dma_interrupt_flag_clear
    gd32f30x_it.o(i.DMA0_Channel0_IRQHandler) refers to gd32f30x_it.o(.data) for dma_transfer_complete
    gd32f30x_it.o(i.SysTick_Handler) refers to systick.o(i.delay_decrement) for delay_decrement
    gd32f30x_it.o(i.SysTick_Handler) refers to systick.o(.data) for sysTickUptime
    gd32f30x_it.o(i.USART0_IRQHandler) refers to gd32f30x_usart.o(i.usart_interrupt_flag_get) for usart_interrupt_flag_get
    gd32f30x_it.o(i.USART0_IRQHandler) refers to gd32f30x_usart.o(i.usart_data_receive) for usart_data_receive
    gd32f30x_it.o(i.USART0_IRQHandler) refers to gd32f30x_usart.o(i.usart_interrupt_flag_clear) for usart_interrupt_flag_clear
    gd32f30x_it.o(i.USART0_IRQHandler) refers to uart.o(.data) for rx_counter
    gd32f30x_it.o(i.USART0_IRQHandler) refers to uart.o(.bss) for rx_buffer
    systick.o(i._micros) refers to uldiv.o(.text) for __aeabi_uldivmod
    systick.o(i._micros) refers to systick.o(.data) for sysTickUptime
    systick.o(i._micros) refers to system_gd32f30x.o(.data) for SystemCoreClock
    systick.o(i.delay_1ms) refers to systick.o(.data) for delay
    systick.o(i.delay_decrement) refers to systick.o(.data) for delay
    systick.o(i.systick_config) refers to systick.o(i.NVIC_SetPriority) for NVIC_SetPriority
    systick.o(i.systick_config) refers to system_gd32f30x.o(.data) for SystemCoreClock
    gpio.o(i.gpio_config) refers to gd32f30x_rcu.o(i.rcu_periph_clock_enable) for rcu_periph_clock_enable
    gpio.o(i.gpio_config) refers to gd32f30x_gpio.o(i.gpio_init) for gpio_init
    timer.o(i.Moto0_UV_Run) refers to timer.o(i.Moto0_U_Enable) for Moto0_U_Enable
    timer.o(i.Moto0_UV_Run) refers to timer.o(i.Moto0_U_Set_Val) for Moto0_U_Set_Val
    timer.o(i.Moto0_UV_Run) refers to timer.o(i.Moto0_V_Enable) for Moto0_V_Enable
    timer.o(i.Moto0_UV_Run) refers to timer.o(i.Moto0_V_Set_Val) for Moto0_V_Set_Val
    timer.o(i.Moto0_UV_Run) refers to timer.o(i.Moto0_W_Disable) for Moto0_W_Disable
    timer.o(i.Moto0_UV_Run) refers to timer.o(i.Moto0_W_Set_Val) for Moto0_W_Set_Val
    timer.o(i.Moto0_UW_Run) refers to timer.o(i.Moto0_U_Enable) for Moto0_U_Enable
    timer.o(i.Moto0_UW_Run) refers to timer.o(i.Moto0_U_Set_Val) for Moto0_U_Set_Val
    timer.o(i.Moto0_UW_Run) refers to timer.o(i.Moto0_W_Enable) for Moto0_W_Enable
    timer.o(i.Moto0_UW_Run) refers to timer.o(i.Moto0_W_Set_Val) for Moto0_W_Set_Val
    timer.o(i.Moto0_UW_Run) refers to timer.o(i.Moto0_V_Disable) for Moto0_V_Disable
    timer.o(i.Moto0_UW_Run) refers to timer.o(i.Moto0_V_Set_Val) for Moto0_V_Set_Val
    timer.o(i.Moto0_U_Set_Val) refers to gd32f30x_timer.o(i.timer_channel_output_pulse_value_config) for timer_channel_output_pulse_value_config
    timer.o(i.Moto0_VU_Run) refers to timer.o(i.Moto0_V_Enable) for Moto0_V_Enable
    timer.o(i.Moto0_VU_Run) refers to timer.o(i.Moto0_V_Set_Val) for Moto0_V_Set_Val
[...]
    Removing gd32f30x_timer.o(i.timer_write_chxval_register_config), (34 bytes).
    Removing gd32f30x_usart.o(.rev16_text), (4 bytes).
    Removing gd32f30x_usart.o(.revsh_text), (4 bytes).
    Removing gd32f30x_usart.o(i.usart_address_config), (20 bytes).
    Removing gd32f30x_usart.o(i.usart_block_length_config), (28 bytes).
    Removing gd32f30x_usart.o(i.usart_data_first_config), (20 bytes).
    Removing gd32f30x_usart.o(i.usart_disable), (10 bytes).
    Removing gd32f30x_usart.o(i.usart_dma_receive_config), (20 bytes).
    Removing gd32f30x_usart.o(i.usart_dma_transmit_config), (20 bytes).
    Removing gd32f30x_usart.o(i.usart_flag_clear), (18 bytes).
    Removing gd32f30x_usart.o(i.usart_guard_time_config), (24 bytes).
    Removing gd32f30x_usart.o(i.usart_halfduplex_disable), (10 bytes).
    Removing gd32f30x_usart.o(i.usart_halfduplex_enable), (10 bytes).
    Removing gd32f30x_usart.o(i.usart_hardware_flow_cts_config), (20 bytes).
    Removing gd32f30x_usart.o(i.usart_hardware_flow_rts_config), (20 bytes).
    Removing gd32f30x_usart.o(i.usart_interrupt_disable), (26 bytes).
    Removing gd32f30x_usart.o(i.usart_invert_config), (104 bytes).
    Removing gd32f30x_usart.o(i.usart_irda_lowpower_config), (20 bytes).
    Removing gd32f30x_usart.o(i.usart_irda_mode_disable), (10 bytes).
    Removing gd32f30x_usart.o(i.usart_irda_mode_enable), (10 bytes).
    Removing gd32f30x_usart.o(i.usart_lin_break_detection_length_config), (20 bytes).
    Removing gd32f30x_usart.o(i.usart_lin_mode_disable), (10 bytes).
    Removing gd32f30x_usart.o(i.usart_lin_mode_enable), (10 bytes).
    Removing gd32f30x_usart.o(i.usart_mute_mode_disable), (10 bytes).
    Removing gd32f30x_usart.o(i.usart_mute_mode_enable), (10 bytes).
    Removing gd32f30x_usart.o(i.usart_mute_mode_wakeup_config), (16 bytes).
    Removing gd32f30x_usart.o(i.usart_parity_config), (16 bytes).
    Removing gd32f30x_usart.o(i.usart_prescaler_config), (16 bytes).
    Removing gd32f30x_usart.o(i.usart_receiver_timeout_disable), (14 bytes).
    Removing gd32f30x_usart.o(i.usart_receiver_timeout_enable), (14 bytes).
    Removing gd32f30x_usart.o(i.usart_receiver_timeout_threshold_config), (20 bytes).
    Removing gd32f30x_usart.o(i.usart_send_break), (10 bytes).
    Removing gd32f30x_usart.o(i.usart_smartcard_autoretry_config), (26 bytes).
    Removing gd32f30x_usart.o(i.usart_smartcard_mode_disable), (10 bytes).
    Removing gd32f30x_usart.o(i.usart_smartcard_mode_enable), (10 bytes).
    Removing gd32f30x_usart.o(i.usart_smartcard_mode_nack_disable), (10 bytes).
    Removing gd32f30x_usart.o(i.usart_smartcard_mode_nack_enable), (10 bytes).
    Removing gd32f30x_usart.o(i.usart_stop_bit_set), (16 bytes).
    Removing gd32f30x_usart.o(i.usart_synchronous_clock_config), (34 bytes).
    Removing gd32f30x_usart.o(i.usart_synchronous_clock_disable), (10 bytes).
    Removing gd32f30x_usart.o(i.usart_synchronous_clock_enable), (10 bytes).
    Removing gd32f30x_usart.o(i.usart_word_length_set), (16 bytes).
    Removing gd32f30x_wwdgt.o(.rev16_text), (4 bytes).
    Removing gd32f30x_wwdgt.o(.revsh_text), (4 bytes).
    Removing gd32f30x_wwdgt.o(i.wwdgt_config), (28 bytes).
    Removing gd32f30x_wwdgt.o(i.wwdgt_counter_update), (16 bytes).
    Removing gd32f30x_wwdgt.o(i.wwdgt_deinit), (20 bytes).
    Removing gd32f30x_wwdgt.o(i.wwdgt_enable), (20 bytes).
    Removing gd32f30x_wwdgt.o(i.wwdgt_flag_clear), (12 bytes).
    Removing gd32f30x_wwdgt.o(i.wwdgt_flag_get), (24 bytes).
    Removing gd32f30x_wwdgt.o(i.wwdgt_interrupt_enable), (20 bytes).
    Removing gd32f303c_eval.o(.rev16_text), (4 bytes).
    Removing gd32f303c_eval.o(.revsh_text), (4 bytes).
    Removing gd32f303c_eval.o(i.gd_eval_key_init), (128 bytes).
    Removing gd32f303c_eval.o(i.gd_eval_key_state_get), (32 bytes).
    Removing gd32f303c_eval.o(i.gd_eval_led_init), (64 bytes).
    Removing gd32f303c_eval.o(i.gd_eval_led_off), (24 bytes).
    Removing gd32f303c_eval.o(i.gd_eval_led_on), (24 bytes).
    Removing gd32f303c_eval.o(i.gd_eval_led_toggle), (56 bytes).
    Removing startup_gd32f30x_hd.o(HEAP), (1024 bytes).
    Removing automatic_calibration.o(.rev16_text), (4 bytes).
    Removing automatic_calibration.o(.revsh_text), (4 bytes).
    Removing automatic_calibration.o(i.hall_calibration_finish), (84 bytes).
    Removing automatic_calibration.o(i.hall_calibration_processing), (484 bytes).
    Removing automatic_calibration.o(i.hall_calibration_update), (38 bytes).
    Removing automatic_calibration.o(.conststring), (65 bytes).
    Removing automatic_calibration.o(.data), (8 bytes).
    Removing average_filter.o(.rev16_text), (4 bytes).
    Removing average_filter.o(.revsh_text), (4 bytes).
    Removing average_filter.o(i.moving_avg_init), (28 bytes).
    Removing average_filter.o(i.moving_avg_update), (52 bytes).
    Removing adc.o(.rev16_text), (4 bytes).
    Removing adc.o(.revsh_text), (4 bytes).
    Removing adc_timer.o(.rev16_text), (4 bytes).
    Removing adc_timer.o(.revsh_text), (4 bytes).
    Removing foc_control.o(.rev16_text), (4 bytes).
    Removing foc_control.o(.revsh_text), (4 bytes).
    Removing get_angle_from_hall.o(.rev16_text), (4 bytes).
    Removing get_angle_from_hall.o(.revsh_text), (4 bytes).

666 unused section(s) (total 23729 bytes) removed from the image.

==============================================================================

Image Symbol Table

    Local Symbols

    Symbol Name                              Value     Ov Type        Size  Object(Section)

    ../clib/microlib/division.c              0x00000000   Number         0  uldiv.o ABSOLUTE
    ../clib/microlib/division.c              0x00000000   Number         0  uidiv.o ABSOLUTE
    ../clib/microlib/errno.c                 0x00000000   Number         0  errno.o ABSOLUTE
    ../clib/microlib/init/entry.s            0x00000000   Number         0  entry7a.o ABSOLUTE
    ../clib/microlib/init/entry.s            0x00000000   Number         0  entry.o ABSOLUTE
    ../clib/microlib/init/entry.s            0x00000000   Number         0  entry12a.o ABSOLUTE
    ../clib/microlib/init/entry.s            0x00000000   Number         0  entry11b.o ABSOLUTE
    ../clib/microlib/init/entry.s            0x00000000   Number         0  entry11a.o ABSOLUTE
    ../clib/microlib/init/entry.s            0x00000000   Number         0  entry10a.o ABSOLUTE
    ../clib/microlib/init/entry.s            0x00000000   Number         0  entry9b.o ABSOLUTE
    ../clib/microlib/init/entry.s            0x00000000   Number         0  entry9a.o ABSOLUTE
    ../clib/microlib/init/entry.s            0x00000000   Number         0  entry8b.o ABSOLUTE
    ../clib/microlib/init/entry.s            0x00000000   Number         0  entry8a.o ABSOLUTE
    ../clib/microlib/init/entry.s            0x00000000   Number         0  entry10b.o ABSOLUTE
    ../clib/microlib/init/entry.s            0x00000000   Number         0  entry7b.o ABSOLUTE
    ../clib/microlib/init/entry.s            0x00000000   Number         0  entry5.o ABSOLUTE
    ../clib/microlib/init/entry.s            0x00000000   Number         0  entry2.o ABSOLUTE
    ../clib/microlib/init/entry.s            0x00000000   Number         0  entry12b.o ABSOLUTE
    ../clib/microlib/longlong.c              0x00000000   Number         0  llsshr.o ABSOLUTE
    ../clib/microlib/longlong.c              0x00000000   Number         0  llushr.o ABSOLUTE
    ../clib/microlib/longlong.c              0x00000000   Number         0  llshl.o ABSOLUTE
    ../clib/microlib/printf/printf.c         0x00000000   Number         0  printf7.o ABSOLUTE
    ../clib/microlib/printf/printf.c         0x00000000   Number         0  printf8.o ABSOLUTE
    ../clib/microlib/printf/printf.c         0x00000000   Number         0  printf3.o ABSOLUTE
    ../clib/microlib/printf/printf.c         0x00000000   Number         0  printf2.o ABSOLUTE
    ../clib/microlib/printf/printf.c         0x00000000   Number         0  printf1.o ABSOLUTE
    ../clib/microlib/printf/printf.c         0x00000000   Number         0  printf0.o ABSOLUTE
    ../clib/microlib/printf/printf.c         0x00000000   Number         0  printfb.o ABSOLUTE
    ../clib/microlib/printf/printf.c         0x00000000   Number         0  printfa.o ABSOLUTE
    ../clib/microlib/printf/printf.c         0x00000000   Number         0  printf4.o ABSOLUTE
    ../clib/microlib/printf/printf.c         0x00000000   Number         0  printf6.o ABSOLUTE
    ../clib/microlib/printf/printf.c         0x00000000   Number         0  printf5.o ABSOLUTE
    ../clib/microlib/printf/stubs.s          0x00000000   Number         0  stubs.o ABSOLUTE
    ../clib/microlib/stdio/streams.c         0x00000000   Number         0  stdout.o ABSOLUTE
    ../clib/microlib/stubs.s                 0x00000000   Number         0  iusefp.o ABSOLUTE
    ../fplib/microlib/f2d.c                  0x00000000   Number         0  f2d.o ABSOLUTE
    ../fplib/microlib/fpadd.c                0x00000000   Number         0  dadd.o ABSOLUTE
    ../fplib/microlib/fpdiv.c                0x00000000   Number         0  ddiv.o ABSOLUTE
    ../fplib/microlib/fpepilogue.c           0x00000000   Number         0  depilogue.o ABSOLUTE
    ../fplib/microlib/fpfix.c                0x00000000   Number         0  dfixul.o ABSOLUTE
    ../fplib/microlib/fpmul.c                0x00000000   Number         0  dmul.o ABSOLUTE
    ../mathlib/atan2f.c                      0x00000000   Number         0  atan2f.o ABSOLUTE
    ../mathlib/atan2f.c                      0x00000000   Number         0  atan2f_x.o ABSOLUTE
    ../mathlib/cosf.c                        0x00000000   Number         0  cosf.o ABSOLUTE
    ../mathlib/cosf.c                        0x00000000   Number         0  cosf_x.o ABSOLUTE
    ../mathlib/fpclassifyf.c                 0x00000000   Number         0  fpclassifyf.o ABSOLUTE
    ../mathlib/funder.c                      0x00000000   Number         0  funder.o ABSOLUTE
    ../mathlib/rredf.c                       0x00000000   Number         0  rredf.o ABSOLUTE
    ../mathlib/sqrtf.c                       0x00000000   Number         0  sqrtf.o ABSOLUTE
    ../mathlib/sqrtf.c                       0x00000000   Number         0  sqrtf_x.o ABSOLUTE
    ..\..\GD32F30x_Firmware_Library\CMSIS\GD\GD32F30x\Source\ARM\startup_gd32f30x_hd.s 0x00000000   Number         0  startup_gd32f30x_hd.o ABSOLUTE
    ..\..\GD32F30x_Firmware_Library\CMSIS\GD\GD32F30x\Source\system_gd32f30x.c 0x00000000   Number         0  system_gd32f30x.o ABSOLUTE
    ..\..\GD32F30x_Firmware_Library\GD32F30x_standard_peripheral\Source\gd32f30x_adc.c 0x00000000   Number         0  gd32f30x_adc.o ABSOLUTE
    ..\..\GD32F30x_Firmware_Library\GD32F30x_standard_peripheral\Source\gd32f30x_bkp.c 0x00000000   Number         0  gd32f30x_bkp.o ABSOLUTE
    ..\..\GD32F30x_Firmware_Library\GD32F30x_standard_peripheral\Source\gd32f30x_can.c 0x00000000   Number         0  gd32f30x_can.o ABSOLUTE
    ..\..\GD32F30x_Firmware_Library\GD32F30x_standard_peripheral\Source\gd32f30x_crc.c 0x00000000   Number         0  gd32f30x_crc.o ABSOLUTE
    ..\..\GD32F30x_Firmware_Library\GD32F30x_standard_peripheral\Source\gd32f30x_ctc.c 0x00000000   Number         0  gd32f30x_ctc.o ABSOLUTE
    ..\..\GD32F30x_Firmware_Library\GD32F30x_standard_peripheral\Source\gd32f30x_dac.c 0x00000000   Number         0  gd32f30x_dac.o ABSOLUTE
    ..\..\GD32F30x_Firmware_Library\GD32F30x_standard_peripheral\Source\gd32f30x_dbg.c 0x00000000   Number         0  gd32f30x_dbg.o ABSOLUTE
    ..\..\GD32F30x_Firmware_Library\GD32F30x_standard_peripheral\Source\gd32f30x_dma.c 0x00000000   Number         0  gd32f30x_dma.o ABSOLUTE
    ..\..\GD32F30x_Firmware_Library\GD32F30x_standard_peripheral\Source\gd32f30x_enet.c 0x00000000   Number         0  gd32f30x_enet.o ABSOLUTE
    ..\..\GD32F30x_Firmware_Library\GD32F30x_standard_peripheral\Source\gd32f30x_exmc.c 0x00000000   Number         0  gd32f30x_exmc.o ABSOLUTE
    ..\..\GD32F30x_Firmware_Library\GD32F30x_standard_peripheral\Source\gd32f30x_exti.c 0x00000000   Number         0  gd32f30x_exti.o ABSOLUTE
    ..\..\GD32F30x_Firmware_Library\GD32F30x_standard_peripheral\Source\gd32f30x_fmc.c 0x00000000   Number         0  gd32f30x_fmc.o ABSOLUTE
    ..\..\GD32F30x_Firmware_Library\GD32F30x_standard_peripheral\Source\gd32f30x_fwdgt.c 0x00000000   Number         0  gd32f30x_fwdgt.o ABSOLUTE
    ..\..\GD32F30x_Firmware_Library\GD32F30x_standard_peripheral\Source\gd32f30x_gpio.c 0x00000000   Number         0  gd32f30x_gpio.o ABSOLUTE
    ..\..\GD32F30x_Firmware_Library\GD32F30x_standard_peripheral\Source\gd32f30x_i2c.c 0x00000000   Number         0  gd32f30x_i2c.o ABSOLUTE
    ..\..\GD32F30x_Firmware_Library\GD32F30x_standard_peripheral\Source\gd32f30x_misc.c 0x00000000   Number         0  gd32f30x_misc.o ABSOLUTE
    ..\..\GD32F30x_Firmware_Library\GD32F30x_standard_peripheral\Source\gd32f30x_pmu.c 0x00000000   Number         0  gd32f30x_pmu.o ABSOLUTE
    ..\..\GD32F30x_Firmware_Library\GD32F30x_standard_peripheral\Source\gd32f30x_rcu.c 0x00000000   Number         0  gd32f30x_rcu.o ABSOLUTE
    ..\..\GD32F30x_Firmware_Library\GD32F30x_standard_peripheral\Source\gd32f30x_rtc.c 0x00000000   Number         0  gd32f30x_rtc.o ABSOLUTE
    ..\..\GD32F30x_Firmware_Library\GD32F30x_standard_peripheral\Source\gd32f30x_sdio.c 0x00000000   Number         0  gd32f30x_sdio.o ABSOLUTE
    ..\..\GD32F30x_Firmware_Library\GD32F30x_standard_peripheral\Source\gd32f30x_spi.c 0x00000000   Number         0  gd32f30x_spi.o ABSOLUTE
    ..\..\GD32F30x_Firmware_Library\GD32F30x_standard_peripheral\Source\gd32f30x_timer.c 0x00000000   Number         0  gd32f30x_timer.o ABSOLUTE
    ..\..\GD32F30x_Firmware_Library\GD32F30x_standard_peripheral\Source\gd32f30x_usart.c 0x00000000   Number         0  gd32f30x_usart.o ABSOLUTE
    ..\..\GD32F30x_Firmware_Library\GD32F30x_standard_peripheral\Source\gd32f30x_wwdgt.c 0x00000000   Number         0  gd32f30x_wwdgt.o ABSOLUTE
    ..\..\Utilities\gd32f303c_eval.c         0x00000000   Number         0  gd32f303c_eval.o ABSOLUTE
    ..\2HALL_120_FOC\adc.c                   0x00000000   Number         0  adc.o ABSOLUTE
    ..\2HALL_120_FOC\adc_timer.c             0x00000000   Number         0  adc_timer.o ABSOLUTE
    ..\2HALL_120_FOC\automatic_calibration.c 0x00000000   Number         0  automatic_calibration.o ABSOLUTE
    ..\2HALL_120_FOC\average_filter.c        0x00000000   Number         0  average_filter.o ABSOLUTE
    ..\2HALL_120_FOC\foc_control.c           0x00000000   Number         0  foc_control.o ABSOLUTE
    ..\2HALL_120_FOC\get_angle_from_hall.c   0x00000000   Number         0  get_angle_from_hall.o ABSOLUTE
    ..\\..\\GD32F30x_Firmware_Library\\CMSIS\\GD\\GD32F30x\\Source\\system_gd32f30x.c 0x00000000   Number         0  system_gd32f30x.o ABSOLUTE
    ..\\..\\GD32F30x_Firmware_Library\\GD32F30x_standard_peripheral\\Source\\gd32f30x_adc.c 0x00000000   Number         0  gd32f30x_adc.o ABSOLUTE
    ..\\..\\GD32F30x_Firmware_Library\\GD32F30x_standard_peripheral\\Source\\gd32f30x_bkp.c 0x00000000   Number         0  gd32f30x_bkp.o ABSOLUTE
    ..\\..\\GD32F30x_Firmware_Library\\GD32F30x_standard_peripheral\\Source\\gd32f30x_can.c 0x00000000   Number         0  gd32f30x_can.o ABSOLUTE
    ..\\..\\GD32F30x_Firmware_Library\\GD32F30x_standard_peripheral\\Source\\gd32f30x_crc.c 0x00000000   Number         0  gd32f30x_crc.o ABSOLUTE
    ..\\..\\GD32F30x_Firmware_Library\\GD32F30x_standard_peripheral\\Source\\gd32f30x_ctc.c 0x00000000   Number         0  gd32f30x_ctc.o ABSOLUTE
    ..\\..\\GD32F30x_Firmware_Library\\GD32F30x_standard_peripheral\\Source\\gd32f30x_dac.c 0x00000000   Number         0  gd32f30x_dac.o ABSOLUTE
    ..\\..\\GD32F30x_Firmware_Library\\GD32F30x_standard_peripheral\\Source\\gd32f30x_dbg.c 0x00000000   Number         0  gd32f30x_dbg.o ABSOLUTE
    ..\\..\\GD32F30x_Firmware_Library\\GD32F30x_standard_peripheral\\Source\\gd32f30x_dma.c 0x00000000   Number         0  gd32f30x_dma.o ABSOLUTE
    ..\\..\\GD32F30x_Firmware_Library\\GD32F30x_standard_peripheral\\Source\\gd32f30x_enet.c 0x00000000   Number         0  gd32f30x_enet.o ABSOLUTE
    ..\\..\\GD32F30x_Firmware_Library\\GD32F30x_standard_peripheral\\Source\\gd32f30x_exmc.c 0x00000000   Number         0  gd32f30x_exmc.o ABSOLUTE
    ..\\..\\GD32F30x_Firmware_Library\\GD32F30x_standard_peripheral\\Source\\gd32f30x_exti.c 0x00000000   Number         0  gd32f30x_exti.o ABSOLUTE
    ..\\..\\GD32F30x_Firmware_Library\\GD32F30x_standard_peripheral\\Source\\gd32f30x_fmc.c 0x00000000   Number         0  gd32f30x_fmc.o ABSOLUTE
    ..\\..\\GD32F30x_Firmware_Library\\GD32F30x_standard_peripheral\\Source\\gd32f30x_fwdgt.c 0x00000000   Number         0  gd32f30x_fwdgt.o ABSOLUTE
    ..\\..\\GD32F30x_Firmware_Library\\GD32F30x_standard_peripheral\\Source\\gd32f30x_gpio.c 0x00000000   Number         0  gd32f30x_gpio.o ABSOLUTE
    ..\\..\\GD32F30x_Firmware_Library\\GD32F30x_standard_peripheral\\Source\\gd32f30x_i2c.c 0x00000000   Number         0  gd32f30x_i2c.o ABSOLUTE
    ..\\..\\GD32F30x_Firmware_Library\\GD32F30x_standard_peripheral\\Source\\gd32f30x_misc.c 0x00000000   Number         0  gd32f30x_misc.o ABSOLUTE
    ..\\..\\GD32F30x_Firmware_Library\\GD32F30x_standard_peripheral\\Source\\gd32f30x_pmu.c 0x00000000   Number         0  gd32f30x_pmu.o ABSOLUTE
    ..\\..\\GD32F30x_Firmware_Library\\GD32F30x_standard_peripheral\\Source\\gd32f30x_rcu.c 0x00000000   Number         0  gd32f30x_rcu.o ABSOLUTE
    ..\\..\\GD32F30x_Firmware_Library\\GD32F30x_standard_peripheral\\Source\\gd32f30x_rtc.c 0x00000000   Number         0  gd32f30x_rtc.o ABSOLUTE
    ..\\..\\GD32F30x_Firmware_Library\\GD32F30x_standard_peripheral\\Source\\gd32f30x_sdio.c 0x00000000   Number         0  gd32f30x_sdio.o ABSOLUTE
    ..\\..\\GD32F30x_Firmware_Library\\GD32F30x_standard_peripheral\\Source\\gd32f30x_spi.c 0x00000000   Number         0  gd32f30x_spi.o ABSOLUTE
    ..\\..\\GD32F30x_Firmware_Library\\GD32F30x_standard_peripheral\\Source\\gd32f30x_timer.c 0x00000000   Number         0  gd32f30x_timer.o ABSOLUTE
    ..\\..\\GD32F30x_Firmware_Library\\GD32F30x_standard_peripheral\\Source\\gd32f30x_usart.c 0x00000000   Number         0  gd32f30x_usart.o ABSOLUTE
    ..\\..\\GD32F30x_Firmware_Library\\GD32F30x_standard_peripheral\\Source\\gd32f30x_wwdgt.c 0x00000000   Number         0  gd32f30x_wwdgt.o ABSOLUTE
    ..\\..\\Utilities\\gd32f303c_eval.c      0x00000000   Number         0  gd32f303c_eval.o ABSOLUTE
    ..\\2HALL_120_FOC\\adc.c                 0x00000000   Number         0  adc.o ABSOLUTE
    ..\\2HALL_120_FOC\\adc_timer.c           0x00000000   Number         0  adc_timer.o ABSOLUTE
    ..\\2HALL_120_FOC\\automatic_calibration.c 0x00000000   Number         0  automatic_calibration.o ABSOLUTE
    ..\\2HALL_120_FOC\\average_filter.c      0x00000000   Number         0  average_filter.o ABSOLUTE
    ..\\2HALL_120_FOC\\foc_control.c         0x00000000   Number         0  foc_control.o ABSOLUTE
    ..\\2HALL_120_FOC\\get_angle_from_hall.c 0x00000000   Number         0  get_angle_from_hall.o ABSOLUTE
    ..\\debug_print_log.c                    0x00000000   Number         0  debug_print_log.o ABSOLUTE
    ..\\gd32f30x_it.c                        0x00000000   Number         0  gd32f30x_it.o ABSOLUTE
    ..\\gpio.c                               0x00000000   Number         0  gpio.o ABSOLUTE
    ..\\main.c                               0x00000000   Number         0  main.o ABSOLUTE
    ..\\systick.c                            0x00000000   Number         0  systick.o ABSOLUTE
    ..\\timer.c                              0x00000000   Number         0  timer.o ABSOLUTE
    ..\\uart.c                               0x00000000   Number         0  uart.o ABSOLUTE
    ..\debug_print_log.c                     0x00000000   Number         0  debug_print_log.o ABSOLUTE
    ..\gd32f30x_it.c                         0x00000000   Number         0  gd32f30x_it.o ABSOLUTE
    ..\gpio.c                                0x00000000   Number         0  gpio.o ABSOLUTE
    ..\main.c                                0x00000000   Number         0  main.o ABSOLUTE
    ..\systick.c                             0x00000000   Number         0  systick.o ABSOLUTE
    ..\timer.c                               0x00000000   Number         0  timer.o ABSOLUTE
    ..\uart.c                                0x00000000   Number         0  uart.o ABSOLUTE
    cdrcmple.s                               0x00000000   Number         0  cdrcmple.o ABSOLUTE
    dc.s                                     0x00000000   Number         0  dc.o ABSOLUTE
    handlers.s                               0x00000000   Number         0  handlers.o ABSOLUTE
    init.s                                   0x00000000   Number         0  init.o ABSOLUTE
    RESET                                    0x08000000   Section      304  startup_gd32f30x_hd.o(RESET)
    .ARM.Collect$$$$00000000                 0x08000130   Section        0  entry.o(.ARM.Collect$$$$00000000)
    .ARM.Collect$$$$00000001                 0x08000130   Section        4  entry2.o(.ARM.Collect$$$$00000001)
    .ARM.Collect$$$$00000004                 0x08000134   Section        4  entry5.o(.ARM.Collect$$$$00000004)
    .ARM.Collect$$$$00000008                 0x08000138   Section        0  entry7b.o(.ARM.Collect$$$$00000008)
    .ARM.Collect$$$$0000000A                 0x08000138   Section        0  entry8b.o(.ARM.Collect$$$$0000000A)
    .ARM.Collect$$$$0000000B                 0x08000138   Section        8  entry9a.o(.ARM.Collect$$$$0000000B)
    .ARM.Collect$$$$0000000E                 0x08000140   Section        4  entry12b.o(.ARM.Collect$$$$0000000E)
    .ARM.Collect$$$$0000000F                 0x08000144   Section        0  entry10a.o(.ARM.Collect$$$$0000000F)
    .ARM.Collect$$$$00000011                 0x08000144   Section        0  entry11a.o(.ARM.Collect$$$$00000011)
    .ARM.Collect$$$$00002712                 0x08000144   Section        4  entry2.o(.ARM.Collect$$$$00002712)
    __lit__00000000                          0x08000144   Data           4  entry2.o(.ARM.Collect$$$$00002712)
    .text                                    0x08000148   Section       36  startup_gd32f30x_hd.o(.text)
    $v0                                      0x08000148   Number         0  startup_gd32f30x_hd.o(.text)
    .text                                    0x0800016c   Section        0  uldiv.o(.text)
    .text                                    0x080001ce   Section        0  f2d.o(.text)
    .text                                    0x080001f4   Section        0  uidiv.o(.text)
    .text                                    0x08000220   Section        0  llshl.o(.text)
    .text                                    0x0800023e   Section        0  llushr.o(.text)
    .text                                    0x0800025e   Section        0  dadd.o(.text)
    .text                                    0x0800025e   Section        0  iusefp.o(.text)
    .text                                    0x080003ac   Section        0  dmul.o(.text)
    .text                                    0x08000490   Section        0  ddiv.o(.text)
    .text                                    0x0800056e   Section        0  dfixul.o(.text)
    .text                                    0x080005a0   Section       48  cdrcmple.o(.text)
    .text                                    0x080005d0   Section       36  init.o(.text)
    .text                                    0x080005f4   Section        0  llsshr.o(.text)
    .text                                    0x08000618   Section        0  depilogue.o(.text)
    i.BusFault_Handler                       0x080006d2   Section        0  gd32f30x_it.o(i.BusFault_Handler)
    i.DMA0_Channel0_IRQHandler               0x080006d8   Section        0  gd32f30x_it.o(i.DMA0_Channel0_IRQHandler)
    i.DebugMon_Handler                       0x08000700   Section        0  gd32f30x_it.o(i.DebugMon_Handler)
    i.HardFault_Handler                      0x08000702   Section        0  gd32f30x_it.o(i.HardFault_Handler)
    i.MemManage_Handler                      0x08000706   Section        0  gd32f30x_it.o(i.MemManage_Handler)
    i.Moto0_U_Enable                         0x0800070c   Section        0  timer.o(i.Moto0_U_Enable)
    i.Moto1_U_Set_Val                        0x08000718   Section        0  timer.o(i.Moto1_U_Set_Val)
    i.Moto1_V_Set_Val                        0x08000728   Section        0  timer.o(i.Moto1_V_Set_Val)
    i.Moto1_W_Set_Val                        0x08000738   Section        0  timer.o(i.Moto1_W_Set_Val)
    i.NMI_Handler                            0x0800074a   Section        0  gd32f30x_it.o(i.NMI_Handler)
    i.NVIC_SetPriority                       0x0800074c   Section        0  systick.o(i.NVIC_SetPriority)
    NVIC_SetPriority                         0x0800074d   Thumb Code    32  systick.o(i.NVIC_SetPriority)
    i.PendSV_Handler                         0x08000774   Section        0  gd32f30x_it.o(i.PendSV_Handler)
    i.RecordPrintLog                         0x08000778   Section        0  debug_print_log.o(i.RecordPrintLog)
    i.SVC_Handler                            0x08000868   Section        0  gd32f30x_it.o(i.SVC_Handler)
    i.SysTick_Handler                        0x0800086c   Section        0  gd32f30x_it.o(i.SysTick_Handler)
    i.SystemInit                             0x08000884   Section        0  system_gd32f30x.o(i.SystemInit)
    i.USART0_IRQHandler                      0x080009cc   Section        0  gd32f30x_it.o(i.USART0_IRQHandler)
    i.Uart_Init                              0x08000a14   Section        0  uart.o(i.Uart_Init)
    i.UsageFault_Handler                     0x08000a38   Section        0  gd32f30x_it.o(i.UsageFault_Handler)
    i.__0printf                              0x08000a3c   Section        0  printfa.o(i.__0printf)
    i.__ARM_fpclassifyf                      0x08000a5c   Section        0  fpclassifyf.o(i.__ARM_fpclassifyf)
    i.__hardfp_atan2f                        0x08000a84   Section        0  atan2f.o(i.__hardfp_atan2f)
    i.__hardfp_cosf                          0x08000d30   Section        0  cosf.o(i.__hardfp_cosf)
    i.__hardfp_sqrtf                         0x08000e80   Section        0  sqrtf.o(i.__hardfp_sqrtf)
    i.__mathlib_flt_infnan                   0x08000eba   Section        0  funder.o(i.__mathlib_flt_infnan)
    i.__mathlib_flt_infnan2                  0x08000ec0   Section        0  funder.o(i.__mathlib_flt_infnan2)
    i.__mathlib_flt_invalid                  0x08000ec8   Section        0  funder.o(i.__mathlib_flt_invalid)
    i.__mathlib_flt_underflow                0x08000ed8   Section        0  funder.o(i.__mathlib_flt_underflow)
    i.__mathlib_rredf2                       0x08000ee8   Section        0  rredf.o(i.__mathlib_rredf2)
    i.__scatterload_copy                     0x0800103c   Section       14  handlers.o(i.__scatterload_copy)
    i.__scatterload_null                     0x0800104a   Section        2  handlers.o(i.__scatterload_null)
    i.__scatterload_zeroinit                 0x0800104c   Section       14  handlers.o(i.__scatterload_zeroinit)
    i.__set_errno                            0x0800105c   Section        0  errno.o(i.__set_errno)
    i._fp_digits                             0x08001068   Section        0  printfa.o(i._fp_digits)
    _fp_digits                               0x08001069   Thumb Code   366  printfa.o(i._fp_digits)
    i._printf_core                           0x080011ec   Section        0  printfa.o(i._printf_core)
    _printf_core                             0x080011ed   Thumb Code  1704  printfa.o(i._printf_core)
    i._printf_post_padding                   0x080018a0   Section        0  printfa.o(i._printf_post_padding)
    _printf_post_padding                     0x080018a1   Thumb Code    36  printfa.o(i._printf_post_padding)
    i._printf_pre_padding                    0x080018c4   Section        0  printfa.o(i._printf_pre_padding)
    _printf_pre_padding                      0x080018c5   Thumb Code    46  printfa.o(i._printf_pre_padding)
    i._soft_delay_                           0x080018f2   Section        0  system_gd32f30x.o(i._soft_delay_)
    _soft_delay_                             0x080018f3   Thumb Code    28  system_gd32f30x.o(i._soft_delay_)
    i.adc_calibration_enable                 0x0800190e   Section        0  gd32f30x_adc.o(i.adc_calibration_enable)
    i.adc_channel_length_config              0x08001938   Section        0  gd32f30x_adc.o(i.adc_channel_length_config)
    i.adc_config_init                        0x08001980   Section        0  adc.o(i.adc_config_init)
    i.adc_data_alignment_config              0x080019a4   Section        0  gd32f30x_adc.o(i.adc_data_alignment_config)
    i.adc_deinit                             0x080019bc   Section        0  gd32f30x_adc.o(i.adc_deinit)
    i.adc_dma_mode_enable                    0x08001a14   Section        0  gd32f30x_adc.o(i.adc_dma_mode_enable)
    i.adc_enable                             0x08001a1e   Section        0  gd32f30x_adc.o(i.adc_enable)
    i.adc_external_trigger_config            0x08001a30   Section        0  gd32f30x_adc.o(i.adc_external_trigger_config)
    i.adc_external_trigger_source_config     0x08001a6e   Section        0  gd32f30x_adc.o(i.adc_external_trigger_source_config)
    i.adc_mode_config                        0x08001aa0   Section        0  gd32f30x_adc.o(i.adc_mode_config)
    i.adc_regular_channel_config             0x08001abc   Section        0  gd32f30x_adc.o(i.adc_regular_channel_config)
    i.adc_special_function_config            0x08001b68   Section        0  gd32f30x_adc.o(i.adc_special_function_config)
    i.angle_unwrapper_init                   0x08001bc2   Section        0  get_angle_from_hall.o(i.angle_unwrapper_init)
    i.angle_unwrapper_update                 0x08001bd0   Section        0  get_angle_from_hall.o(i.angle_unwrapper_update)
    i.constrain_float                        0x08001c38   Section        0  foc_control.o(i.constrain_float)
    i.delay_1ms                              0x08001c64   Section        0  systick.o(i.delay_1ms)
    i.delay_decrement                        0x08001c78   Section        0  systick.o(i.delay_decrement)
    i.dma_channel_enable                     0x08001c90   Section        0  gd32f30x_dma.o(i.dma_channel_enable)
    i.dma_circulation_enable                 0x08001cc2   Section        0  gd32f30x_dma.o(i.dma_circulation_enable)
    i.dma_config                             0x08001cf4   Section        0  adc.o(i.dma_config)
    i.dma_deinit                             0x08001d5c   Section        0  gd32f30x_dma.o(i.dma_deinit)
    i.dma_init                               0x08001dcc   Section        0  gd32f30x_dma.o(i.dma_init)
    i.dma_interrupt_enable                   0x08001efa   Section        0  gd32f30x_dma.o(i.dma_interrupt_enable)
    i.dma_interrupt_flag_clear               0x08001f2c   Section        0  gd32f30x_dma.o(i.dma_interrupt_flag_clear)
    i.dma_interrupt_flag_get                 0x08001f3c   Section        0  gd32f30x_dma.o(i.dma_interrupt_flag_get)
    i.dma_periph_and_channel_check           0x08001fc0   Section        0  gd32f30x_dma.o(i.dma_periph_and_channel_check)
    dma_periph_and_channel_check             0x08001fc1   Thumb Code    18  gd32f30x_dma.o(i.dma_periph_and_channel_check)
    i.foc_control_task                       0x08001fd8   Section        0  foc_control.o(i.foc_control_task)
    i.fputc                                  0x0800214c   Section        0  uart.o(i.fputc)
    i.gd_eval_com_init                       0x08002170   Section        0  gd32f303c_eval.o(i.gd_eval_com_init)
    i.get_angle_120deg                       0x08002208   Section        0  get_angle_from_hall.o(i.get_angle_120deg)
    i.get_angle_from_120deg                  0x0800222c   Section        0  get_angle_from_hall.o(i.get_angle_from_120deg)
    i.get_electrical_angle_unwrapped         0x08002308   Section        0  get_angle_from_hall.o(i.get_electrical_angle_unwrapped)
    i.gpio_config                            0x08002360   Section        0  gpio.o(i.gpio_config)
    i.gpio_init                              0x080023b0   Section        0  gd32f30x_gpio.o(i.gpio_init)
    i.hall_adc_init                          0x0800246c   Section        0  adc.o(i.hall_adc_init)
    i.hall_adc_timer_init                    0x0800255c   Section        0  adc_timer.o(i.hall_adc_timer_init)
    i.hall_calibration_apply                 0x080025ac   Section        0  automatic_calibration.o(i.hall_calibration_apply)
    i.hall_calibration_start                 0x080025d0   Section        0  automatic_calibration.o(i.hall_calibration_start)
    i.main                                   0x08002658   Section        0  main.o(i.main)
    i.nvic_irq_enable                        0x08002784   Section        0  gd32f30x_misc.o(i.nvic_irq_enable)
    i.nvic_priority_group_set                0x08002848   Section        0  gd32f30x_misc.o(i.nvic_priority_group_set)
    i.rcu_adc_clock_config                   0x0800285c   Section        0  gd32f30x_rcu.o(i.rcu_adc_clock_config)
    i.rcu_clock_freq_get                     0x080028c8   Section        0  gd32f30x_rcu.o(i.rcu_clock_freq_get)
    i.rcu_periph_clock_enable                0x08002a20   Section        0  gd32f30x_rcu.o(i.rcu_periph_clock_enable)
    i.rcu_periph_reset_disable               0x08002a40   Section        0  gd32f30x_rcu.o(i.rcu_periph_reset_disable)
    i.rcu_periph_reset_enable                0x08002a60   Section        0  gd32f30x_rcu.o(i.rcu_periph_reset_enable)
    i.system_clock_120m_hxtal                0x08002a80   Section        0  system_gd32f30x.o(i.system_clock_120m_hxtal)
    system_clock_120m_hxtal                  0x08002a81   Thumb Code   266  system_gd32f30x.o(i.system_clock_120m_hxtal)
    i.system_clock_config                    0x08002b9c   Section        0  system_gd32f30x.o(i.system_clock_config)
    system_clock_config                      0x08002b9d   Thumb Code     8  system_gd32f30x.o(i.system_clock_config)
    i.systick_config                         0x08002ba4   Section        0  systick.o(i.systick_config)
    i.timer0_config                          0x08002bf4   Section        0  timer.o(i.timer0_config)
    i.timer1_config                          0x08002ce0   Section        0  timer.o(i.timer1_config)
    i.timer_auto_reload_shadow_enable        0x08002dd4   Section        0  gd32f30x_timer.o(i.timer_auto_reload_shadow_enable)
    i.timer_channel_output_config            0x08002de0   Section        0  gd32f30x_timer.o(i.timer_channel_output_config)
    i.timer_channel_output_mode_config       0x08002fcc   Section        0  gd32f30x_timer.o(i.timer_channel_output_mode_config)
    i.timer_channel_output_pulse_value_config 0x08003026   Section        0  gd32f30x_timer.o(i.timer_channel_output_pulse_value_config)
    i.timer_channel_output_shadow_config     0x0800304c   Section        0  gd32f30x_timer.o(i.timer_channel_output_shadow_config)
    i.timer_config_init                      0x080030a6   Section        0  timer.o(i.timer_config_init)
    i.timer_deinit                           0x080030b4   Section        0  gd32f30x_timer.o(i.timer_deinit)
    i.timer_enable                           0x08003190   Section        0  gd32f30x_timer.o(i.timer_enable)
    i.timer_init                             0x0800319c   Section        0  gd32f30x_timer.o(i.timer_init)
    i.timer_master_output_trigger_source_select 0x08003234   Section        0  gd32f30x_timer.o(i.timer_master_output_trigger_source_select)
    i.timer_primary_output_config            0x08003244   Section        0  gd32f30x_timer.o(i.timer_primary_output_config)
    i.timer_struct_para_init                 0x0800325c   Section        0  gd32f30x_timer.o(i.timer_struct_para_init)
    i.usart_baudrate_set                     0x08003274   Section        0  gd32f30x_usart.o(i.usart_baudrate_set)
    i.usart_data_receive                     0x08003304   Section        0  gd32f30x_usart.o(i.usart_data_receive)
    i.usart_data_transmit                    0x0800330e   Section        0  gd32f30x_usart.o(i.usart_data_transmit)
    i.usart_deinit                           0x08003318   Section        0  gd32f30x_usart.o(i.usart_deinit)
    i.usart_enable                           0x080033a8   Section        0  gd32f30x_usart.o(i.usart_enable)
    i.usart_flag_get                         0x080033b2   Section        0  gd32f30x_usart.o(i.usart_flag_get)
    i.usart_interrupt_enable                 0x080033d0   Section        0  gd32f30x_usart.o(i.usart_interrupt_enable)
    i.usart_interrupt_flag_clear             0x080033ea   Section        0  gd32f30x_usart.o(i.usart_interrupt_flag_clear)
    i.usart_interrupt_flag_get               0x080033fc   Section        0  gd32f30x_usart.o(i.usart_interrupt_flag_get)
    i.usart_receive_config                   0x08003434   Section        0  gd32f30x_usart.o(i.usart_receive_config)
    i.usart_transmit_config                  0x08003448   Section        0  gd32f30x_usart.o(i.usart_transmit_config)
    .constdata                               0x0800345c   Section       32  rredf.o(.constdata)
    twooverpi                                0x0800345c   Data          32  rredf.o(.constdata)
    .data                                    0x20000000   Section       16  main.o(.data)
    .data                                    0x20000010   Section        1  gd32f30x_it.o(.data)
    .data                                    0x20000014   Section        8  systick.o(.data)
    delay                                    0x20000014   Data           4  systick.o(.data)
    .data                                    0x2000001c   Section        5  uart.o(.data)
    .data                                    0x20000022   Section        4  debug_print_log.o(.data)
    count                                    0x20000022   Data           2  debug_print_log.o(.data)
    count                                    0x20000024   Data           2  debug_print_log.o(.data)
    .data                                    0x20000028   Section        4  system_gd32f30x.o(.data)
    .data                                    0x2000002c   Section      125  gd32f303c_eval.o(.data)
    GPIO_PORT                                0x2000002c   Data          16  gd32f303c_eval.o(.data)
    GPIO_PIN                                 0x2000003c   Data          16  gd32f303c_eval.o(.data)
    COM_CLK                                  0x2000004c   Data           4  gd32f303c_eval.o(.data)
    COM_TX_PIN                               0x20000050   Data           8  gd32f303c_eval.o(.data)
    COM_RX_PIN                               0x20000058   Data           8  gd32f303c_eval.o(.data)
    COM_GPIO_PORT                            0x20000060   Data           8  gd32f303c_eval.o(.data)
    COM_GPIO_CLK                             0x20000068   Data           4  gd32f303c_eval.o(.data)
    GPIO_CLK                                 0x2000006c   Data           8  gd32f303c_eval.o(.data)
    KEY_PORT                                 0x20000074   Data          12  gd32f303c_eval.o(.data)
    KEY_PIN                                  0x20000080   Data          12  gd32f303c_eval.o(.data)
    KEY_CLK                                  0x2000008c   Data           6  gd32f303c_eval.o(.data)
    KEY_EXTI_LINE                            0x20000094   Data          12  gd32f303c_eval.o(.data)
    KEY_PORT_SOURCE                          0x200000a0   Data           3  gd32f303c_eval.o(.data)
    KEY_PIN_SOURCE                           0x200000a3   Data           3  gd32f303c_eval.o(.data)
    KEY_IRQn                                 0x200000a6   Data           3  gd32f303c_eval.o(.data)
    .data                                    0x200000ac   Section        8  adc.o(.data)
    .data                                    0x200000b4   Section        8  foc_control.o(.data)
    target_torque                            0x200000b8   Data           4  foc_control.o(.data)
    .data                                    0x200000bc   Section        5  get_angle_from_hall.o(.data)
    .data                                    0x200000c4   Section        4  stdout.o(.data)
    .data                                    0x200000c8   Section        4  errno.o(.data)
    _errno                                   0x200000c8   Data           4  errno.o(.data)
    .bss                                     0x200000cc   Section       20  uart.o(.bss)
    .bss                                     0x200000e0   Section    24000  debug_print_log.o(.bss)
    .bss                                     0x20005ea0   Section       56  automatic_calibration.o(.bss)
    .bss                                     0x20005ed8   Section       12  get_angle_from_hall.o(.bss)
    STACK                                    0x20005ee8   Section     1024  startup_gd32f30x_hd.o(STACK)

    Global Symbols

    Symbol Name                              Value     Ov Type        Size  Object(Section)

    BuildAttributes$$THM_ISAv4$E$P$D$K$B$S$7EM$VFPi3$EXTD16$VFPS$VFMA$PE$A:L22UL41UL21$X:L11$S22US41US21$IEEE1$IW$USESV6$~STKCKD$USESV7$~SHL$OTIME$ROPI$IEEEX$EBA8$MICROLIB$REQ8$PRES8$EABIv2 0x00000000   Number         0  anon$$obj.o ABSOLUTE
    __ARM_use_no_argv                        0x00000000   Number         0  main.o ABSOLUTE
    _printf_a                                0x00000000   Number         0  stubs.o ABSOLUTE
    _printf_c                                0x00000000   Number         0  stubs.o ABSOLUTE
    _printf_charcount                        0x00000000   Number         0  stubs.o ABSOLUTE
    _printf_d                                0x00000000   Number         0  stubs.o ABSOLUTE
    _printf_e                                0x00000000   Number         0  stubs.o ABSOLUTE
    _printf_f                                0x00000000   Number         0  stubs.o ABSOLUTE
    _printf_flags                            0x00000000   Number         0  stubs.o ABSOLUTE
    _printf_fp_dec                           0x00000000   Number         0  stubs.o ABSOLUTE
    _printf_fp_hex                           0x00000000   Number         0  stubs.o ABSOLUTE
    _printf_g                                0x00000000   Number         0  stubs.o ABSOLUTE
    _printf_i                                0x00000000   Number         0  stubs.o ABSOLUTE
    _printf_int_dec                          0x00000000   Number         0  stubs.o ABSOLUTE
    _printf_l                                0x00000000   Number         0  stubs.o ABSOLUTE
    _printf_lc                               0x00000000   Number         0  stubs.o ABSOLUTE
    _printf_ll                               0x00000000   Number         0  stubs.o ABSOLUTE
    _printf_lld                              0x00000000   Number         0  stubs.o ABSOLUTE
    _printf_lli                              0x00000000   Number         0  stubs.o ABSOLUTE
    _printf_llo                              0x00000000   Number         0  stubs.o ABSOLUTE
    _printf_llu                              0x00000000   Number         0  stubs.o ABSOLUTE
    _printf_llx                              0x00000000   Number         0  stubs.o ABSOLUTE
    _printf_longlong_dec                     0x00000000   Number         0  stubs.o ABSOLUTE
    _printf_longlong_hex                     0x00000000   Number         0  stubs.o ABSOLUTE
    _printf_longlong_oct                     0x00000000   Number         0  stubs.o ABSOLUTE
    _printf_ls                               0x00000000   Number         0  stubs.o ABSOLUTE
    _printf_mbtowc                           0x00000000   Number         0  stubs.o ABSOLUTE
    _printf_n                                0x00000000   Number         0  stubs.o ABSOLUTE
    _printf_o                                0x00000000   Number         0  stubs.o ABSOLUTE
    _printf_p                                0x00000000   Number         0  stubs.o ABSOLUTE
    _printf_percent                          0x00000000   Number         0  stubs.o ABSOLUTE
    _printf_pre_padding                      0x00000000   Number         0  stubs.o ABSOLUTE
    _printf_return_value                     0x00000000   Number         0  stubs.o ABSOLUTE
    _printf_s                                0x00000000   Number         0  stubs.o ABSOLUTE
    _printf_sizespec                         0x00000000   Number         0  stubs.o ABSOLUTE
    _printf_str                              0x00000000   Number         0  stubs.o ABSOLUTE
    _printf_truncate_signed                  0x00000000   Number         0  stubs.o ABSOLUTE
    _printf_truncate_unsigned                0x00000000   Number         0  stubs.o ABSOLUTE
    _printf_u                                0x00000000   Number         0  stubs.o ABSOLUTE
    _printf_wc                               0x00000000   Number         0  stubs.o ABSOLUTE
    _printf_wctomb                           0x00000000   Number         0  stubs.o ABSOLUTE
    _printf_widthprec                        0x00000000   Number         0  stubs.o ABSOLUTE
    _printf_x                                0x00000000   Number         0  stubs.o ABSOLUTE
    __arm_fini_                               - Undefined Weak Reference
    __cpp_initialize__aeabi_                  - Undefined Weak Reference
    __cxa_finalize                            - Undefined Weak Reference
    __decompress                              - Undefined Weak Reference
    _clock_init                               - Undefined Weak Reference
    _microlib_exit                            - Undefined Weak Reference
    __Vectors_Size                           0x00000130   Number         0  startup_gd32f30x_hd.o ABSOLUTE
    __Vectors                                0x08000000   Data           4  startup_gd32f30x_hd.o(RESET)
    __Vectors_End                            0x08000130   Data           0  startup_gd32f30x_hd.o(RESET)
    __main                                   0x08000131   Thumb Code     0  entry.o(.ARM.Collect$$$$00000000)
    _main_stk                                0x08000131   Thumb Code     0  entry2.o(.ARM.Collect$$$$00000001)
    _main_scatterload                        0x08000135   Thumb Code     0  entry5.o(.ARM.Collect$$$$00000004)
    __main_after_scatterload                 0x08000139   Thumb Code     0  entry5.o(.ARM.Collect$$$$00000004)
    _main_clock                              0x08000139   Thumb Code     0  entry7b.o(.ARM.Collect$$$$00000008)
    _main_cpp_init                           0x08000139   Thumb Code     0  entry8b.o(.ARM.Collect$$$$0000000A)
    _main_init                               0x08000139   Thumb Code     0  entry9a.o(.ARM.Collect$$$$0000000B)
    __rt_lib_shutdown_fini                   0x08000141   Thumb Code     0  entry12b.o(.ARM.Collect$$$$0000000E)
    __rt_final_cpp                           0x08000145   Thumb Code     0  entry10a.o(.ARM.Collect$$$$0000000F)
    __rt_final_exit                          0x08000145   Thumb Code     0  entry11a.o(.ARM.Collect$$$$00000011)
    Reset_Handler                            0x08000149   Thumb Code     8  startup_gd32f30x_hd.o(.text)
    ADC0_1_IRQHandler                        0x08000163   Thumb Code     0  startup_gd32f30x_hd.o(.text)
    ADC2_IRQHandler                          0x08000163   Thumb Code     0  startup_gd32f30x_hd.o(.text)
    CAN0_EWMC_IRQHandler                     0x08000163   Thumb Code     0  startup_gd32f30x_hd.o(.text)
    CAN0_RX1_IRQHandler                      0x08000163   Thumb Code     0  startup_gd32f30x_hd.o(.text)
    DMA0_Channel1_IRQHandler                 0x08000163   Thumb Code     0  startup_gd32f30x_hd.o(.text)
    DMA0_Channel2_IRQHandler                 0x08000163   Thumb Code     0  startup_gd32f30x_hd.o(.text)
    DMA0_Channel3_IRQHandler                 0x08000163   Thumb Code     0  startup_gd32f30x_hd.o(.text)
    DMA0_Channel4_IRQHandler                 0x08000163   Thumb Code     0  startup_gd32f30x_hd.o(.text)
    DMA0_Channel5_IRQHandler                 0x08000163   Thumb Code     0  startup_gd32f30x_hd.o(.text)
    DMA0_Channel6_IRQHandler                 0x08000163   Thumb Code     0  startup_gd32f30x_hd.o(.text)
    DMA1_Channel0_IRQHandler                 0x08000163   Thumb Code     0  startup_gd32f30x_hd.o(.text)
    DMA1_Channel1_IRQHandler                 0x08000163   Thumb Code     0  startup_gd32f30x_hd.o(.text)
    DMA1_Channel2_IRQHandler                 0x08000163   Thumb Code     0  startup_gd32f30x_hd.o(.text)
    DMA1_Channel3_4_IRQHandler               0x08000163   Thumb Code     0  startup_gd32f30x_hd.o(.text)
    EXMC_IRQHandler                          0x08000163   Thumb Code     0  startup_gd32f30x_hd.o(.text)
    EXTI0_IRQHandler                         0x08000163   Thumb Code     0  startup_gd32f30x_hd.o(.text)
    EXTI10_15_IRQHandler                     0x08000163   Thumb Code     0  startup_gd32f30x_hd.o(.text)
    EXTI1_IRQHandler                         0x08000163   Thumb Code     0  startup_gd32f30x_hd.o(.text)
    EXTI2_IRQHandler                         0x08000163   Thumb Code     0  startup_gd32f30x_hd.o(.text)
    EXTI3_IRQHandler                         0x08000163   Thumb Code     0  startup_gd32f30x_hd.o(.text)
    EXTI4_IRQHandler                         0x08000163   Thumb Code     0  startup_gd32f30x_hd.o(.text)
    EXTI5_9_IRQHandler                       0x08000163   Thumb Code     0  startup_gd32f30x_hd.o(.text)
    FMC_IRQHandler                           0x08000163   Thumb Code     0  startup_gd32f30x_hd.o(.text)
    I2C0_ER_IRQHandler                       0x08000163   Thumb Code     0  startup_gd32f30x_hd.o(.text)
    I2C0_EV_IRQHandler                       0x08000163   Thumb Code     0  startup_gd32f30x_hd.o(.text)
    I2C1_ER_IRQHandler                       0x08000163   Thumb Code     0  startup_gd32f30x_hd.o(.text)
    I2C1_EV_IRQHandler                       0x08000163   Thumb Code     0  startup_gd32f30x_hd.o(.text)
    LVD_IRQHandler                           0x08000163   Thumb Code     0  startup_gd32f30x_hd.o(.text)
    RCU_CTC_IRQHandler                       0x08000163   Thumb Code     0  startup_gd32f30x_hd.o(.text)
    RTC_Alarm_IRQHandler                     0x08000163   Thumb Code     0  startup_gd32f30x_hd.o(.text)
    RTC_IRQHandler                           0x08000163   Thumb Code     0  startup_gd32f30x_hd.o(.text)
    SDIO_IRQHandler                          0x08000163   Thumb Code     0  startup_gd32f30x_hd.o(.text)
    SPI0_IRQHandler                          0x08000163   Thumb Code     0  startup_gd32f30x_hd.o(.text)
    SPI1_IRQHandler                          0x08000163   Thumb Code     0  startup_gd32f30x_hd.o(.text)
    SPI2_IRQHandler                          0x08000163   Thumb Code     0  startup_gd32f30x_hd.o(.text)
    TAMPER_IRQHandler                        0x08000163   Thumb Code     0  startup_gd32f30x_hd.o(.text)
    TIMER0_BRK_IRQHandler                    0x08000163   Thumb Code     0  startup_gd32f30x_hd.o(.text)
    TIMER0_Channel_IRQHandler                0x08000163   Thumb Code     0  startup_gd32f30x_hd.o(.text)
    TIMER0_TRG_CMT_IRQHandler                0x08000163   Thumb Code     0  startup_gd32f30x_hd.o(.text)
    TIMER0_UP_IRQHandler                     0x08000163   Thumb Code     0  startup_gd32f30x_hd.o(.text)
    TIMER1_IRQHandler                        0x08000163   Thumb Code     0  startup_gd32f30x_hd.o(.text)
    TIMER2_IRQHandler                        0x08000163   Thumb Code     0  startup_gd32f30x_hd.o(.text)
    TIMER3_IRQHandler                        0x08000163   Thumb Code     0  startup_gd32f30x_hd.o(.text)
    TIMER4_IRQHandler                        0x08000163   Thumb Code     0  startup_gd32f30x_hd.o(.text)
    TIMER5_IRQHandler                        0x08000163   Thumb Code     0  startup_gd32f30x_hd.o(.text)
    TIMER6_IRQHandler                        0x08000163   Thumb Code     0  startup_gd32f30x_hd.o(.text)
    TIMER7_BRK_IRQHandler                    0x08000163   Thumb Code     0  startup_gd32f30x_hd.o(.text)
    TIMER7_Channel_IRQHandler                0x08000163   Thumb Code     0  startup_gd32f30x_hd.o(.text)
    TIMER7_TRG_CMT_IRQHandler                0x08000163   Thumb Code     0  startup_gd32f30x_hd.o(.text)
    TIMER7_UP_IRQHandler                     0x08000163   Thumb Code     0  startup_gd32f30x_hd.o(.text)
    UART3_IRQHandler                         0x08000163   Thumb Code     0  startup_gd32f30x_hd.o(.text)
    UART4_IRQHandler                         0x08000163   Thumb Code     0  startup_gd32f30x_hd.o(.text)
    USART1_IRQHandler                        0x08000163   Thumb Code     0  startup_gd32f30x_hd.o(.text)
    USART2_IRQHandler                        0x08000163   Thumb Code     0  startup_gd32f30x_hd.o(.text)
    USBD_HP_CAN0_TX_IRQHandler               0x08000163   Thumb Code     0  startup_gd32f30x_hd.o(.text)
    USBD_LP_CAN0_RX0_IRQHandler              0x08000163   Thumb Code     0  startup_gd32f30x_hd.o(.text)
    USBD_WKUP_IRQHandler                     0x08000163   Thumb Code     0  startup_gd32f30x_hd.o(.text)
    WWDGT_IRQHandler                         0x08000163   Thumb Code     0  startup_gd32f30x_hd.o(.text)
    __aeabi_uldivmod                         0x0800016d   Thumb Code    98  uldiv.o(.text)
    __aeabi_f2d                              0x080001cf   Thumb Code    38  f2d.o(.text)
    __aeabi_uidiv                            0x080001f5   Thumb Code     0  uidiv.o(.text)
    __aeabi_uidivmod                         0x080001f5   Thumb Code    44  uidiv.o(.text)
    __aeabi_llsl                             0x08000221   Thumb Code    30  llshl.o(.text)
    _ll_shift_l                              0x08000221   Thumb Code     0  llshl.o(.text)
    __aeabi_llsr                             0x0800023f   Thumb Code    32  llushr.o(.text)
    _ll_ushift_r                             0x0800023f   Thumb Code     0  llushr.o(.text)
    __I$use$fp                               0x0800025f   Thumb Code     0  iusefp.o(.text)
    __aeabi_dadd                             0x0800025f   Thumb Code   322  dadd.o(.text)
    __aeabi_dsub                             0x080003a1   Thumb Code     6  dadd.o(.text)
    __aeabi_drsub                            0x080003a7   Thumb Code     6  dadd.o(.text)
    __aeabi_dmul                             0x080003ad   Thumb Code   228  dmul.o(.text)
    __aeabi_ddiv                             0x08000491   Thumb Code   222  ddiv.o(.text)
    __aeabi_d2ulz                            0x0800056f   Thumb Code    48  dfixul.o(.text)
    __aeabi_cdrcmple                         0x080005a1   Thumb Code    48  cdrcmple.o(.text)
    __scatterload                            0x080005d1   Thumb Code    28  init.o(.text)
    __scatterload_rt2                        0x080005d1   Thumb Code     0  init.o(.text)
    __aeabi_lasr                             0x080005f5   Thumb Code    36  llsshr.o(.text)
    _ll_sshift_r                             0x080005f5   Thumb Code     0  llsshr.o(.text)
    _double_round                            0x08000619   Thumb Code    30  depilogue.o(.text)
    _double_epilogue                         0x08000637   Thumb Code   156  depilogue.o(.text)
    BusFault_Handler                         0x080006d3   Thumb Code     4  gd32f30x_it.o(i.BusFault_Handler)
    DMA0_Channel0_IRQHandler                 0x080006d9   Thumb Code    32  gd32f30x_it.o(i.DMA0_Channel0_IRQHandler)
    DebugMon_Handler                         0x08000701   Thumb Code     2  gd32f30x_it.o(i.DebugMon_Handler)
    HardFault_Handler                        0x08000703   Thumb Code     4  gd32f30x_it.o(i.HardFault_Handler)
    MemManage_Handler                        0x08000707   Thumb Code     4  gd32f30x_it.o(i.MemManage_Handler)
    Moto0_U_Enable                           0x0800070d   Thumb Code     8  timer.o(i.Moto0_U_Enable)
    Moto1_U_Set_Val                          0x08000719   Thumb Code    16  timer.o(i.Moto1_U_Set_Val)
    Moto1_V_Set_Val                          0x08000729   Thumb Code    16  timer.o(i.Moto1_V_Set_Val)
    Moto1_W_Set_Val                          0x08000739   Thumb Code    18  timer.o(i.Moto1_W_Set_Val)
    NMI_Handler                              0x0800074b   Thumb Code     2  gd32f30x_it.o(i.NMI_Handler)
    PendSV_Handler                           0x08000775   Thumb Code     2  gd32f30x_it.o(i.PendSV_Handler)
    RecordPrintLog                           0x08000779   Thumb Code   196  debug_print_log.o(i.RecordPrintLog)
    SVC_Handler                              0x08000869   Thumb Code     2  gd32f30x_it.o(i.SVC_Handler)
    SysTick_Handler                          0x0800086d   Thumb Code    18  gd32f30x_it.o(i.SysTick_Handler)
    SystemInit                               0x08000885   Thumb Code   316  system_gd32f30x.o(i.SystemInit)
    USART0_IRQHandler                        0x080009cd   Thumb Code    54  gd32f30x_it.o(i.USART0_IRQHandler)
    Uart_Init                                0x08000a15   Thumb Code    32  uart.o(i.Uart_Init)
    UsageFault_Handler                       0x08000a39   Thumb Code     4  gd32f30x_it.o(i.UsageFault_Handler)
    __0printf                                0x08000a3d   Thumb Code    22  printfa.o(i.__0printf)
    __1printf                                0x08000a3d   Thumb Code     0  printfa.o(i.__0printf)
    __2printf                                0x08000a3d   Thumb Code     0  printfa.o(i.__0printf)
    __c89printf                              0x08000a3d   Thumb Code     0  printfa.o(i.__0printf)
    printf                                   0x08000a3d   Thumb Code     0  printfa.o(i.__0printf)
    __ARM_fpclassifyf                        0x08000a5d   Thumb Code    38  fpclassifyf.o(i.__ARM_fpclassifyf)
    __hardfp_atan2f                          0x08000a85   Thumb Code   594  atan2f.o(i.__hardfp_atan2f)
    __hardfp_cosf                            0x08000d31   Thumb Code   280  cosf.o(i.__hardfp_cosf)
    __hardfp_sqrtf                           0x08000e81   Thumb Code    58  sqrtf.o(i.__hardfp_sqrtf)
    __mathlib_flt_infnan                     0x08000ebb   Thumb Code     6  funder.o(i.__mathlib_flt_infnan)
    __mathlib_flt_infnan2                    0x08000ec1   Thumb Code     6  funder.o(i.__mathlib_flt_infnan2)
    __mathlib_flt_invalid                    0x08000ec9   Thumb Code    10  funder.o(i.__mathlib_flt_invalid)
    __mathlib_flt_underflow                  0x08000ed9   Thumb Code    10  funder.o(i.__mathlib_flt_underflow)
    __mathlib_rredf2                         0x08000ee9   Thumb Code   316  rredf.o(i.__mathlib_rredf2)
    __scatterload_copy                       0x0800103d   Thumb Code    14  handlers.o(i.__scatterload_copy)
    __scatterload_null                       0x0800104b   Thumb Code     2  handlers.o(i.__scatterload_null)
    __scatterload_zeroinit                   0x0800104d   Thumb Code    14  handlers.o(i.__scatterload_zeroinit)
    __set_errno                              0x0800105d   Thumb Code     6  errno.o(i.__set_errno)
    adc_calibration_enable                   0x0800190f   Thumb Code    42  gd32f30x_adc.o(i.adc_calibration_enable)
    adc_channel_length_config                0x08001939   Thumb Code    70  gd32f30x_adc.o(i.adc_channel_length_config)
    adc_config_init                          0x08001981   Thumb Code    32  adc.o(i.adc_config_init)
    adc_data_alignment_config                0x080019a5   Thumb Code    22  gd32f30x_adc.o(i.adc_data_alignment_config)
    adc_deinit                               0x080019bd   Thumb Code    84  gd32f30x_adc.o(i.adc_deinit)
    adc_dma_mode_enable                      0x08001a15   Thumb Code    10  gd32f30x_adc.o(i.adc_dma_mode_enable)
    adc_enable                               0x08001a1f   Thumb Code    18  gd32f30x_adc.o(i.adc_enable)
    adc_external_trigger_config              0x08001a31   Thumb Code    62  gd32f30x_adc.o(i.adc_external_trigger_config)
    adc_external_trigger_source_config       0x08001a6f   Thumb Code    48  gd32f30x_adc.o(i.adc_external_trigger_source_config)
    adc_mode_config                          0x08001aa1   Thumb Code    22  gd32f30x_adc.o(i.adc_mode_config)
    adc_regular_channel_config               0x08001abd   Thumb Code   172  gd32f30x_adc.o(i.adc_regular_channel_config)
    adc_special_function_config              0x08001b69   Thumb Code    90  gd32f30x_adc.o(i.adc_special_function_config)
    angle_unwrapper_init                     0x08001bc3   Thumb Code    14  get_angle_from_hall.o(i.angle_unwrapper_init)
    angle_unwrapper_update                   0x08001bd1   Thumb Code    92  get_angle_from_hall.o(i.angle_unwrapper_update)
    constrain_float                          0x08001c39   Thumb Code    42  foc_control.o(i.constrain_float)
    delay_1ms                                0x08001c65   Thumb Code    16  systick.o(i.delay_1ms)
    delay_decrement                          0x08001c79   Thumb Code    18  systick.o(i.delay_decrement)
    dma_channel_enable                       0x08001c91   Thumb Code    50  gd32f30x_dma.o(i.dma_channel_enable)
    dma_circulation_enable                   0x08001cc3   Thumb Code    50  gd32f30x_dma.o(i.dma_circulation_enable)
    dma_config                               0x08001cf5   Thumb Code    92  adc.o(i.dma_config)
    dma_deinit                               0x08001d5d   Thumb Code   112  gd32f30x_dma.o(i.dma_deinit)
    dma_init                                 0x08001dcd   Thumb Code   302  gd32f30x_dma.o(i.dma_init)
    dma_interrupt_enable                     0x08001efb   Thumb Code    50  gd32f30x_dma.o(i.dma_interrupt_enable)
    dma_interrupt_flag_clear                 0x08001f2d   Thumb Code    16  gd32f30x_dma.o(i.dma_interrupt_flag_clear)
    dma_interrupt_flag_get                   0x08001f3d   Thumb Code   130  gd32f30x_dma.o(i.dma_interrupt_flag_get)
    foc_control_task                         0x08001fd9   Thumb Code   346  foc_control.o(i.foc_control_task)
    fputc                                    0x0800214d   Thumb Code    32  uart.o(i.fputc)
    gd_eval_com_init                         0x08002171   Thumb Code   122  gd32f303c_eval.o(i.gd_eval_com_init)
    get_angle_120deg                         0x08002209   Thumb Code    30  get_angle_from_hall.o(i.get_angle_120deg)
    get_angle_from_120deg                    0x0800222d   Thumb Code   210  get_angle_from_hall.o(i.get_angle_from_120deg)
    get_electrical_angle_unwrapped           0x08002309   Thumb Code    82  get_angle_from_hall.o(i.get_electrical_angle_unwrapped)
    gpio_config                              0x08002361   Thumb Code    72  gpio.o(i.gpio_config)
    gpio_init                                0x080023b1   Thumb Code   188  gd32f30x_gpio.o(i.gpio_init)
    hall_adc_init                            0x0800246d   Thumb Code   226  adc.o(i.hall_adc_init)
    hall_adc_timer_init                      0x0800255d   Thumb Code    74  adc_timer.o(i.hall_adc_timer_init)
    hall_calibration_apply                   0x080025ad   Thumb Code    32  automatic_calibration.o(i.hall_calibration_apply)
    hall_calibration_start                   0x080025d1   Thumb Code    98  automatic_calibration.o(i.hall_calibration_start)
    main                                     0x08002659   Thumb Code   208  main.o(i.main)
    nvic_irq_enable                          0x08002785   Thumb Code   186  gd32f30x_misc.o(i.nvic_irq_enable)
    nvic_priority_group_set                  0x08002849   Thumb Code    10  gd32f30x_misc.o(i.nvic_priority_group_set)
    rcu_adc_clock_config                     0x0800285d   Thumb Code    98  gd32f30x_rcu.o(i.rcu_adc_clock_config)
    rcu_clock_freq_get                       0x080028c9   Thumb Code   310  gd32f30x_rcu.o(i.rcu_clock_freq_get)
    rcu_periph_clock_enable                  0x08002a21   Thumb Code    28  gd32f30x_rcu.o(i.rcu_periph_clock_enable)
    rcu_periph_reset_disable                 0x08002a41   Thumb Code    28  gd32f30x_rcu.o(i.rcu_periph_reset_disable)
    rcu_periph_reset_enable                  0x08002a61   Thumb Code    28  gd32f30x_rcu.o(i.rcu_periph_reset_enable)
    systick_config                           0x08002ba5   Thumb Code    74  systick.o(i.systick_config)
    timer0_config                            0x08002bf5   Thumb Code   230  timer.o(i.timer0_config)
    timer1_config                            0x08002ce1   Thumb Code   244  timer.o(i.timer1_config)
    timer_auto_reload_shadow_enable          0x08002dd5   Thumb Code    10  gd32f30x_timer.o(i.timer_auto_reload_shadow_enable)
    timer_channel_output_config              0x08002de1   Thumb Code   484  gd32f30x_timer.o(i.timer_channel_output_config)
    timer_channel_output_mode_config         0x08002fcd   Thumb Code    90  gd32f30x_timer.o(i.timer_channel_output_mode_config)
    timer_channel_output_pulse_value_config  0x08003027   Thumb Code    38  gd32f30x_timer.o(i.timer_channel_output_pulse_value_config)
    timer_channel_output_shadow_config       0x0800304d   Thumb Code    90  gd32f30x_timer.o(i.timer_channel_output_shadow_config)
    timer_config_init                        0x080030a7   Thumb Code    12  timer.o(i.timer_config_init)
    timer_deinit                             0x080030b5   Thumb Code   210  gd32f30x_timer.o(i.timer_deinit)
    timer_enable                             0x08003191   Thumb Code    10  gd32f30x_timer.o(i.timer_enable)
    timer_init                               0x0800319d   Thumb Code   122  gd32f30x_timer.o(i.timer_init)
    timer_master_output_trigger_source_select 0x08003235   Thumb Code    16  gd32f30x_timer.o(i.timer_master_output_trigger_source_select)
    timer_primary_output_config              0x08003245   Thumb Code    24  gd32f30x_timer.o(i.timer_primary_output_config)
    timer_struct_para_init                   0x0800325d   Thumb Code    22  gd32f30x_timer.o(i.timer_struct_para_init)
    usart_baudrate_set                       0x08003275   Thumb Code   136  gd32f30x_usart.o(i.usart_baudrate_set)
    usart_data_receive                       0x08003305   Thumb Code    10  gd32f30x_usart.o(i.usart_data_receive)
    usart_data_transmit                      0x0800330f   Thumb Code     8  gd32f30x_usart.o(i.usart_data_transmit)
    usart_deinit                             0x08003319   Thumb Code   136  gd32f30x_usart.o(i.usart_deinit)
    usart_enable                             0x080033a9   Thumb Code    10  gd32f30x_usart.o(i.usart_enable)
    usart_flag_get                           0x080033b3   Thumb Code    30  gd32f30x_usart.o(i.usart_flag_get)
    usart_interrupt_enable                   0x080033d1   Thumb Code    26  gd32f30x_usart.o(i.usart_interrupt_enable)
    usart_interrupt_flag_clear               0x080033eb   Thumb Code    18  gd32f30x_usart.o(i.usart_interrupt_flag_clear)
    usart_interrupt_flag_get                 0x080033fd   Thumb Code    56  gd32f30x_usart.o(i.usart_interrupt_flag_get)
    usart_receive_config                     0x08003435   Thumb Code    20  gd32f30x_usart.o(i.usart_receive_config)
    usart_transmit_config                    0x08003449   Thumb Code    20  gd32f30x_usart.o(i.usart_transmit_config)
    Region$$Table$$Base                      0x0800347c   Number         0  anon$$obj.o(Region$$Table)
    Region$$Table$$Limit                     0x0800349c   Number         0  anon$$obj.o(Region$$Table)
    set_lowpass_para                         0x20000000   Data           4  main.o(.data)
    g_start_flag                             0x20000004   Data           1  main.o(.data)
    hall_a_raw                               0x20000008   Data           4  main.o(.data)
    hall_b_raw                               0x2000000c   Data           4  main.o(.data)
    dma_transfer_complete                    0x20000010   Data           1  gd32f30x_it.o(.data)
    sysTickUptime                            0x20000018   Data           4  systick.o(.data)
    tx_counter                               0x2000001c   Data           2  uart.o(.data)
    rx_counter                               0x2000001e   Data           2  uart.o(.data)
    transfer_status                          0x20000020   Data           1  uart.o(.data)
    SystemCoreClock                          0x20000028   Data           4  system_gd32f30x.o(.data)
    adc_value                                0x200000ac   Data           8  adc.o(.data)
    voltage_power_supply                     0x200000b4   Data           1  foc_control.o(.data)
    electrical_angle                         0x200000bc   Data           4  get_angle_from_hall.o(.data)
    angle_ready                              0x200000c0   Data           1  get_angle_from_hall.o(.data)
    __stdout                                 0x200000c4   Data           4  stdout.o(.data)
    tx_buffer                                0x200000cc   Data          10  uart.o(.bss)
    rx_buffer                                0x200000d6   Data          10  uart.o(.bss)
    Record_Buffer                            0x200000e0   Data       24000  debug_print_log.o(.bss)
    hall_a_cal                               0x20005ea0   Data          28  automatic_calibration.o(.bss)
    hall_b_cal                               0x20005ebc   Data          28  automatic_calibration.o(.bss)
    angle_record                             0x20005ed8   Data          12  get_angle_from_hall.o(.bss)
    __initial_sp                             0x200062e8   Data           0  startup_gd32f30x_hd.o(STACK)



==============================================================================

Memory Map of the image

  Image Entry point : 0x08000131

  Load Region LR_IROM1 (Base: 0x08000000, Size: 0x00003568, Max: 0x00040000, ABSOLUTE)

    Execution Region ER_IROM1 (Exec base: 0x08000000, Load base: 0x08000000, Size: 0x0000349c, Max: 0x00040000, ABSOLUTE)

    Exec Addr    Load Addr    Size         Type   Attr      Idx    E Section Name        Object

    0x08000000   0x08000000   0x00000130   Data   RO         4840    RESET               startup_gd32f30x_hd.o
    0x08000130   0x08000130   0x00000000   Code   RO         5102  * .ARM.Collect$$$$00000000  mc_w.l(entry.o)
    0x08000130   0x08000130   0x00000004   Code   RO         5389    .ARM.Collect$$$$00000001  mc_w.l(entry2.o)
    0x08000134   0x08000134   0x00000004   Code   RO         5392    .ARM.Collect$$$$00000004  mc_w.l(entry5.o)
    0x08000138   0x08000138   0x00000000   Code   RO         5394    .ARM.Collect$$$$00000008  mc_w.l(entry7b.o)
    0x08000138   0x08000138   0x00000000   Code   RO         5396    .ARM.Collect$$$$0000000A  mc_w.l(entry8b.o)
    0x08000138   0x08000138   0x00000008   Code   RO         5397    .ARM.Collect$$$$0000000B  mc_w.l(entry9a.o)
    0x08000140   0x08000140   0x00000004   Code   RO         5404    .ARM.Collect$$$$0000000E  mc_w.l(entry12b.o)
    0x08000144   0x08000144   0x00000000   Code   RO         5399    .ARM.Collect$$$$0000000F  mc_w.l(entry10a.o)
    0x08000144   0x08000144   0x00000000   Code   RO         5401    .ARM.Collect$$$$00000011  mc_w.l(entry11a.o)
    0x08000144   0x08000144   0x00000004   Code   RO         5390    .ARM.Collect$$$$00002712  mc_w.l(entry2.o)
    0x08000148   0x08000148   0x00000024   Code   RO         4841    .text               startup_gd32f30x_hd.o
    0x0800016c   0x0800016c   0x00000062   Code   RO         5105    .text               mc_w.l(uldiv.o)
    0x080001ce   0x080001ce   0x00000026   Code   RO         5368    .text               mf_w.l(f2d.o)
    0x080001f4   0x080001f4   0x0000002c   Code   RO         5406    .text               mc_w.l(uidiv.o)
    0x08000220   0x08000220   0x0000001e   Code   RO         5408    .text               mc_w.l(llshl.o)
    0x0800023e   0x0800023e   0x00000020   Code   RO         5410    .text               mc_w.l(llushr.o)
    0x0800025e   0x0800025e   0x00000000   Code   RO         5419    .text               mc_w.l(iusefp.o)
    0x0800025e   0x0800025e   0x0000014e   Code   RO         5420    .text               mf_w.l(dadd.o)
    0x080003ac   0x080003ac   0x000000e4   Code   RO         5422    .text               mf_w.l(dmul.o)
    0x08000490   0x08000490   0x000000de   Code   RO         5424    .text               mf_w.l(ddiv.o)
    0x0800056e   0x0800056e   0x00000030   Code   RO         5426    .text               mf_w.l(dfixul.o)
    0x0800059e   0x0800059e   0x00000002   PAD
    0x080005a0   0x080005a0   0x00000030   Code   RO         5428    .text               mf_w.l(cdrcmple.o)
    0x080005d0   0x080005d0   0x00000024   Code   RO         5430    .text               mc_w.l(init.o)
    0x080005f4   0x080005f4   0x00000024   Code   RO         5432    .text               mc_w.l(llsshr.o)
    0x08000618   0x08000618   0x000000ba   Code   RO         5434    .text               mf_w.l(depilogue.o)
    0x080006d2   0x080006d2   0x00000004   Code   RO          193    i.BusFault_Handler  gd32f30x_it.o
    0x080006d6   0x080006d6   0x00000002   PAD
    0x080006d8   0x080006d8   0x00000028   Code   RO          194    i.DMA0_Channel0_IRQHandler  gd32f30x_it.o
    0x08000700   0x08000700   0x00000002   Code   RO          195    i.DebugMon_Handler  gd32f30x_it.o
    0x08000702   0x08000702   0x00000004   Code   RO          196    i.HardFault_Handler  gd32f30x_it.o
    0x08000706   0x08000706   0x00000004   Code   RO          197    i.MemManage_Handler  gd32f30x_it.o
    0x0800070a   0x0800070a   0x00000002   PAD
    0x0800070c   0x0800070c   0x0000000c   Code   RO          360    i.Moto0_U_Enable    timer.o
    0x08000718   0x08000718   0x00000010   Code   RO          376    i.Moto1_U_Set_Val   timer.o
    0x08000728   0x08000728   0x00000010   Code   RO          381    i.Moto1_V_Set_Val   timer.o
    0x08000738   0x08000738   0x00000012   Code   RO          386    i.Moto1_W_Set_Val   timer.o
    0x0800074a   0x0800074a   0x00000002   Code   RO          198    i.NMI_Handler       gd32f30x_it.o
    0x0800074c   0x0800074c   0x00000028   Code   RO          287    i.NVIC_SetPriority  systick.o
    0x08000774   0x08000774   0x00000002   Code   RO          199    i.PendSV_Handler    gd32f30x_it.o
    0x08000776   0x08000776   0x00000002   PAD
    0x08000778   0x08000778   0x000000f0   Code   RO          603    i.RecordPrintLog    debug_print_log.o
    0x08000868   0x08000868   0x00000002   Code   RO          200    i.SVC_Handler       gd32f30x_it.o
    0x0800086a   0x0800086a   0x00000002   PAD
    0x0800086c   0x0800086c   0x00000018   Code   RO          201    i.SysTick_Handler   gd32f30x_it.o
    0x08000884   0x08000884   0x00000148   Code   RO          633    i.SystemInit        system_gd32f30x.o
    0x080009cc   0x080009cc   0x00000048   Code   RO          202    i.USART0_IRQHandler  gd32f30x_it.o
    0x08000a14   0x08000a14   0x00000024   Code   RO          569    i.Uart_Init         uart.o
    0x08000a38   0x08000a38   0x00000004   Code   RO          203    i.UsageFault_Handler  gd32f30x_it.o
    0x08000a3c   0x08000a3c   0x00000020   Code   RO         5340    i.__0printf         mc_w.l(printfa.o)
    0x08000a5c   0x08000a5c   0x00000026   Code   RO         5370    i.__ARM_fpclassifyf  m_wm.l(fpclassifyf.o)
    0x08000a82   0x08000a82   0x00000002   PAD
    0x08000a84   0x08000a84   0x000002ac   Code   RO         5066    i.__hardfp_atan2f   m_wm.l(atan2f.o)
    0x08000d30   0x08000d30   0x00000150   Code   RO         5078    i.__hardfp_cosf     m_wm.l(cosf.o)
    0x08000e80   0x08000e80   0x0000003a   Code   RO         5090    i.__hardfp_sqrtf    m_wm.l(sqrtf.o)
    0x08000eba   0x08000eba   0x00000006   Code   RO         5373    i.__mathlib_flt_infnan  m_wm.l(funder.o)
    0x08000ec0   0x08000ec0   0x00000006   Code   RO         5374    i.__mathlib_flt_infnan2  m_wm.l(funder.o)
    0x08000ec6   0x08000ec6   0x00000002   PAD
    0x08000ec8   0x08000ec8   0x00000010   Code   RO         5375    i.__mathlib_flt_invalid  m_wm.l(funder.o)
    0x08000ed8   0x08000ed8   0x00000010   Code   RO         5378    i.__mathlib_flt_underflow  m_wm.l(funder.o)
    0x08000ee8   0x08000ee8   0x00000154   Code   RO         5386    i.__mathlib_rredf2  m_wm.l(rredf.o)
    0x0800103c   0x0800103c   0x0000000e   Code   RO         5438    i.__scatterload_copy  mc_w.l(handlers.o)
    0x0800104a   0x0800104a   0x00000002   Code   RO         5439    i.__scatterload_null  mc_w.l(handlers.o)
    0x0800104c   0x0800104c   0x0000000e   Code   RO         5440    i.__scatterload_zeroinit  mc_w.l(handlers.o)
    0x0800105a   0x0800105a   0x00000002   PAD
    0x0800105c   0x0800105c   0x0000000c   Code   RO         5414    i.__set_errno       mc_w.l(errno.o)
    0x08001068   0x08001068   0x00000184   Code   RO         5347    i._fp_digits        mc_w.l(printfa.o)
    0x080011ec   0x080011ec   0x000006b4   Code   RO         5348    i._printf_core      mc_w.l(printfa.o)
    0x080018a0   0x080018a0   0x00000024   Code   RO         5349    i._printf_post_padding  mc_w.l(printfa.o)
    0x080018c4   0x080018c4   0x0000002e   Code   RO         5350    i._printf_pre_padding  mc_w.l(printfa.o)
    0x080018f2   0x080018f2   0x0000001c   Code   RO          634    i._soft_delay_      system_gd32f30x.o
    0x0800190e   0x0800190e   0x0000002a   Code   RO          773    i.adc_calibration_enable  gd32f30x_adc.o
    0x08001938   0x08001938   0x00000046   Code   RO          774    i.adc_channel_length_config  gd32f30x_adc.o
    0x0800197e   0x0800197e   0x00000002   PAD
    0x08001980   0x08001980   0x00000024   Code   RO         4929    i.adc_config_init   adc.o
    0x080019a4   0x080019a4   0x00000016   Code   RO          775    i.adc_data_alignment_config  gd32f30x_adc.o
    0x080019ba   0x080019ba   0x00000002   PAD
    0x080019bc   0x080019bc   0x00000058   Code   RO          776    i.adc_deinit        gd32f30x_adc.o
    0x08001a14   0x08001a14   0x0000000a   Code   RO          780    i.adc_dma_mode_enable  gd32f30x_adc.o
    0x08001a1e   0x08001a1e   0x00000012   Code   RO          781    i.adc_enable        gd32f30x_adc.o
    0x08001a30   0x08001a30   0x0000003e   Code   RO          782    i.adc_external_trigger_config  gd32f30x_adc.o
    0x08001a6e   0x08001a6e   0x00000030   Code   RO          783    i.adc_external_trigger_source_config  gd32f30x_adc.o
    0x08001a9e   0x08001a9e   0x00000002   PAD
    0x08001aa0   0x08001aa0   0x0000001c   Code   RO          793    i.adc_mode_config   gd32f30x_adc.o
    0x08001abc   0x08001abc   0x000000ac   Code   RO          797    i.adc_regular_channel_config  gd32f30x_adc.o
    0x08001b68   0x08001b68   0x0000005a   Code   RO          801    i.adc_special_function_config  gd32f30x_adc.o
    0x08001bc2   0x08001bc2   0x0000000e   Code   RO         5016    i.angle_unwrapper_init  get_angle_from_hall.o
    0x08001bd0   0x08001bd0   0x00000068   Code   RO         5017    i.angle_unwrapper_update  get_angle_from_hall.o
    0x08001c38   0x08001c38   0x0000002a   Code   RO         4987    i.constrain_float   foc_control.o
    0x08001c62   0x08001c62   0x00000002   PAD
    0x08001c64   0x08001c64   0x00000014   Code   RO          289    i.delay_1ms         systick.o
    0x08001c78   0x08001c78   0x00000018   Code   RO          290    i.delay_decrement   systick.o
    0x08001c90   0x08001c90   0x00000032   Code   RO         1797    i.dma_channel_enable  gd32f30x_dma.o
    0x08001cc2   0x08001cc2   0x00000032   Code   RO         1799    i.dma_circulation_enable  gd32f30x_dma.o
    0x08001cf4   0x08001cf4   0x00000068   Code   RO         4930    i.dma_config        adc.o
    0x08001d5c   0x08001d5c   0x00000070   Code   RO         1800    i.dma_deinit        gd32f30x_dma.o
    0x08001dcc   0x08001dcc   0x0000012e   Code   RO         1803    i.dma_init          gd32f30x_dma.o
    0x08001efa   0x08001efa   0x00000032   Code   RO         1805    i.dma_interrupt_enable  gd32f30x_dma.o
    0x08001f2c   0x08001f2c   0x00000010   Code   RO         1806    i.dma_interrupt_flag_clear  gd32f30x_dma.o
    0x08001f3c   0x08001f3c   0x00000082   Code   RO         1807    i.dma_interrupt_flag_get  gd32f30x_dma.o
    0x08001fbe   0x08001fbe   0x00000002   PAD
    0x08001fc0   0x08001fc0   0x00000018   Code   RO         1815    i.dma_periph_and_channel_check  gd32f30x_dma.o
    0x08001fd8   0x08001fd8   0x00000174   Code   RO         4988    i.foc_control_task  foc_control.o
    0x0800214c   0x0800214c   0x00000024   Code   RO          570    i.fputc             uart.o
    0x08002170   0x08002170   0x00000098   Code   RO         4779    i.gd_eval_com_init  gd32f303c_eval.o
    0x08002208   0x08002208   0x00000024   Code   RO         5018    i.get_angle_120deg  get_angle_from_hall.o
    0x0800222c   0x0800222c   0x000000dc   Code   RO         5019    i.get_angle_from_120deg  get_angle_from_hall.o
    0x08002308   0x08002308   0x00000058   Code   RO         5020    i.get_electrical_angle_unwrapped  get_angle_from_hall.o
    0x08002360   0x08002360   0x00000050   Code   RO          337    i.gpio_config       gpio.o
    0x080023b0   0x080023b0   0x000000bc   Code   RO         2547    i.gpio_init         gd32f30x_gpio.o
    0x0800246c   0x0800246c   0x000000f0   Code   RO         4931    i.hall_adc_init     adc.o
    0x0800255c   0x0800255c   0x00000050   Code   RO         4967    i.hall_adc_timer_init  adc_timer.o
    0x080025ac   0x080025ac   0x00000024   Code   RO         4847    i.hall_calibration_apply  automatic_calibration.o
    0x080025d0   0x080025d0   0x00000088   Code   RO         4850    i.hall_calibration_start  automatic_calibration.o
    0x08002658   0x08002658   0x0000012c   Code   RO            3    i.main              main.o
    0x08002784   0x08002784   0x000000c4   Code   RO         2871    i.nvic_irq_enable   gd32f30x_misc.o
    0x08002848   0x08002848   0x00000014   Code   RO         2872    i.nvic_priority_group_set  gd32f30x_misc.o
    0x0800285c   0x0800285c   0x0000006c   Code   RO         3067    i.rcu_adc_clock_config  gd32f30x_rcu.o
    0x080028c8   0x080028c8   0x00000158   Code   RO         3076    i.rcu_clock_freq_get  gd32f30x_rcu.o
    0x08002a20   0x08002a20   0x00000020   Code   RO         3094    i.rcu_periph_clock_enable  gd32f30x_rcu.o
    0x08002a40   0x08002a40   0x00000020   Code   RO         3097    i.rcu_periph_reset_disable  gd32f30x_rcu.o
    0x08002a60   0x08002a60   0x00000020   Code   RO         3098    i.rcu_periph_reset_enable  gd32f30x_rcu.o
    0x08002a80   0x08002a80   0x0000011c   Code   RO          636    i.system_clock_120m_hxtal  system_gd32f30x.o
    0x08002b9c   0x08002b9c   0x00000008   Code   RO          637    i.system_clock_config  system_gd32f30x.o
    0x08002ba4   0x08002ba4   0x00000050   Code   RO          291    i.systick_config    systick.o
    0x08002bf4   0x08002bf4   0x000000ec   Code   RO          387    i.timer0_config     timer.o
    0x08002ce0   0x08002ce0   0x000000f4   Code   RO          388    i.timer1_config     timer.o
    0x08002dd4   0x08002dd4   0x0000000a   Code   RO         3964    i.timer_auto_reload_shadow_enable  gd32f30x_timer.o
    0x08002dde   0x08002dde   0x00000002   PAD
    0x08002de0   0x08002de0   0x000001ec   Code   RO         3981    i.timer_channel_output_config  gd32f30x_timer.o
    0x08002fcc   0x08002fcc   0x0000005a   Code   RO         3983    i.timer_channel_output_mode_config  gd32f30x_timer.o
    0x08003026   0x08003026   0x00000026   Code   RO         3985    i.timer_channel_output_pulse_value_config  gd32f30x_timer.o
    0x0800304c   0x0800304c   0x0000005a   Code   RO         3986    i.timer_channel_output_shadow_config  gd32f30x_timer.o
    0x080030a6   0x080030a6   0x0000000c   Code   RO          389    i.timer_config_init  timer.o
    0x080030b2   0x080030b2   0x00000002   PAD
    0x080030b4   0x080030b4   0x000000dc   Code   RO         3994    i.timer_deinit      gd32f30x_timer.o
    0x08003190   0x08003190   0x0000000a   Code   RO         3999    i.timer_enable      gd32f30x_timer.o
    0x0800319a   0x0800319a   0x00000002   PAD
    0x0800319c   0x0800319c   0x00000098   Code   RO         4009    i.timer_init        gd32f30x_timer.o
    0x08003234   0x08003234   0x00000010   Code   RO         4019    i.timer_master_output_trigger_source_select  gd32f30x_timer.o
    0x08003244   0x08003244   0x00000018   Code   RO         4024    i.timer_primary_output_config  gd32f30x_timer.o
    0x0800325c   0x0800325c   0x00000016   Code   RO         4029    i.timer_struct_para_init  gd32f30x_timer.o
    0x08003272   0x08003272   0x00000002   PAD
    0x08003274   0x08003274   0x00000090   Code   RO         4407    i.usart_baudrate_set  gd32f30x_usart.o
    0x08003304   0x08003304   0x0000000a   Code   RO         4410    i.usart_data_receive  gd32f30x_usart.o
    0x0800330e   0x0800330e   0x00000008   Code   RO         4411    i.usart_data_transmit  gd32f30x_usart.o
    0x08003316   0x08003316   0x00000002   PAD
    0x08003318   0x08003318   0x00000090   Code   RO         4412    i.usart_deinit      gd32f30x_usart.o
    0x080033a8   0x080033a8   0x0000000a   Code   RO         4416    i.usart_enable      gd32f30x_usart.o
    0x080033b2   0x080033b2   0x0000001e   Code   RO         4418    i.usart_flag_get    gd32f30x_usart.o
    0x080033d0   0x080033d0   0x0000001a   Code   RO         4425    i.usart_interrupt_enable  gd32f30x_usart.o
    0x080033ea   0x080033ea   0x00000012   Code   RO         4426    i.usart_interrupt_flag_clear  gd32f30x_usart.o
    0x080033fc   0x080033fc   0x00000038   Code   RO         4427    i.usart_interrupt_flag_get  gd32f30x_usart.o
    0x08003434   0x08003434   0x00000014   Code   RO         4440    i.usart_receive_config  gd32f30x_usart.o
    0x08003448   0x08003448   0x00000014   Code   RO         4454    i.usart_transmit_config  gd32f30x_usart.o
    0x0800345c   0x0800345c   0x00000020   Data   RO         5387    .constdata          m_wm.l(rredf.o)
    0x0800347c   0x0800347c   0x00000020   Data   RO         5436    Region$$Table       anon$$obj.o


    Execution Region RW_IRAM1 (Exec base: 0x20000000, Load base: 0x0800349c, Size: 0x000062e8, Max: 0x0000c000, ABSOLUTE)

    Exec Addr    Load Addr    Size         Type   Attr      Idx    E Section Name        Object

    0x20000000   0x0800349c   0x00000010   Data   RW            4    .data               main.o
    0x20000010   0x080034ac   0x00000001   Data   RW          204    .data               gd32f30x_it.o
    0x20000011   0x080034ad   0x00000003   PAD
    0x20000014   0x080034b0   0x00000008   Data   RW          292    .data               systick.o
    0x2000001c   0x080034b8   0x00000005   Data   RW          572    .data               uart.o
    0x20000021   0x080034bd   0x00000001   PAD
    0x20000022   0x080034be   0x00000004   Data   RW          605    .data               debug_print_log.o
    0x20000026   0x080034c2   0x00000002   PAD
    0x20000028   0x080034c4   0x00000004   Data   RW          638    .data               system_gd32f30x.o
    0x2000002c   0x080034c8   0x0000007d   Data   RW         4786    .data               gd32f303c_eval.o
    0x200000a9   0x08003545   0x00000003   PAD
    0x200000ac   0x08003548   0x00000008   Data   RW         4932    .data               adc.o
    0x200000b4   0x08003550   0x00000008   Data   RW         4989    .data               foc_control.o
    0x200000bc   0x08003558   0x00000005   Data   RW         5022    .data               get_angle_from_hall.o
    0x200000c1   0x0800355d   0x00000003   PAD
    0x200000c4   0x08003560   0x00000004   Data   RW         5405    .data               mc_w.l(stdout.o)
    0x200000c8   0x08003564   0x00000004   Data   RW         5415    .data               mc_w.l(errno.o)
    0x200000cc        -       0x00000014   Zero   RW          571    .bss                uart.o
    0x200000e0        -       0x00005dc0   Zero   RW          604    .bss                debug_print_log.o
    0x20005ea0        -       0x00000038   Zero   RW         4852    .bss                automatic_calibration.o
    0x20005ed8        -       0x0000000c   Zero   RW         5021    .bss                get_angle_from_hall.o
    0x20005ee4   0x08003568   0x00000004   PAD
    0x20005ee8        -       0x00000400   Zero   RW         4838    STACK               startup_gd32f30x_hd.o


==============================================================================

Image component sizes


      Code (inc. data)   RO Data    RW Data    ZI Data      Debug   Object Name

       380         30          0          8          0       2263   adc.o
        80          6          0          0          0        582   adc_timer.o
       172         42          0          0         56       2687   automatic_calibration.o
       240         44          0          4      24000       2162   debug_print_log.o
       414         26          0          8          0       1816   foc_control.o
       152         30          0        125          0       1727   gd32f303c_eval.o
       650         10          0          0          0       8205   gd32f30x_adc.o
       734          6          0          0          0      11797   gd32f30x_dma.o
       188          0          0          0          0        984   gd32f30x_gpio.o
       160         32          0          1          0       5892   gd32f30x_it.o
       216         20          0          0          0       1620   gd32f30x_misc.o
       548         68          0          0          0      21279   gd32f30x_rcu.o
      1164         48          0          0          0      24292   gd32f30x_timer.o
       486         16          0          0          0      14887   gd32f30x_usart.o
       462         34          0          5         12       4784   get_angle_from_hall.o
        80          8          0          0          0        494   gpio.o
       300         92          0         16          0      31957   main.o
        36          8        304          0       1024        944   startup_gd32f30x_hd.o
       648         30          0          4          0      30051   system_gd32f30x.o
       164         24          0          8          0      29086   systick.o
       554         10          0          0          0       3887   timer.o
        72          8          0          5         20       1840   uart.o

    ----------------------------------------------------------------------
      7928        592        336        196      25116     203236   Object Totals
         0          0         32          0          0          0   (incl. Generated)
        28          0          0         12          4          0   (incl. Padding)

    ----------------------------------------------------------------------

      Code (inc. data)   RO Data    RW Data    ZI Data      Debug   Library Member Name

       684         90          0          0          0        208   atan2f.o
       336         56          0          0          0        136   cosf.o
        38          0          0          0          0        116   fpclassifyf.o
        44         12          0          0          0        464   funder.o
       340         24         32          0          0        160   rredf.o
        58          0          0          0          0        136   sqrtf.o
         0          0          0          0          0          0   entry.o
         0          0          0          0          0          0   entry10a.o
         0          0          0          0          0          0   entry11a.o
         4          0          0          0          0          0   entry12b.o
         8          4          0          0          0          0   entry2.o
         4          0          0          0          0          0   entry5.o
         0          0          0          0          0          0   entry7b.o
         0          0          0          0          0          0   entry8b.o
         8          4          0          0          0          0   entry9a.o
        12          6          0          4          0         68   errno.o
        30          0          0          0          0          0   handlers.o
        36          8          0          0          0         68   init.o
         0          0          0          0          0          0   iusefp.o
        30          0          0          0          0         68   llshl.o
        36          0          0          0          0         68   llsshr.o
        32          0          0          0          0         68   llushr.o
      2218         90          0          0          0        464   printfa.o
         0          0          0          4          0          0   stdout.o
        44          0          0          0          0         80   uidiv.o
        98          0          0          0          0         92   uldiv.o
        48          0          0          0          0         68   cdrcmple.o
       334          0          0          0          0        148   dadd.o
       222          0          0          0          0        100   ddiv.o
       186          0          0          0          0        176   depilogue.o
        48          0          0          0          0         68   dfixul.o
       228          0          0          0          0         96   dmul.o
        38          0          0          0          0         68   f2d.o

    ----------------------------------------------------------------------
      5172        294         32          8          0       2920   Library Totals
         8          0          0          0          0          0   (incl. Padding)

    ----------------------------------------------------------------------

      Code (inc. data)   RO Data    RW Data    ZI Data      Debug   Library Name

      1500        182         32          0          0       1220   m_wm.l
      2560        112          0          8          0        976   mc_w.l
      1104          0          0          0          0        724   mf_w.l

    ----------------------------------------------------------------------
      5172        294         32          8          0       2920   Library Totals

    ----------------------------------------------------------------------

==============================================================================


      Code (inc. data)   RO Data    RW Data    ZI Data      Debug   

     13100        886        368        204      25116     196280   Grand Totals
     13100        886        368        204      25116     196280   ELF Image Totals
     13100        886        368        204          0          0   ROM Totals

==============================================================================

    Total RO  Size (Code + RO Data)                13468 (  13.15kB)
    Total RW  Size (RW Data + ZI Data)             25320 (  24.73kB)
    Total ROM Size (Code + RO Data + RW Data)      13672 (  13.35kB)

==============================================================================

